Component: ARM Compiler 5.06 update 6 (build 750) Tool: armlink [4d35ed]

==============================================================================

Section Cross References

    main.o(i.main) refers to main.o(i.rcc_init) for rcc_init
    main.o(i.main) refers to hw_config.o(i.Set_System) for Set_System
    main.o(i.main) refers to hw_config.o(i.USB_Interrupts_Config) for USB_Interrupts_Config
    main.o(i.main) refers to hw_config.o(i.Set_USBClock) for Set_USBClock
    main.o(i.main) refers to usb_init.o(i.USB_Init) for USB_Init
    main.o(i.main) refers to delay_tim1.o(i.delay_tim1_init) for delay_tim1_init
    main.o(i.main) refers to led.o(i.led_init) for led_init
    main.o(i.main) refers to adc.o(i.adc1_init) for adc1_init
    main.o(i.main) refers to adc.o(i.touchpad_init) for touchpad_init
    main.o(i.main) refers to hw_config.o(i.TouchPadState) for TouchPadState
    main.o(i.main) refers to hw_config.o(i.TouchPad_Send) for TouchPad_Send
    main.o(i.main) refers to delay_tim1.o(i.delay_ms) for delay_ms
    main.o(i.main) refers to usb_pwr.o(.data) for bDeviceState
    main.o(i.main) refers to main.o(.data) for PrevXferComplete
    hw_config.o(i.Get_SerialNum) refers to hw_config.o(i.IntToUnicode) for IntToUnicode
    hw_config.o(i.Get_SerialNum) refers to usb_desc.o(.data) for TouchPad_StringSerial
    hw_config.o(i.Leave_LowPowerMode) refers to usb_init.o(.bss) for Device_Info
    hw_config.o(i.Leave_LowPowerMode) refers to usb_pwr.o(.data) for bDeviceState
    hw_config.o(i.TouchPadState) refers to hw_config.o(.data) for state_right
    hw_config.o(i.TouchPad_Send) refers to usb_sil.o(i.USB_SIL_Write) for USB_SIL_Write
    hw_config.o(i.TouchPad_Send) refers to usb_regs.o(i.SetEPTxValid) for SetEPTxValid
    hw_config.o(i.TouchPad_Send) refers to main.o(.data) for PrevXferComplete
    stm32_it.o(i.USB_LP_CAN1_RX0_IRQHandler) refers to usb_istr.o(i.USB_Istr) for USB_Istr
    usb_endp.o(i.EP1_IN_Callback) refers to main.o(.data) for PrevXferComplete
    usb_istr.o(i.USB_Istr) refers to usb_int.o(i.CTR_LP) for CTR_LP
    usb_istr.o(i.USB_Istr) refers to usb_pwr.o(i.Resume) for Resume
    usb_istr.o(i.USB_Istr) refers to usb_pwr.o(i.Suspend) for Suspend
    usb_istr.o(i.USB_Istr) refers to usb_istr.o(.data) for wIstr
    usb_istr.o(i.USB_Istr) refers to usb_init.o(.data) for wInterrupt_Mask
    usb_istr.o(i.USB_Istr) refers to usb_prop.o(.data) for Device_Property
    usb_istr.o(i.USB_Istr) refers to usb_pwr.o(.data) for fSuspendEnabled
    usb_istr.o(.data) refers to usb_endp.o(i.EP1_IN_Callback) for EP1_IN_Callback
    usb_istr.o(.data) refers to usb_core.o(i.NOP_Process) for NOP_Process
    usb_prop.o(i.TouchPad_Data_Setup) refers to usb_init.o(.data) for pInformation
    usb_prop.o(i.TouchPad_Data_Setup) refers to usb_prop.o(i.TouchPad_GetReportDescriptor) for TouchPad_GetReportDescriptor
    usb_prop.o(i.TouchPad_Data_Setup) refers to usb_prop.o(i.TouchPad_GetHIDDescriptor) for TouchPad_GetHIDDescriptor
    usb_prop.o(i.TouchPad_Data_Setup) refers to usb_prop.o(i.TouchPad_GetProtocolValue) for TouchPad_GetProtocolValue
    usb_prop.o(i.TouchPad_GetConfigDescriptor) refers to usb_core.o(i.Standard_GetDescriptorData) for Standard_GetDescriptorData
    usb_prop.o(i.TouchPad_GetConfigDescriptor) refers to usb_prop.o(.data) for Config_Descriptor
    usb_prop.o(i.TouchPad_GetDeviceDescriptor) refers to usb_core.o(i.Standard_GetDescriptorData) for Standard_GetDescriptorData
    usb_prop.o(i.TouchPad_GetDeviceDescriptor) refers to usb_prop.o(.data) for Device_Descriptor
    usb_prop.o(i.TouchPad_GetHIDDescriptor) refers to usb_core.o(i.Standard_GetDescriptorData) for Standard_GetDescriptorData
    usb_prop.o(i.TouchPad_GetHIDDescriptor) refers to usb_prop.o(.data) for Mouse_Hid_Descriptor
    usb_prop.o(i.TouchPad_GetProtocolValue) refers to usb_init.o(.data) for pInformation
    usb_prop.o(i.TouchPad_GetProtocolValue) refers to usb_prop.o(.data) for ProtocolValue
    usb_prop.o(i.TouchPad_GetReportDescriptor) refers to usb_core.o(i.Standard_GetDescriptorData) for Standard_GetDescriptorData
    usb_prop.o(i.TouchPad_GetReportDescriptor) refers to usb_prop.o(.data) for TouchPad_Report_Descriptor
    usb_prop.o(i.TouchPad_GetStringDescriptor) refers to usb_core.o(i.Standard_GetDescriptorData) for Standard_GetDescriptorData
    usb_prop.o(i.TouchPad_GetStringDescriptor) refers to usb_init.o(.data) for pInformation
    usb_prop.o(i.TouchPad_GetStringDescriptor) refers to usb_prop.o(.data) for String_Descriptor
    usb_prop.o(i.TouchPad_NoData_Setup) refers to usb_prop.o(i.TouchPad_SetProtocol) for TouchPad_SetProtocol
    usb_prop.o(i.TouchPad_NoData_Setup) refers to usb_init.o(.data) for pInformation
    usb_prop.o(i.TouchPad_Reset) refers to usb_regs.o(i.SetBTABLE) for SetBTABLE
    usb_prop.o(i.TouchPad_Reset) refers to usb_regs.o(i.SetEPType) for SetEPType
    usb_prop.o(i.TouchPad_Reset) refers to usb_regs.o(i.SetEPTxStatus) for SetEPTxStatus
[...]
    usb_core.o(i.Standard_SetConfiguration) refers to usb_prop.o(.data) for Device_Table
    usb_core.o(i.Standard_SetDeviceFeature) refers to usb_init.o(.data) for pInformation
    usb_core.o(i.Standard_SetEndPointFeature) refers to usb_init.o(.data) for pInformation
    usb_core.o(i.Standard_SetEndPointFeature) refers to usb_prop.o(.data) for Device_Table
    usb_core.o(i.Standard_SetInterface) refers to usb_init.o(.data) for pInformation
    usb_init.o(i.USB_Init) refers to usb_init.o(.bss) for Device_Info
    usb_init.o(i.USB_Init) refers to usb_init.o(.data) for pInformation
    usb_init.o(i.USB_Init) refers to usb_prop.o(.data) for Device_Property
    usb_int.o(i.CTR_HP) refers to usb_istr.o(.data) for wIstr
    usb_int.o(i.CTR_HP) refers to usb_init.o(.data) for EPindex
    usb_int.o(i.CTR_LP) refers to usb_core.o(i.In0_Process) for In0_Process
    usb_int.o(i.CTR_LP) refers to usb_core.o(i.Setup0_Process) for Setup0_Process
    usb_int.o(i.CTR_LP) refers to usb_core.o(i.Out0_Process) for Out0_Process
    usb_int.o(i.CTR_LP) refers to usb_istr.o(.data) for wIstr
    usb_int.o(i.CTR_LP) refers to usb_init.o(.data) for EPindex
    usb_int.o(i.CTR_LP) refers to usb_int.o(.data) for SaveRState
    usb_regs.o(i.SetDouBleBuffEPStall) refers to usb_regs.o(i.GetENDPOINT) for GetENDPOINT
    usb_sil.o(i.USB_SIL_Init) refers to usb_init.o(.data) for wInterrupt_Mask
    usb_sil.o(i.USB_SIL_Read) refers to usb_regs.o(i.GetEPRxCount) for GetEPRxCount
    usb_sil.o(i.USB_SIL_Read) refers to usb_regs.o(i.GetEPRxAddr) for GetEPRxAddr
    usb_sil.o(i.USB_SIL_Read) refers to usb_mem.o(i.PMAToUserBufferCopy) for PMAToUserBufferCopy
    usb_sil.o(i.USB_SIL_Write) refers to usb_regs.o(i.GetEPTxAddr) for GetEPTxAddr
    usb_sil.o(i.USB_SIL_Write) refers to usb_mem.o(i.UserToPMABufferCopy) for UserToPMABufferCopy
    usb_sil.o(i.USB_SIL_Write) refers to usb_regs.o(i.SetEPTxCount) for SetEPTxCount
    __main.o(!!!main) refers to __rtentry.o(.ARM.Collect$$rtentry$$00000000) for __rt_entry
    __rtentry.o(.ARM.Collect$$rtentry$$00000000) refers (Special) to __rtentry2.o(.ARM.Collect$$rtentry$$0000000A) for __rt_entry_li
    __rtentry.o(.ARM.Collect$$rtentry$$00000000) refers (Special) to __rtentry2.o(.ARM.Collect$$rtentry$$0000000D) for __rt_entry_main
    __rtentry.o(.ARM.Collect$$rtentry$$00000000) refers (Special) to __rtentry2.o(.ARM.Collect$$rtentry$$0000000C) for __rt_entry_postli_1
    __rtentry.o(.ARM.Collect$$rtentry$$00000000) refers (Special) to __rtentry2.o(.ARM.Collect$$rtentry$$00000009) for __rt_entry_postsh_1
    __rtentry.o(.ARM.Collect$$rtentry$$00000000) refers (Special) to __rtentry2.o(.ARM.Collect$$rtentry$$00000002) for __rt_entry_presh_1
    __rtentry.o(.ARM.Collect$$rtentry$$00000000) refers (Special) to __rtentry4.o(.ARM.Collect$$rtentry$$00000004) for __rt_entry_sh
    __rtentry2.o(.ARM.Collect$$rtentry$$00000008) refers to boardinit2.o(.text) for _platform_post_stackheap_init
    __rtentry2.o(.ARM.Collect$$rtentry$$0000000A) refers to libinit.o(.ARM.Collect$$libinit$$00000000) for __rt_lib_init
    __rtentry2.o(.ARM.Collect$$rtentry$$0000000B) refers to boardinit3.o(.text) for _platform_post_lib_init
    __rtentry2.o(.ARM.Collect$$rtentry$$0000000D) refers to main.o(i.main) for main
    __rtentry2.o(.ARM.Collect$$rtentry$$0000000D) refers to exit.o(.text) for exit
    __rtentry2.o(.ARM.exidx) refers to __rtentry2.o(.ARM.Collect$$rtentry$$00000001) for .ARM.Collect$$rtentry$$00000001
    __rtentry2.o(.ARM.exidx) refers to __rtentry2.o(.ARM.Collect$$rtentry$$00000008) for .ARM.Collect$$rtentry$$00000008
    __rtentry2.o(.ARM.exidx) refers to __rtentry2.o(.ARM.Collect$$rtentry$$0000000A) for .ARM.Collect$$rtentry$$0000000A
    __rtentry2.o(.ARM.exidx) refers to __rtentry2.o(.ARM.Collect$$rtentry$$0000000B) for .ARM.Collect$$rtentry$$0000000B
    __rtentry2.o(.ARM.exidx) refers to __rtentry2.o(.ARM.Collect$$rtentry$$0000000D) for .ARM.Collect$$rtentry$$0000000D
    __rtentry4.o(.ARM.Collect$$rtentry$$00000004) refers to sys_stackheap_outer.o(.text) for __user_setup_stackheap
    __rtentry4.o(.ARM.exidx) refers to __rtentry4.o(.ARM.Collect$$rtentry$$00000004) for .ARM.Collect$$rtentry$$00000004
    sys_stackheap_outer.o(.text) refers to libspace.o(.text) for __user_perproc_libspace
    sys_stackheap_outer.o(.text) refers to startup_stm32f10x_md.o(.text) for __user_initial_stackheap
    exit.o(.text) refers to rtexit.o(.ARM.Collect$$rtexit$$00000000) for __rt_exit
    libinit.o(.ARM.Collect$$libinit$$00000000) refers (Special) to libinit2.o(.ARM.Collect$$libinit$$0000002E) for __rt_lib_init_alloca_1
    libinit.o(.ARM.Collect$$libinit$$00000000) refers (Special) to libinit2.o(.ARM.Collect$$libinit$$0000002C) for __rt_lib_init_argv_1
    libinit.o(.ARM.Collect$$libinit$$00000000) refers (Special) to libinit2.o(.ARM.Collect$$libinit$$0000001B) for __rt_lib_init_atexit_1
    libinit.o(.ARM.Collect$$libinit$$00000000) refers (Special) to libinit2.o(.ARM.Collect$$libinit$$00000021) for __rt_lib_init_clock_1
    libinit.o(.ARM.Collect$$libinit$$00000000) refers (Special) to libinit2.o(.ARM.Collect$$libinit$$00000032) for __rt_lib_init_cpp_1
    libinit.o(.ARM.Collect$$libinit$$00000000) refers (Special) to libinit2.o(.ARM.Collect$$libinit$$00000030) for __rt_lib_init_exceptions_1
    libinit.o(.ARM.Collect$$libinit$$00000000) refers (Special) to libinit2.o(.ARM.Collect$$libinit$$00000002) for __rt_lib_init_fp_1
    libinit.o(.ARM.Collect$$libinit$$00000000) refers (Special) to libinit2.o(.ARM.Collect$$libinit$$0000001F) for __rt_lib_init_fp_trap_1
    libinit.o(.ARM.Collect$$libinit$$00000000) refers (Special) to libinit2.o(.ARM.Collect$$libinit$$00000023) for __rt_lib_init_getenv_1
    libinit.o(.ARM.Collect$$libinit$$00000000) refers (Special) to libinit2.o(.ARM.Collect$$libinit$$0000000A) for __rt_lib_init_heap_1
    libinit.o(.ARM.Collect$$libinit$$00000000) refers (Special) to libinit2.o(.ARM.Collect$$libinit$$00000011) for __rt_lib_init_lc_collate_1
    libinit.o(.ARM.Collect$$libinit$$00000000) refers (Special) to libinit2.o(.ARM.Collect$$libinit$$00000013) for __rt_lib_init_lc_ctype_1
    libinit.o(.ARM.Collect$$libinit$$00000000) refers (Special) to libinit2.o(.ARM.Collect$$libinit$$00000015) for __rt_lib_init_lc_monetary_1
    libinit.o(.ARM.Collect$$libinit$$00000000) refers (Special) to libinit2.o(.ARM.Collect$$libinit$$00000017) for __rt_lib_init_lc_numeric_1
    libinit.o(.ARM.Collect$$libinit$$00000000) refers (Special) to libinit2.o(.ARM.Collect$$libinit$$00000019) for __rt_lib_init_lc_time_1
    libinit.o(.ARM.Collect$$libinit$$00000000) refers (Special) to libinit2.o(.ARM.Collect$$libinit$$00000004) for __rt_lib_init_preinit_1
    libinit.o(.ARM.Collect$$libinit$$00000000) refers (Special) to libinit2.o(.ARM.Collect$$libinit$$0000000E) for __rt_lib_init_rand_1
    libinit.o(.ARM.Collect$$libinit$$00000000) refers (Special) to libinit2.o(.ARM.Collect$$libinit$$00000033) for __rt_lib_init_return
    libinit.o(.ARM.Collect$$libinit$$00000000) refers (Special) to libinit2.o(.ARM.Collect$$libinit$$0000001D) for __rt_lib_init_signal_1
    libinit.o(.ARM.Collect$$libinit$$00000000) refers (Special) to libinit2.o(.ARM.Collect$$libinit$$00000025) for __rt_lib_init_stdio_1
    libinit.o(.ARM.Collect$$libinit$$00000000) refers (Special) to libinit2.o(.ARM.Collect$$libinit$$0000000C) for __rt_lib_init_user_alloc_1
    libspace.o(.text) refers to libspace.o(.bss) for __libspace_start
    rtexit.o(.ARM.Collect$$rtexit$$00000000) refers (Special) to rtexit2.o(.ARM.Collect$$rtexit$$00000004) for __rt_exit_exit
    rtexit.o(.ARM.Collect$$rtexit$$00000000) refers (Special) to rtexit2.o(.ARM.Collect$$rtexit$$00000003) for __rt_exit_ls
    rtexit.o(.ARM.Collect$$rtexit$$00000000) refers (Special) to rtexit2.o(.ARM.Collect$$rtexit$$00000002) for __rt_exit_prels_1
    rtexit.o(.ARM.exidx) refers (Special) to rtexit2.o(.ARM.Collect$$rtexit$$00000004) for __rt_exit_exit
    rtexit.o(.ARM.exidx) refers (Special) to rtexit2.o(.ARM.Collect$$rtexit$$00000003) for __rt_exit_ls
    rtexit.o(.ARM.exidx) refers (Special) to rtexit2.o(.ARM.Collect$$rtexit$$00000002) for __rt_exit_prels_1
    rtexit.o(.ARM.exidx) refers to rtexit.o(.ARM.Collect$$rtexit$$00000000) for .ARM.Collect$$rtexit$$00000000
    libinit2.o(.ARM.Collect$$libinit$$00000010) refers to libinit2.o(.ARM.Collect$$libinit$$0000000F) for .ARM.Collect$$libinit$$0000000F
    libinit2.o(.ARM.Collect$$libinit$$00000012) refers to libinit2.o(.ARM.Collect$$libinit$$0000000F) for .ARM.Collect$$libinit$$0000000F
    libinit2.o(.ARM.Collect$$libinit$$00000014) refers to libinit2.o(.ARM.Collect$$libinit$$0000000F) for .ARM.Collect$$libinit$$0000000F
    libinit2.o(.ARM.Collect$$libinit$$00000016) refers to libinit2.o(.ARM.Collect$$libinit$$0000000F) for .ARM.Collect$$libinit$$0000000F
    libinit2.o(.ARM.Collect$$libinit$$00000018) refers to libinit2.o(.ARM.Collect$$libinit$$0000000F) for .ARM.Collect$$libinit$$0000000F
    libinit2.o(.ARM.Collect$$libinit$$00000026) refers to argv_veneer.o(.emb_text) for __ARM_argv_veneer
    libinit2.o(.ARM.Collect$$libinit$$00000027) refers to argv_veneer.o(.emb_text) for __ARM_argv_veneer
    rtexit2.o(.ARM.Collect$$rtexit$$00000003) refers to libshutdown.o(.ARM.Collect$$libshutdown$$00000000) for __rt_lib_shutdown
    rtexit2.o(.ARM.Collect$$rtexit$$00000004) refers to sys_exit.o(.text) for _sys_exit
    rtexit2.o(.ARM.exidx) refers to rtexit2.o(.ARM.Collect$$rtexit$$00000001) for .ARM.Collect$$rtexit$$00000001
    rtexit2.o(.ARM.exidx) refers to rtexit2.o(.ARM.Collect$$rtexit$$00000003) for .ARM.Collect$$rtexit$$00000003
    rtexit2.o(.ARM.exidx) refers to rtexit2.o(.ARM.Collect$$rtexit$$00000004) for .ARM.Collect$$rtexit$$00000004
    argv_veneer.o(.emb_text) refers to no_argv.o(.text) for __ARM_get_argv
    sys_exit.o(.text) refers (Special) to use_no_semi.o(.text) for __I$use$semihosting
    sys_exit.o(.text) refers (Special) to indicate_semi.o(.text) for __semihosting_library_function
    _get_argv_nomalloc.o(.text) refers (Special) to hrguard.o(.text) for __heap_region$guard
    _get_argv_nomalloc.o(.text) refers to defsig_rtmem_outer.o(.text) for __rt_SIGRTMEM
    _get_argv_nomalloc.o(.text) refers to sys_command.o(.text) for _sys_command_string
    libshutdown.o(.ARM.Collect$$libshutdown$$00000000) refers (Special) to libshutdown2.o(.ARM.Collect$$libshutdown$$00000002) for __rt_lib_shutdown_cpp_1
    libshutdown.o(.ARM.Collect$$libshutdown$$00000000) refers (Special) to libshutdown2.o(.ARM.Collect$$libshutdown$$00000007) for __rt_lib_shutdown_fp_trap_1
    libshutdown.o(.ARM.Collect$$libshutdown$$00000000) refers (Special) to libshutdown2.o(.ARM.Collect$$libshutdown$$0000000F) for __rt_lib_shutdown_heap_1
    libshutdown.o(.ARM.Collect$$libshutdown$$00000000) refers (Special) to libshutdown2.o(.ARM.Collect$$libshutdown$$00000010) for __rt_lib_shutdown_return
    libshutdown.o(.ARM.Collect$$libshutdown$$00000000) refers (Special) to libshutdown2.o(.ARM.Collect$$libshutdown$$0000000A) for __rt_lib_shutdown_signal_1
    libshutdown.o(.ARM.Collect$$libshutdown$$00000000) refers (Special) to libshutdown2.o(.ARM.Collect$$libshutdown$$00000004) for __rt_lib_shutdown_stdio_1
    libshutdown.o(.ARM.Collect$$libshutdown$$00000000) refers (Special) to libshutdown2.o(.ARM.Collect$$libshutdown$$0000000C) for __rt_lib_shutdown_user_alloc_1
    sys_command.o(.text) refers (Special) to use_no_semi.o(.text) for __I$use$semihosting
    sys_command.o(.text) refers (Special) to indicate_semi.o(.text) for __semihosting_library_function
    defsig_rtmem_outer.o(.text) refers to defsig_rtmem_inner.o(.text) for __rt_SIGRTMEM_inner
    defsig_rtmem_outer.o(.text) refers to defsig_exit.o(.text) for __sig_exit
    defsig_rtmem_formal.o(.text) refers to rt_raise.o(.text) for __rt_raise
    rt_raise.o(.text) refers to __raise.o(.text) for __raise
    rt_raise.o(.text) refers to sys_exit.o(.text) for _sys_exit
    defsig_exit.o(.text) refers to sys_exit.o(.text) for _sys_exit
    defsig_rtmem_inner.o(.text) refers to defsig_general.o(.text) for __default_signal_display
    __raise.o(.text) refers to defsig.o(CL$$defsig) for __default_signal_handler
    defsig_general.o(.text) refers to sys_wrch.o(.text) for _ttywrch
    sys_wrch.o(.text) refers (Special) to use_no_semi.o(.text) for __I$use$semihosting
    sys_wrch.o(.text) refers (Special) to indicate_semi.o(.text) for __semihosting_library_function
    defsig.o(CL$$defsig) refers to defsig_rtmem_inner.o(.text) for __rt_SIGRTMEM_inner
    defsig_abrt_inner.o(.text) refers to defsig_general.o(.text) for __default_signal_display
    defsig_fpe_inner.o(.text) refers to defsig_general.o(.text) for __default_signal_display
    defsig_rtred_inner.o(.text) refers to defsig_general.o(.text) for __default_signal_display
    defsig_stak_inner.o(.text) refers to defsig_general.o(.text) for __default_signal_display
    defsig_pvfn_inner.o(.text) refers to defsig_general.o(.text) for __default_signal_display
    defsig_cppl_inner.o(.text) refers to defsig_general.o(.text) for __default_signal_display
    defsig_segv_inner.o(.text) refers to defsig_general.o(.text) for __default_signal_display
    defsig_other.o(.text) refers to defsig_general.o(.text) for __default_signal_display


==============================================================================

Removing Unused input sections from the image.

    Removing hw_config.o(i.Leave_LowPowerMode), (32 bytes).
    Removing usb_pwr.o(i.PowerOff), (32 bytes).
    Removing adc.o(i.adc_read), (6 bytes).
    Removing delay_tim1.o(i.delay_us), (68 bytes).
    Removing core_cm3.o(.emb_text), (32 bytes).
    Removing system_stm32f10x.o(i.SystemCoreClockUpdate), (164 bytes).
    Removing usb_int.o(i.CTR_HP), (200 bytes).
    Removing usb_regs.o(i.ClearEPDoubleBuff), (40 bytes).
    Removing usb_regs.o(i.ClearEP_CTR_RX), (36 bytes).
    Removing usb_regs.o(i.ClearEP_CTR_TX), (32 bytes).
    Removing usb_regs.o(i.ClearEP_KIND), (40 bytes).
    Removing usb_regs.o(i.FreeUserBuffer), (84 bytes).
    Removing usb_regs.o(i.GetBTABLE), (12 bytes).
    Removing usb_regs.o(i.GetCNTR), (12 bytes).
    Removing usb_regs.o(i.GetDADDR), (12 bytes).
    Removing usb_regs.o(i.GetENDPOINT), (20 bytes).
    Removing usb_regs.o(i.GetEPAddress), (24 bytes).
    Removing usb_regs.o(i.GetEPDblBuf0Addr), (32 bytes).
    Removing usb_regs.o(i.GetEPDblBuf0Count), (36 bytes).
    Removing usb_regs.o(i.GetEPDblBuf1Addr), (32 bytes).
    Removing usb_regs.o(i.GetEPDblBuf1Count), (36 bytes).
    Removing usb_regs.o(i.GetEPDblBufDir), (72 bytes).
    Removing usb_regs.o(i.GetEPRxCount), (36 bytes).
    Removing usb_regs.o(i.GetEPRxStatus), (24 bytes).
    Removing usb_regs.o(i.GetEPTxCount), (36 bytes).
    Removing usb_regs.o(i.GetEPTxStatus), (24 bytes).
    Removing usb_regs.o(i.GetEPType), (24 bytes).
    Removing usb_regs.o(i.GetFNR), (12 bytes).
    Removing usb_regs.o(i.GetISTR), (12 bytes).
    Removing usb_regs.o(i.GetRxStallStatus), (36 bytes).
    Removing usb_regs.o(i.GetTxStallStatus), (32 bytes).
    Removing usb_regs.o(i.SetCNTR), (12 bytes).
    Removing usb_regs.o(i.SetDADDR), (12 bytes).
    Removing usb_regs.o(i.SetDouBleBuffEPStall), (60 bytes).
    Removing usb_regs.o(i.SetENDPOINT), (16 bytes).
    Removing usb_regs.o(i.SetEPAddress), (44 bytes).
    Removing usb_regs.o(i.SetEPCountRxReg), (48 bytes).
    Removing usb_regs.o(i.SetEPDblBuf0Addr), (32 bytes).
    Removing usb_regs.o(i.SetEPDblBuf0Count), (104 bytes).
    Removing usb_regs.o(i.SetEPDblBuf1Addr), (36 bytes).
    Removing usb_regs.o(i.SetEPDblBuf1Count), (104 bytes).
    Removing usb_regs.o(i.SetEPDblBuffAddr), (52 bytes).
    Removing usb_regs.o(i.SetEPDblBuffCount), (196 bytes).
    Removing usb_regs.o(i.SetEPDoubleBuff), (44 bytes).
    Removing usb_regs.o(i.SetEP_KIND), (44 bytes).
    Removing usb_regs.o(i.Set_Status_Out), (44 bytes).
    Removing usb_regs.o(i.ToWord), (8 bytes).
    Removing usb_regs.o(i.ToggleDTOG_RX), (40 bytes).
    Removing usb_regs.o(i.ToggleDTOG_TX), (40 bytes).
    Removing usb_sil.o(i.USB_SIL_Read), (46 bytes).

50 unused section(s) (total 2272 bytes) removed from the image.

==============================================================================

Image Symbol Table

    Local Symbols

    Symbol Name                              Value     Ov Type        Size  Object(Section)

    ../clib/angel/boardlib.s                 0x00000000   Number         0  boardinit3.o ABSOLUTE
    ../clib/angel/boardlib.s                 0x00000000   Number         0  boardinit1.o ABSOLUTE
    ../clib/angel/boardlib.s                 0x00000000   Number         0  boardinit2.o ABSOLUTE
    ../clib/angel/boardlib.s                 0x00000000   Number         0  boardshut.o ABSOLUTE
    ../clib/angel/dczerorl2.s                0x00000000   Number         0  __dczerorl2.o ABSOLUTE
    ../clib/angel/handlers.s                 0x00000000   Number         0  __scatter_zi.o ABSOLUTE
    ../clib/angel/kernel.s                   0x00000000   Number         0  __rtentry4.o ABSOLUTE
    ../clib/angel/kernel.s                   0x00000000   Number         0  rtexit2.o ABSOLUTE
    ../clib/angel/kernel.s                   0x00000000   Number         0  __rtentry2.o ABSOLUTE
    ../clib/angel/kernel.s                   0x00000000   Number         0  __rtentry.o ABSOLUTE
    ../clib/angel/kernel.s                   0x00000000   Number         0  rtexit.o ABSOLUTE
    ../clib/angel/rt.s                       0x00000000   Number         0  rt_raise.o ABSOLUTE
    ../clib/angel/scatter.s                  0x00000000   Number         0  __scatter.o ABSOLUTE
    ../clib/angel/startup.s                  0x00000000   Number         0  __main.o ABSOLUTE
    ../clib/angel/sys.s                      0x00000000   Number         0  indicate_semi.o ABSOLUTE
    ../clib/angel/sys.s                      0x00000000   Number         0  libspace.o ABSOLUTE
    ../clib/angel/sys.s                      0x00000000   Number         0  use_no_semi.o ABSOLUTE
    ../clib/angel/sys.s                      0x00000000   Number         0  sys_stackheap_outer.o ABSOLUTE
    ../clib/angel/sysapp.c                   0x00000000   Number         0  sys_command.o ABSOLUTE
    ../clib/angel/sysapp.c                   0x00000000   Number         0  sys_wrch.o ABSOLUTE
    ../clib/angel/sysapp.c                   0x00000000   Number         0  sys_exit.o ABSOLUTE
    ../clib/armsys.c                         0x00000000   Number         0  no_argv.o ABSOLUTE
    ../clib/armsys.c                         0x00000000   Number         0  _get_argv_nomalloc.o ABSOLUTE
    ../clib/armsys.c                         0x00000000   Number         0  argv_veneer.o ABSOLUTE
    ../clib/armsys.c                         0x00000000   Number         0  argv_veneer.o ABSOLUTE
    ../clib/heapalloc.c                      0x00000000   Number         0  hrguard.o ABSOLUTE
    ../clib/heapaux.c                        0x00000000   Number         0  heapauxi.o ABSOLUTE
    ../clib/libinit.s                        0x00000000   Number         0  libinit2.o ABSOLUTE
    ../clib/libinit.s                        0x00000000   Number         0  libshutdown.o ABSOLUTE
    ../clib/libinit.s                        0x00000000   Number         0  libshutdown2.o ABSOLUTE
    ../clib/libinit.s                        0x00000000   Number         0  libinit.o ABSOLUTE
    ../clib/signal.c                         0x00000000   Number         0  defsig_rtred_inner.o ABSOLUTE
    ../clib/signal.c                         0x00000000   Number         0  defsig_cppl_inner.o ABSOLUTE
    ../clib/signal.c                         0x00000000   Number         0  defsig_fpe_inner.o ABSOLUTE
    ../clib/signal.c                         0x00000000   Number         0  defsig_abrt_inner.o ABSOLUTE
    ../clib/signal.c                         0x00000000   Number         0  defsig_segv_inner.o ABSOLUTE
    ../clib/signal.c                         0x00000000   Number         0  defsig_other.o ABSOLUTE
    ../clib/signal.c                         0x00000000   Number         0  defsig_general.o ABSOLUTE
    ../clib/signal.c                         0x00000000   Number         0  __raise.o ABSOLUTE
    ../clib/signal.c                         0x00000000   Number         0  defsig_rtmem_inner.o ABSOLUTE
    ../clib/signal.c                         0x00000000   Number         0  defsig_stak_inner.o ABSOLUTE
    ../clib/signal.c                         0x00000000   Number         0  defsig_rtmem_outer.o ABSOLUTE
    ../clib/signal.c                         0x00000000   Number         0  defsig_exit.o ABSOLUTE
    ../clib/signal.c                         0x00000000   Number         0  defsig_rtmem_formal.o ABSOLUTE
    ../clib/signal.c                         0x00000000   Number         0  defsig_pvfn_inner.o ABSOLUTE
    ../clib/signal.s                         0x00000000   Number         0  defsig.o ABSOLUTE
    ../clib/stdlib.c                         0x00000000   Number         0  exit.o ABSOLUTE
    ../fplib/fpinit.s                        0x00000000   Number         0  fpinit.o ABSOLUTE
    CMSIS\\src\\core_cm3.c                   0x00000000   Number         0  core_cm3.o ABSOLUTE
    CMSIS\src\core_cm3.c                     0x00000000   Number         0  core_cm3.o ABSOLUTE
    CMSIS\src\system_stm32f10x.c             0x00000000   Number         0  system_stm32f10x.o ABSOLUTE
    Code\src\adc.c                           0x00000000   Number         0  adc.o ABSOLUTE
    Code\src\delay_tim1.c                    0x00000000   Number         0  delay_tim1.o ABSOLUTE
    Code\src\hw_config.c                     0x00000000   Number         0  hw_config.o ABSOLUTE
    Code\src\led.c                           0x00000000   Number         0  led.o ABSOLUTE
    Code\src\main.c                          0x00000000   Number         0  main.o ABSOLUTE
    Code\src\stm32_it.c                      0x00000000   Number         0  stm32_it.o ABSOLUTE
    Code\src\usb_desc.c                      0x00000000   Number         0  usb_desc.o ABSOLUTE
    Code\src\usb_endp.c                      0x00000000   Number         0  usb_endp.o ABSOLUTE
    Code\src\usb_istr.c                      0x00000000   Number         0  usb_istr.o ABSOLUTE
    Code\src\usb_prop.c                      0x00000000   Number         0  usb_prop.o ABSOLUTE
    Code\src\usb_pwr.c                       0x00000000   Number         0  usb_pwr.o ABSOLUTE
    Startup\startup_stm32f10x_md.s           0x00000000   Number         0  startup_stm32f10x_md.o ABSOLUTE
    USB\src\usb_core.c                       0x00000000   Number         0  usb_core.o ABSOLUTE
    USB\src\usb_init.c                       0x00000000   Number         0  usb_init.o ABSOLUTE
    USB\src\usb_int.c                        0x00000000   Number         0  usb_int.o ABSOLUTE
    USB\src\usb_mem.c                        0x00000000   Number         0  usb_mem.o ABSOLUTE
    USB\src\usb_regs.c                       0x00000000   Number         0  usb_regs.o ABSOLUTE
    USB\src\usb_sil.c                        0x00000000   Number         0  usb_sil.o ABSOLUTE
    dc.s                                     0x00000000   Number         0  dc.o ABSOLUTE
    RESET                                    0x08000000   Section      236  startup_stm32f10x_md.o(RESET)
    !!!main                                  0x080000ec   Section        8  __main.o(!!!main)
    !!!scatter                               0x080000f4   Section       52  __scatter.o(!!!scatter)
    !!dczerorl2                              0x08000128   Section       90  __dczerorl2.o(!!dczerorl2)
    !!handler_zi                             0x08000184   Section       28  __scatter_zi.o(!!handler_zi)
    .ARM.Collect$$libinit$$00000000          0x080001a0   Section        2  libinit.o(.ARM.Collect$$libinit$$00000000)
    .ARM.Collect$$libinit$$00000002          0x080001a2   Section        0  libinit2.o(.ARM.Collect$$libinit$$00000002)
    .ARM.Collect$$libinit$$00000004          0x080001a2   Section        0  libinit2.o(.ARM.Collect$$libinit$$00000004)
    .ARM.Collect$$libinit$$0000000A          0x080001a2   Section        0  libinit2.o(.ARM.Collect$$libinit$$0000000A)
    .ARM.Collect$$libinit$$0000000C          0x080001a2   Section        0  libinit2.o(.ARM.Collect$$libinit$$0000000C)
    .ARM.Collect$$libinit$$0000000E          0x080001a2   Section        0  libinit2.o(.ARM.Collect$$libinit$$0000000E)
    .ARM.Collect$$libinit$$00000011          0x080001a2   Section        0  libinit2.o(.ARM.Collect$$libinit$$00000011)
    .ARM.Collect$$libinit$$00000013          0x080001a2   Section        0  libinit2.o(.ARM.Collect$$libinit$$00000013)
    .ARM.Collect$$libinit$$00000015          0x080001a2   Section        0  libinit2.o(.ARM.Collect$$libinit$$00000015)
    .ARM.Collect$$libinit$$00000017          0x080001a2   Section        0  libinit2.o(.ARM.Collect$$libinit$$00000017)
    .ARM.Collect$$libinit$$00000019          0x080001a2   Section        0  libinit2.o(.ARM.Collect$$libinit$$00000019)
    .ARM.Collect$$libinit$$0000001B          0x080001a2   Section        0  libinit2.o(.ARM.Collect$$libinit$$0000001B)
    .ARM.Collect$$libinit$$0000001D          0x080001a2   Section        0  libinit2.o(.ARM.Collect$$libinit$$0000001D)
    .ARM.Collect$$libinit$$0000001F          0x080001a2   Section        0  libinit2.o(.ARM.Collect$$libinit$$0000001F)
    .ARM.Collect$$libinit$$00000021          0x080001a2   Section        0  libinit2.o(.ARM.Collect$$libinit$$00000021)
    .ARM.Collect$$libinit$$00000023          0x080001a2   Section        0  libinit2.o(.ARM.Collect$$libinit$$00000023)
    .ARM.Collect$$libinit$$00000025          0x080001a2   Section        0  libinit2.o(.ARM.Collect$$libinit$$00000025)
    .ARM.Collect$$libinit$$0000002C          0x080001a2   Section        0  libinit2.o(.ARM.Collect$$libinit$$0000002C)
    .ARM.Collect$$libinit$$0000002E          0x080001a2   Section        0  libinit2.o(.ARM.Collect$$libinit$$0000002E)
    .ARM.Collect$$libinit$$00000030          0x080001a2   Section        0  libinit2.o(.ARM.Collect$$libinit$$00000030)
    .ARM.Collect$$libinit$$00000032          0x080001a2   Section        0  libinit2.o(.ARM.Collect$$libinit$$00000032)
    .ARM.Collect$$libinit$$00000033          0x080001a2   Section        2  libinit2.o(.ARM.Collect$$libinit$$00000033)
    .ARM.Collect$$libshutdown$$00000000      0x080001a4   Section        2  libshutdown.o(.ARM.Collect$$libshutdown$$00000000)
    .ARM.Collect$$libshutdown$$00000002      0x080001a6   Section        0  libshutdown2.o(.ARM.Collect$$libshutdown$$00000002)
    .ARM.Collect$$libshutdown$$00000004      0x080001a6   Section        0  libshutdown2.o(.ARM.Collect$$libshutdown$$00000004)
    .ARM.Collect$$libshutdown$$00000007      0x080001a6   Section        0  libshutdown2.o(.ARM.Collect$$libshutdown$$00000007)
    .ARM.Collect$$libshutdown$$0000000A      0x080001a6   Section        0  libshutdown2.o(.ARM.Collect$$libshutdown$$0000000A)
    .ARM.Collect$$libshutdown$$0000000C      0x080001a6   Section        0  libshutdown2.o(.ARM.Collect$$libshutdown$$0000000C)
    .ARM.Collect$$libshutdown$$0000000F      0x080001a6   Section        0  libshutdown2.o(.ARM.Collect$$libshutdown$$0000000F)
    .ARM.Collect$$libshutdown$$00000010      0x080001a6   Section        2  libshutdown2.o(.ARM.Collect$$libshutdown$$00000010)
    .ARM.Collect$$rtentry$$00000000          0x080001a8   Section        0  __rtentry.o(.ARM.Collect$$rtentry$$00000000)
    .ARM.Collect$$rtentry$$00000002          0x080001a8   Section        0  __rtentry2.o(.ARM.Collect$$rtentry$$00000002)
    .ARM.Collect$$rtentry$$00000004          0x080001a8   Section        6  __rtentry4.o(.ARM.Collect$$rtentry$$00000004)
    .ARM.Collect$$rtentry$$00000009          0x080001ae   Section        0  __rtentry2.o(.ARM.Collect$$rtentry$$00000009)
    .ARM.Collect$$rtentry$$0000000A          0x080001ae   Section        4  __rtentry2.o(.ARM.Collect$$rtentry$$0000000A)
    .ARM.Collect$$rtentry$$0000000C          0x080001b2   Section        0  __rtentry2.o(.ARM.Collect$$rtentry$$0000000C)
    .ARM.Collect$$rtentry$$0000000D          0x080001b2   Section        8  __rtentry2.o(.ARM.Collect$$rtentry$$0000000D)
    .ARM.Collect$$rtexit$$00000000           0x080001ba   Section        2  rtexit.o(.ARM.Collect$$rtexit$$00000000)
    .ARM.Collect$$rtexit$$00000002           0x080001bc   Section        0  rtexit2.o(.ARM.Collect$$rtexit$$00000002)
    .ARM.Collect$$rtexit$$00000003           0x080001bc   Section        4  rtexit2.o(.ARM.Collect$$rtexit$$00000003)
    .ARM.Collect$$rtexit$$00000004           0x080001c0   Section        6  rtexit2.o(.ARM.Collect$$rtexit$$00000004)
    .text                                    0x080001c8   Section       64  startup_stm32f10x_md.o(.text)
    .text                                    0x08000208   Section        0  heapauxi.o(.text)
    .text                                    0x0800020e   Section       74  sys_stackheap_outer.o(.text)
    .text                                    0x08000258   Section        0  exit.o(.text)
    .text                                    0x0800026c   Section        8  libspace.o(.text)
    .text                                    0x08000274   Section        0  sys_exit.o(.text)
    .text                                    0x08000280   Section        2  use_no_semi.o(.text)
    .text                                    0x08000282   Section        0  indicate_semi.o(.text)
    i.BusFault_Handler                       0x08000282   Section        0  stm32_it.o(i.BusFault_Handler)
    i.ByteSwap                               0x08000286   Section        0  usb_regs.o(i.ByteSwap)
    i.CTR_LP                                 0x08000294   Section        0  usb_int.o(i.CTR_LP)
    i.ClearDTOG_RX                           0x0800051c   Section        0  usb_regs.o(i.ClearDTOG_RX)
    i.ClearDTOG_TX                           0x08000550   Section        0  usb_regs.o(i.ClearDTOG_TX)
    i.Clear_Status_Out                       0x08000584   Section        0  usb_regs.o(i.Clear_Status_Out)
    i.DataStageIn                            0x080005ac   Section        0  usb_core.o(i.DataStageIn)
    DataStageIn                              0x080005ad   Thumb Code   166  usb_core.o(i.DataStageIn)
    i.DataStageOut                           0x0800066c   Section        0  usb_core.o(i.DataStageOut)
    DataStageOut                             0x0800066d   Thumb Code   198  usb_core.o(i.DataStageOut)
    i.Data_Setup0                            0x0800074c   Section        0  usb_core.o(i.Data_Setup0)
    Data_Setup0                              0x0800074d   Thumb Code   628  usb_core.o(i.Data_Setup0)
    i.DebugMon_Handler                       0x080009e4   Section        0  stm32_it.o(i.DebugMon_Handler)
    i.EP1_IN_Callback                        0x080009e8   Section        0  usb_endp.o(i.EP1_IN_Callback)
    i.GetEPRxAddr                            0x080009f4   Section        0  usb_regs.o(i.GetEPRxAddr)
    i.GetEPTxAddr                            0x08000a14   Section        0  usb_regs.o(i.GetEPTxAddr)
    i.Get_SerialNum                          0x08000a34   Section        0  hw_config.o(i.Get_SerialNum)
    i.HardFault_Handler                      0x08000a68   Section        0  stm32_it.o(i.HardFault_Handler)
    i.In0_Process                            0x08000a6c   Section        0  usb_core.o(i.In0_Process)
    i.IntToUnicode                           0x08000adc   Section        0  hw_config.o(i.IntToUnicode)
    IntToUnicode                             0x08000add   Thumb Code    62  hw_config.o(i.IntToUnicode)
    i.MemManage_Handler                      0x08000b1a   Section        0  stm32_it.o(i.MemManage_Handler)
    i.NMI_Handler                            0x08000b1e   Section        0  stm32_it.o(i.NMI_Handler)
    i.NOP_Process                            0x08000b20   Section        0  usb_core.o(i.NOP_Process)
    i.NoData_Setup0                          0x08000b24   Section        0  usb_core.o(i.NoData_Setup0)
    NoData_Setup0                            0x08000b25   Thumb Code   296  usb_core.o(i.NoData_Setup0)
    i.Out0_Process                           0x08000c64   Section        0  usb_core.o(i.Out0_Process)
    i.PMAToUserBufferCopy                    0x08000cb4   Section        0  usb_mem.o(i.PMAToUserBufferCopy)
    i.PendSV_Handler                         0x08000cdc   Section        0  stm32_it.o(i.PendSV_Handler)
    i.Post0_Process                          0x08000ce0   Section        0  usb_core.o(i.Post0_Process)
    i.PowerOn                                0x08000d28   Section        0  usb_pwr.o(i.PowerOn)
    i.Resume                                 0x08000d78   Section        0  usb_pwr.o(i.Resume)
    i.Resume_Init                            0x08000e48   Section        0  usb_pwr.o(i.Resume_Init)
    i.SVC_Handler                            0x08000e64   Section        0  stm32_it.o(i.SVC_Handler)
    i.SetBTABLE                              0x08000e68   Section        0  usb_regs.o(i.SetBTABLE)
    i.SetDeviceAddress                       0x08000e78   Section        0  usb_core.o(i.SetDeviceAddress)
    i.SetEPRxAddr                            0x08000ec8   Section        0  usb_regs.o(i.SetEPRxAddr)
    i.SetEPRxCount                           0x08000eec   Section        0  usb_regs.o(i.SetEPRxCount)
    i.SetEPRxStatus                          0x08000f38   Section        0  usb_regs.o(i.SetEPRxStatus)
    i.SetEPRxValid                           0x08000f78   Section        0  usb_regs.o(i.SetEPRxValid)
    i.SetEPTxAddr                            0x08000fac   Section        0  usb_regs.o(i.SetEPTxAddr)
    i.SetEPTxCount                           0x08000fcc   Section        0  usb_regs.o(i.SetEPTxCount)
    i.SetEPTxStatus                          0x08000fe8   Section        0  usb_regs.o(i.SetEPTxStatus)
    i.SetEPTxValid                           0x08001028   Section        0  usb_regs.o(i.SetEPTxValid)
    i.SetEPType                              0x0800105c   Section        0  usb_regs.o(i.SetEPType)
    i.SetISTR                                0x08001080   Section        0  usb_regs.o(i.SetISTR)
    i.SetSysClock                            0x0800108c   Section        0  system_stm32f10x.o(i.SetSysClock)
    SetSysClock                              0x0800108d   Thumb Code     8  system_stm32f10x.o(i.SetSysClock)
    i.SetSysClockTo72                        0x08001094   Section        0  system_stm32f10x.o(i.SetSysClockTo72)
    SetSysClockTo72                          0x08001095   Thumb Code   218  system_stm32f10x.o(i.SetSysClockTo72)
    i.Set_System                             0x08001178   Section        0  hw_config.o(i.Set_System)
    i.Set_USBClock                           0x080011d4   Section        0  hw_config.o(i.Set_USBClock)
    i.Setup0_Process                         0x080011f0   Section        0  usb_core.o(i.Setup0_Process)
    i.Standard_ClearFeature                  0x080012a8   Section        0  usb_core.o(i.Standard_ClearFeature)
    i.Standard_GetConfiguration              0x08001414   Section        0  usb_core.o(i.Standard_GetConfiguration)
    i.Standard_GetDescriptorData             0x08001440   Section        0  usb_core.o(i.Standard_GetDescriptorData)
    i.Standard_GetInterface                  0x08001464   Section        0  usb_core.o(i.Standard_GetInterface)
    i.Standard_GetStatus                     0x08001490   Section        0  usb_core.o(i.Standard_GetStatus)
    i.Standard_SetConfiguration              0x08001590   Section        0  usb_core.o(i.Standard_SetConfiguration)
    i.Standard_SetDeviceFeature              0x080015d8   Section        0  usb_core.o(i.Standard_SetDeviceFeature)
    i.Standard_SetEndPointFeature            0x08001600   Section        0  usb_core.o(i.Standard_SetEndPointFeature)
    i.Standard_SetInterface                  0x080016d0   Section        0  usb_core.o(i.Standard_SetInterface)
    i.Suspend                                0x0800173c   Section        0  usb_pwr.o(i.Suspend)
    i.SysTick_Handler                        0x080017d0   Section        0  stm32_it.o(i.SysTick_Handler)
    i.SystemInit                             0x080017d4   Section        0  system_stm32f10x.o(i.SystemInit)
    i.TouchPadState                          0x08001834   Section        0  hw_config.o(i.TouchPadState)
    i.TouchPad_Data_Setup                    0x08001858   Section        0  usb_prop.o(i.TouchPad_Data_Setup)
    i.TouchPad_GetConfigDescriptor           0x080018d4   Section        0  usb_prop.o(i.TouchPad_GetConfigDescriptor)
    i.TouchPad_GetDeviceDescriptor           0x080018e8   Section        0  usb_prop.o(i.TouchPad_GetDeviceDescriptor)
    i.TouchPad_GetHIDDescriptor              0x080018fc   Section        0  usb_prop.o(i.TouchPad_GetHIDDescriptor)
    i.TouchPad_GetProtocolValue              0x08001910   Section        0  usb_prop.o(i.TouchPad_GetProtocolValue)
    i.TouchPad_GetReportDescriptor           0x0800192c   Section        0  usb_prop.o(i.TouchPad_GetReportDescriptor)
    i.TouchPad_GetStringDescriptor           0x08001940   Section        0  usb_prop.o(i.TouchPad_GetStringDescriptor)
    i.TouchPad_Get_Interface_Setting         0x08001968   Section        0  usb_prop.o(i.TouchPad_Get_Interface_Setting)
    i.TouchPad_NoData_Setup                  0x08001980   Section        0  usb_prop.o(i.TouchPad_NoData_Setup)
    i.TouchPad_Reset                         0x080019a4   Section        0  usb_prop.o(i.TouchPad_Reset)
    i.TouchPad_Send                          0x08001a48   Section        0  hw_config.o(i.TouchPad_Send)
    i.TouchPad_SetConfiguration              0x08001aac   Section        0  usb_prop.o(i.TouchPad_SetConfiguration)
    i.TouchPad_SetDeviceAddress              0x08001ac4   Section        0  usb_prop.o(i.TouchPad_SetDeviceAddress)
    i.TouchPad_SetProtocol                   0x08001ad0   Section        0  usb_prop.o(i.TouchPad_SetProtocol)
    i.TouchPad_Status_In                     0x08001ae8   Section        0  usb_prop.o(i.TouchPad_Status_In)
    i.TouchPad_Status_Out                    0x08001aea   Section        0  usb_prop.o(i.TouchPad_Status_Out)
    i.TouchPad_init                          0x08001aec   Section        0  usb_prop.o(i.TouchPad_init)
    i.USBWakeUp_IRQHandler                   0x08001b14   Section        0  stm32_it.o(i.USBWakeUp_IRQHandler)
    i.USB_Cable_Config                       0x08001b24   Section        0  hw_config.o(i.USB_Cable_Config)
    i.USB_Init                               0x08001b40   Section        0  usb_init.o(i.USB_Init)
    i.USB_Interrupts_Config                  0x08001b7c   Section        0  hw_config.o(i.USB_Interrupts_Config)
    i.USB_Istr                               0x08001bbc   Section        0  usb_istr.o(i.USB_Istr)
    i.USB_LP_CAN1_RX0_IRQHandler             0x08001d88   Section        0  stm32_it.o(i.USB_LP_CAN1_RX0_IRQHandler)
    i.USB_SIL_Init                           0x08001d90   Section        0  usb_sil.o(i.USB_SIL_Init)
    i.USB_SIL_Write                          0x08001db4   Section        0  usb_sil.o(i.USB_SIL_Write)
    i.UsageFault_Handler                     0x08001de2   Section        0  stm32_it.o(i.UsageFault_Handler)
    i.UserToPMABufferCopy                    0x08001de8   Section        0  usb_mem.o(i.UserToPMABufferCopy)
    i.adc1_init                              0x08001e20   Section        0  adc.o(i.adc1_init)
    i.delay_ms                               0x08001ec8   Section        0  delay_tim1.o(i.delay_ms)
    i.delay_tim1_init                        0x08001f10   Section        0  delay_tim1.o(i.delay_tim1_init)
    i.led_init                               0x08001f50   Section        0  led.o(i.led_init)
    i.main                                   0x08001f7c   Section        0  main.o(i.main)
    i.rcc_init                               0x08001fe4   Section        0  main.o(i.rcc_init)
    i.touchpad_init                          0x080020a0   Section        0  adc.o(i.touchpad_init)
    .constdata                               0x08002144   Section      198  usb_desc.o(.constdata)
    .data                                    0x20000000   Section        1  main.o(.data)
    .data                                    0x20000001   Section        2  hw_config.o(.data)
    state_right                              0x20000002   Data           1  hw_config.o(.data)
    .data                                    0x20000003   Section       26  usb_desc.o(.data)
    .data                                    0x20000020   Section       68  usb_istr.o(.data)
    .data                                    0x20000064   Section      156  usb_prop.o(.data)
    .data                                    0x20000100   Section       12  usb_pwr.o(.data)
    .data                                    0x2000010c   Section        8  delay_tim1.o(.data)
    .data                                    0x20000114   Section       20  system_stm32f10x.o(.data)
    .data                                    0x20000128   Section        9  usb_core.o(.data)
    .data                                    0x20000134   Section       20  usb_init.o(.data)
    .data                                    0x20000148   Section        4  usb_int.o(.data)
    .bss                                     0x2000014c   Section       32  usb_pwr.o(.bss)
    .bss                                     0x2000016c   Section       28  usb_init.o(.bss)
    .bss                                     0x20000188   Section       96  libspace.o(.bss)
    HEAP                                     0x200001e8   Section      512  startup_stm32f10x_md.o(HEAP)
    Heap_Mem                                 0x200001e8   Data         512  startup_stm32f10x_md.o(HEAP)
    STACK                                    0x200003e8   Section     1024  startup_stm32f10x_md.o(STACK)
    Stack_Mem                                0x200003e8   Data        1024  startup_stm32f10x_md.o(STACK)
    __initial_sp                             0x200007e8   Data           0  startup_stm32f10x_md.o(STACK)

    Global Symbols

    Symbol Name                              Value     Ov Type        Size  Object(Section)

    BuildAttributes$$THM_ISAv4$P$D$K$B$S$PE$A:L22UL41UL21$X:L11$S22US41US21$IEEE1$IW$USESV6$~STKCKD$USESV7$~SHL$OSPACE$ROPI$EBA8$UX$STANDARDLIB$REQ8$PRES8$EABIv2 0x00000000   Number         0  anon$$obj.o ABSOLUTE
    __ARM_use_no_argv                        0x00000000   Number         0  main.o ABSOLUTE
    __ARM_exceptions_init                     - Undefined Weak Reference
    __alloca_initialize                       - Undefined Weak Reference
    __arm_preinit_                            - Undefined Weak Reference
    __cpp_initialize__aeabi_                  - Undefined Weak Reference
    __cxa_finalize                            - Undefined Weak Reference
    __rt_locale                               - Undefined Weak Reference
    __sigvec_lookup                           - Undefined Weak Reference
    _atexit_init                              - Undefined Weak Reference
    _call_atexit_fns                          - Undefined Weak Reference
    _clock_init                               - Undefined Weak Reference
    _fp_trap_init                             - Undefined Weak Reference
    _fp_trap_shutdown                         - Undefined Weak Reference
    _get_lc_collate                           - Undefined Weak Reference
    _get_lc_ctype                             - Undefined Weak Reference
    _get_lc_monetary                          - Undefined Weak Reference
    _get_lc_numeric                           - Undefined Weak Reference
    _get_lc_time                              - Undefined Weak Reference
    _getenv_init                              - Undefined Weak Reference
    _handle_redirection                       - Undefined Weak Reference
    _init_alloc                               - Undefined Weak Reference
    _init_user_alloc                          - Undefined Weak Reference
    _initio                                   - Undefined Weak Reference
    _rand_init                                - Undefined Weak Reference
    _signal_finish                            - Undefined Weak Reference
    _signal_init                              - Undefined Weak Reference
    _terminate_alloc                          - Undefined Weak Reference
    _terminate_user_alloc                     - Undefined Weak Reference
    _terminateio                              - Undefined Weak Reference
    __Vectors_Size                           0x000000ec   Number         0  startup_stm32f10x_md.o ABSOLUTE
    __Vectors                                0x08000000   Data           4  startup_stm32f10x_md.o(RESET)
    __Vectors_End                            0x080000ec   Data           0  startup_stm32f10x_md.o(RESET)
    __main                                   0x080000ed   Thumb Code     8  __main.o(!!!main)
    __scatterload                            0x080000f5   Thumb Code     0  __scatter.o(!!!scatter)
    __scatterload_rt2                        0x080000f5   Thumb Code    44  __scatter.o(!!!scatter)
    __scatterload_rt2_thumb_only             0x080000f5   Thumb Code     0  __scatter.o(!!!scatter)
    __scatterload_null                       0x08000103   Thumb Code     0  __scatter.o(!!!scatter)
    __decompress                             0x08000129   Thumb Code    90  __dczerorl2.o(!!dczerorl2)
    __decompress1                            0x08000129   Thumb Code     0  __dczerorl2.o(!!dczerorl2)
    __scatterload_zeroinit                   0x08000185   Thumb Code    28  __scatter_zi.o(!!handler_zi)
    __rt_lib_init                            0x080001a1   Thumb Code     0  libinit.o(.ARM.Collect$$libinit$$00000000)
    __rt_lib_init_alloca_1                   0x080001a3   Thumb Code     0  libinit2.o(.ARM.Collect$$libinit$$0000002E)
    __rt_lib_init_argv_1                     0x080001a3   Thumb Code     0  libinit2.o(.ARM.Collect$$libinit$$0000002C)
    __rt_lib_init_atexit_1                   0x080001a3   Thumb Code     0  libinit2.o(.ARM.Collect$$libinit$$0000001B)
    __rt_lib_init_clock_1                    0x080001a3   Thumb Code     0  libinit2.o(.ARM.Collect$$libinit$$00000021)
    __rt_lib_init_cpp_1                      0x080001a3   Thumb Code     0  libinit2.o(.ARM.Collect$$libinit$$00000032)
    __rt_lib_init_exceptions_1               0x080001a3   Thumb Code     0  libinit2.o(.ARM.Collect$$libinit$$00000030)
    __rt_lib_init_fp_1                       0x080001a3   Thumb Code     0  libinit2.o(.ARM.Collect$$libinit$$00000002)
    __rt_lib_init_fp_trap_1                  0x080001a3   Thumb Code     0  libinit2.o(.ARM.Collect$$libinit$$0000001F)
    __rt_lib_init_getenv_1                   0x080001a3   Thumb Code     0  libinit2.o(.ARM.Collect$$libinit$$00000023)
    __rt_lib_init_heap_1                     0x080001a3   Thumb Code     0  libinit2.o(.ARM.Collect$$libinit$$0000000A)
    __rt_lib_init_lc_collate_1               0x080001a3   Thumb Code     0  libinit2.o(.ARM.Collect$$libinit$$00000011)
    __rt_lib_init_lc_ctype_1                 0x080001a3   Thumb Code     0  libinit2.o(.ARM.Collect$$libinit$$00000013)
    __rt_lib_init_lc_monetary_1              0x080001a3   Thumb Code     0  libinit2.o(.ARM.Collect$$libinit$$00000015)
    __rt_lib_init_lc_numeric_1               0x080001a3   Thumb Code     0  libinit2.o(.ARM.Collect$$libinit$$00000017)
    __rt_lib_init_lc_time_1                  0x080001a3   Thumb Code     0  libinit2.o(.ARM.Collect$$libinit$$00000019)
    __rt_lib_init_preinit_1                  0x080001a3   Thumb Code     0  libinit2.o(.ARM.Collect$$libinit$$00000004)
    __rt_lib_init_rand_1                     0x080001a3   Thumb Code     0  libinit2.o(.ARM.Collect$$libinit$$0000000E)
    __rt_lib_init_return                     0x080001a3   Thumb Code     0  libinit2.o(.ARM.Collect$$libinit$$00000033)
    __rt_lib_init_signal_1                   0x080001a3   Thumb Code     0  libinit2.o(.ARM.Collect$$libinit$$0000001D)
    __rt_lib_init_stdio_1                    0x080001a3   Thumb Code     0  libinit2.o(.ARM.Collect$$libinit$$00000025)
    __rt_lib_init_user_alloc_1               0x080001a3   Thumb Code     0  libinit2.o(.ARM.Collect$$libinit$$0000000C)
    __rt_lib_shutdown                        0x080001a5   Thumb Code     0  libshutdown.o(.ARM.Collect$$libshutdown$$00000000)
    __rt_lib_shutdown_cpp_1                  0x080001a7   Thumb Code     0  libshutdown2.o(.ARM.Collect$$libshutdown$$00000002)
    __rt_lib_shutdown_fp_trap_1              0x080001a7   Thumb Code     0  libshutdown2.o(.ARM.Collect$$libshutdown$$00000007)
    __rt_lib_shutdown_heap_1                 0x080001a7   Thumb Code     0  libshutdown2.o(.ARM.Collect$$libshutdown$$0000000F)
    __rt_lib_shutdown_return                 0x080001a7   Thumb Code     0  libshutdown2.o(.ARM.Collect$$libshutdown$$00000010)
    __rt_lib_shutdown_signal_1               0x080001a7   Thumb Code     0  libshutdown2.o(.ARM.Collect$$libshutdown$$0000000A)
    __rt_lib_shutdown_stdio_1                0x080001a7   Thumb Code     0  libshutdown2.o(.ARM.Collect$$libshutdown$$00000004)
    __rt_lib_shutdown_user_alloc_1           0x080001a7   Thumb Code     0  libshutdown2.o(.ARM.Collect$$libshutdown$$0000000C)
    __rt_entry                               0x080001a9   Thumb Code     0  __rtentry.o(.ARM.Collect$$rtentry$$00000000)
    __rt_entry_presh_1                       0x080001a9   Thumb Code     0  __rtentry2.o(.ARM.Collect$$rtentry$$00000002)
    __rt_entry_sh                            0x080001a9   Thumb Code     0  __rtentry4.o(.ARM.Collect$$rtentry$$00000004)
    __rt_entry_li                            0x080001af   Thumb Code     0  __rtentry2.o(.ARM.Collect$$rtentry$$0000000A)
    __rt_entry_postsh_1                      0x080001af   Thumb Code     0  __rtentry2.o(.ARM.Collect$$rtentry$$00000009)
    __rt_entry_main                          0x080001b3   Thumb Code     0  __rtentry2.o(.ARM.Collect$$rtentry$$0000000D)
    __rt_entry_postli_1                      0x080001b3   Thumb Code     0  __rtentry2.o(.ARM.Collect$$rtentry$$0000000C)
    __rt_exit                                0x080001bb   Thumb Code     0  rtexit.o(.ARM.Collect$$rtexit$$00000000)
    __rt_exit_ls                             0x080001bd   Thumb Code     0  rtexit2.o(.ARM.Collect$$rtexit$$00000003)
    __rt_exit_prels_1                        0x080001bd   Thumb Code     0  rtexit2.o(.ARM.Collect$$rtexit$$00000002)
    __rt_exit_exit                           0x080001c1   Thumb Code     0  rtexit2.o(.ARM.Collect$$rtexit$$00000004)
    Reset_Handler                            0x080001c9   Thumb Code     8  startup_stm32f10x_md.o(.text)
    ADC1_2_IRQHandler                        0x080001e3   Thumb Code     0  startup_stm32f10x_md.o(.text)
    CAN1_RX1_IRQHandler                      0x080001e3   Thumb Code     0  startup_stm32f10x_md.o(.text)
    CAN1_SCE_IRQHandler                      0x080001e3   Thumb Code     0  startup_stm32f10x_md.o(.text)
    DMA1_Channel1_IRQHandler                 0x080001e3   Thumb Code     0  startup_stm32f10x_md.o(.text)
    DMA1_Channel2_IRQHandler                 0x080001e3   Thumb Code     0  startup_stm32f10x_md.o(.text)
    DMA1_Channel3_IRQHandler                 0x080001e3   Thumb Code     0  startup_stm32f10x_md.o(.text)
    DMA1_Channel4_IRQHandler                 0x080001e3   Thumb Code     0  startup_stm32f10x_md.o(.text)
    DMA1_Channel5_IRQHandler                 0x080001e3   Thumb Code     0  startup_stm32f10x_md.o(.text)
    DMA1_Channel6_IRQHandler                 0x080001e3   Thumb Code     0  startup_stm32f10x_md.o(.text)
    DMA1_Channel7_IRQHandler                 0x080001e3   Thumb Code     0  startup_stm32f10x_md.o(.text)
    EXTI0_IRQHandler                         0x080001e3   Thumb Code     0  startup_stm32f10x_md.o(.text)
    EXTI15_10_IRQHandler                     0x080001e3   Thumb Code     0  startup_stm32f10x_md.o(.text)
    EXTI1_IRQHandler                         0x080001e3   Thumb Code     0  startup_stm32f10x_md.o(.text)
    EXTI2_IRQHandler                         0x080001e3   Thumb Code     0  startup_stm32f10x_md.o(.text)
    EXTI3_IRQHandler                         0x080001e3   Thumb Code     0  startup_stm32f10x_md.o(.text)
    EXTI4_IRQHandler                         0x080001e3   Thumb Code     0  startup_stm32f10x_md.o(.text)
    EXTI9_5_IRQHandler                       0x080001e3   Thumb Code     0  startup_stm32f10x_md.o(.text)
    FLASH_IRQHandler                         0x080001e3   Thumb Code     0  startup_stm32f10x_md.o(.text)
    I2C1_ER_IRQHandler                       0x080001e3   Thumb Code     0  startup_stm32f10x_md.o(.text)
    I2C1_EV_IRQHandler                       0x080001e3   Thumb Code     0  startup_stm32f10x_md.o(.text)
    I2C2_ER_IRQHandler                       0x080001e3   Thumb Code     0  startup_stm32f10x_md.o(.text)
    I2C2_EV_IRQHandler                       0x080001e3   Thumb Code     0  startup_stm32f10x_md.o(.text)
    PVD_IRQHandler                           0x080001e3   Thumb Code     0  startup_stm32f10x_md.o(.text)
    RCC_IRQHandler                           0x080001e3   Thumb Code     0  startup_stm32f10x_md.o(.text)
    RTCAlarm_IRQHandler                      0x080001e3   Thumb Code     0  startup_stm32f10x_md.o(.text)
    RTC_IRQHandler                           0x080001e3   Thumb Code     0  startup_stm32f10x_md.o(.text)
    SPI1_IRQHandler                          0x080001e3   Thumb Code     0  startup_stm32f10x_md.o(.text)
    SPI2_IRQHandler                          0x080001e3   Thumb Code     0  startup_stm32f10x_md.o(.text)
    TAMPER_IRQHandler                        0x080001e3   Thumb Code     0  startup_stm32f10x_md.o(.text)
    TIM1_BRK_IRQHandler                      0x080001e3   Thumb Code     0  startup_stm32f10x_md.o(.text)
    TIM1_CC_IRQHandler                       0x080001e3   Thumb Code     0  startup_stm32f10x_md.o(.text)
    TIM1_TRG_COM_IRQHandler                  0x080001e3   Thumb Code     0  startup_stm32f10x_md.o(.text)
    TIM1_UP_IRQHandler                       0x080001e3   Thumb Code     0  startup_stm32f10x_md.o(.text)
    TIM2_IRQHandler                          0x080001e3   Thumb Code     0  startup_stm32f10x_md.o(.text)
    TIM3_IRQHandler                          0x080001e3   Thumb Code     0  startup_stm32f10x_md.o(.text)
    TIM4_IRQHandler                          0x080001e3   Thumb Code     0  startup_stm32f10x_md.o(.text)
    USART1_IRQHandler                        0x080001e3   Thumb Code     0  startup_stm32f10x_md.o(.text)
    USART2_IRQHandler                        0x080001e3   Thumb Code     0  startup_stm32f10x_md.o(.text)
    USART3_IRQHandler                        0x080001e3   Thumb Code     0  startup_stm32f10x_md.o(.text)
    USB_HP_CAN1_TX_IRQHandler                0x080001e3   Thumb Code     0  startup_stm32f10x_md.o(.text)
    WWDG_IRQHandler                          0x080001e3   Thumb Code     0  startup_stm32f10x_md.o(.text)
    __user_initial_stackheap                 0x080001e5   Thumb Code     0  startup_stm32f10x_md.o(.text)
    __use_two_region_memory                  0x08000209   Thumb Code     2  heapauxi.o(.text)
    __rt_heap_escrow$2region                 0x0800020b   Thumb Code     2  heapauxi.o(.text)
    __rt_heap_expand$2region                 0x0800020d   Thumb Code     2  heapauxi.o(.text)
    __user_setup_stackheap                   0x0800020f   Thumb Code    74  sys_stackheap_outer.o(.text)
    exit                                     0x08000259   Thumb Code    18  exit.o(.text)
    __user_libspace                          0x0800026d   Thumb Code     8  libspace.o(.text)
    __user_perproc_libspace                  0x0800026d   Thumb Code     0  libspace.o(.text)
    __user_perthread_libspace                0x0800026d   Thumb Code     0  libspace.o(.text)
    _sys_exit                                0x08000275   Thumb Code     8  sys_exit.o(.text)
    __I$use$semihosting                      0x08000281   Thumb Code     0  use_no_semi.o(.text)
    __use_no_semihosting_swi                 0x08000281   Thumb Code     2  use_no_semi.o(.text)
    BusFault_Handler                         0x08000283   Thumb Code     4  stm32_it.o(i.BusFault_Handler)
    __semihosting_library_function           0x08000283   Thumb Code     0  indicate_semi.o(.text)
    ByteSwap                                 0x08000287   Thumb Code    12  usb_regs.o(i.ByteSwap)
    CTR_LP                                   0x08000295   Thumb Code   616  usb_int.o(i.CTR_LP)
    ClearDTOG_RX                             0x0800051d   Thumb Code    48  usb_regs.o(i.ClearDTOG_RX)
    ClearDTOG_TX                             0x08000551   Thumb Code    48  usb_regs.o(i.ClearDTOG_TX)
    Clear_Status_Out                         0x08000585   Thumb Code    34  usb_regs.o(i.Clear_Status_Out)
    DebugMon_Handler                         0x080009e5   Thumb Code     2  stm32_it.o(i.DebugMon_Handler)
    EP1_IN_Callback                          0x080009e9   Thumb Code     8  usb_endp.o(i.EP1_IN_Callback)
    GetEPRxAddr                              0x080009f5   Thumb Code    24  usb_regs.o(i.GetEPRxAddr)
    GetEPTxAddr                              0x08000a15   Thumb Code    22  usb_regs.o(i.GetEPTxAddr)
    Get_SerialNum                            0x08000a35   Thumb Code    42  hw_config.o(i.Get_SerialNum)
    HardFault_Handler                        0x08000a69   Thumb Code     4  stm32_it.o(i.HardFault_Handler)
    In0_Process                              0x08000a6d   Thumb Code    98  usb_core.o(i.In0_Process)
    MemManage_Handler                        0x08000b1b   Thumb Code     4  stm32_it.o(i.MemManage_Handler)
    NMI_Handler                              0x08000b1f   Thumb Code     2  stm32_it.o(i.NMI_Handler)
    NOP_Process                              0x08000b21   Thumb Code     2  usb_core.o(i.NOP_Process)
    Out0_Process                             0x08000c65   Thumb Code    70  usb_core.o(i.Out0_Process)
    PMAToUserBufferCopy                      0x08000cb5   Thumb Code    34  usb_mem.o(i.PMAToUserBufferCopy)
    PendSV_Handler                           0x08000cdd   Thumb Code     2  stm32_it.o(i.PendSV_Handler)
    Post0_Process                            0x08000ce1   Thumb Code    54  usb_core.o(i.Post0_Process)
    PowerOn                                  0x08000d29   Thumb Code    70  usb_pwr.o(i.PowerOn)
    Resume                                   0x08000d79   Thumb Code   194  usb_pwr.o(i.Resume)
    Resume_Init                              0x08000e49   Thumb Code    24  usb_pwr.o(i.Resume_Init)
    SVC_Handler                              0x08000e65   Thumb Code     2  stm32_it.o(i.SVC_Handler)
    SetBTABLE                                0x08000e69   Thumb Code    12  usb_regs.o(i.SetBTABLE)
    SetDeviceAddress                         0x08000e79   Thumb Code    68  usb_core.o(i.SetDeviceAddress)
    SetEPRxAddr                              0x08000ec9   Thumb Code    26  usb_regs.o(i.SetEPRxAddr)
    SetEPRxCount                             0x08000eed   Thumb Code    68  usb_regs.o(i.SetEPRxCount)
    SetEPRxStatus                            0x08000f39   Thumb Code    60  usb_regs.o(i.SetEPRxStatus)
    SetEPRxValid                             0x08000f79   Thumb Code    48  usb_regs.o(i.SetEPRxValid)
    SetEPTxAddr                              0x08000fad   Thumb Code    24  usb_regs.o(i.SetEPTxAddr)
    SetEPTxCount                             0x08000fcd   Thumb Code    20  usb_regs.o(i.SetEPTxCount)
    SetEPTxStatus                            0x08000fe9   Thumb Code    60  usb_regs.o(i.SetEPTxStatus)
    SetEPTxValid                             0x08001029   Thumb Code    48  usb_regs.o(i.SetEPTxValid)
    SetEPType                                0x0800105d   Thumb Code    32  usb_regs.o(i.SetEPType)
    SetISTR                                  0x08001081   Thumb Code     6  usb_regs.o(i.SetISTR)
    Set_System                               0x08001179   Thumb Code    80  hw_config.o(i.Set_System)
    Set_USBClock                             0x080011d5   Thumb Code    24  hw_config.o(i.Set_USBClock)
    Setup0_Process                           0x080011f1   Thumb Code   170  usb_core.o(i.Setup0_Process)
    Standard_ClearFeature                    0x080012a9   Thumb Code   342  usb_core.o(i.Standard_ClearFeature)
    Standard_GetConfiguration                0x08001415   Thumb Code    34  usb_core.o(i.Standard_GetConfiguration)
    Standard_GetDescriptorData               0x08001441   Thumb Code    32  usb_core.o(i.Standard_GetDescriptorData)
    Standard_GetInterface                    0x08001465   Thumb Code    34  usb_core.o(i.Standard_GetInterface)
    Standard_GetStatus                       0x08001491   Thumb Code   238  usb_core.o(i.Standard_GetStatus)
    Standard_SetConfiguration                0x08001591   Thumb Code    60  usb_core.o(i.Standard_SetConfiguration)
    Standard_SetDeviceFeature                0x080015d9   Thumb Code    30  usb_core.o(i.Standard_SetDeviceFeature)
    Standard_SetEndPointFeature              0x08001601   Thumb Code   192  usb_core.o(i.Standard_SetEndPointFeature)
    Standard_SetInterface                    0x080016d1   Thumb Code    96  usb_core.o(i.Standard_SetInterface)
    Suspend                                  0x0800173d   Thumb Code   134  usb_pwr.o(i.Suspend)
    SysTick_Handler                          0x080017d1   Thumb Code     2  stm32_it.o(i.SysTick_Handler)
    SystemInit                               0x080017d5   Thumb Code    78  system_stm32f10x.o(i.SystemInit)
    TouchPadState                            0x08001835   Thumb Code    32  hw_config.o(i.TouchPadState)
    TouchPad_Data_Setup                      0x08001859   Thumb Code   108  usb_prop.o(i.TouchPad_Data_Setup)
    TouchPad_GetConfigDescriptor             0x080018d5   Thumb Code    14  usb_prop.o(i.TouchPad_GetConfigDescriptor)
    TouchPad_GetDeviceDescriptor             0x080018e9   Thumb Code    14  usb_prop.o(i.TouchPad_GetDeviceDescriptor)
    TouchPad_GetHIDDescriptor                0x080018fd   Thumb Code    14  usb_prop.o(i.TouchPad_GetHIDDescriptor)
    TouchPad_GetProtocolValue                0x08001911   Thumb Code    20  usb_prop.o(i.TouchPad_GetProtocolValue)
    TouchPad_GetReportDescriptor             0x0800192d   Thumb Code    14  usb_prop.o(i.TouchPad_GetReportDescriptor)
    TouchPad_GetStringDescriptor             0x08001941   Thumb Code    32  usb_prop.o(i.TouchPad_GetStringDescriptor)
    TouchPad_Get_Interface_Setting           0x08001969   Thumb Code    22  usb_prop.o(i.TouchPad_Get_Interface_Setting)
    TouchPad_NoData_Setup                    0x08001981   Thumb Code    32  usb_prop.o(i.TouchPad_NoData_Setup)
    TouchPad_Reset                           0x080019a5   Thumb Code   148  usb_prop.o(i.TouchPad_Reset)
    TouchPad_Send                            0x08001a49   Thumb Code    96  hw_config.o(i.TouchPad_Send)
    TouchPad_SetConfiguration                0x08001aad   Thumb Code    14  usb_prop.o(i.TouchPad_SetConfiguration)
    TouchPad_SetDeviceAddress                0x08001ac5   Thumb Code     8  usb_prop.o(i.TouchPad_SetDeviceAddress)
    TouchPad_SetProtocol                     0x08001ad1   Thumb Code    14  usb_prop.o(i.TouchPad_SetProtocol)
    TouchPad_Status_In                       0x08001ae9   Thumb Code     2  usb_prop.o(i.TouchPad_Status_In)
    TouchPad_Status_Out                      0x08001aeb   Thumb Code     2  usb_prop.o(i.TouchPad_Status_Out)
    TouchPad_init                            0x08001aed   Thumb Code    30  usb_prop.o(i.TouchPad_init)
    USBWakeUp_IRQHandler                     0x08001b15   Thumb Code    10  stm32_it.o(i.USBWakeUp_IRQHandler)
    USB_Cable_Config                         0x08001b25   Thumb Code    22  hw_config.o(i.USB_Cable_Config)
    USB_Init                                 0x08001b41   Thumb Code    36  usb_init.o(i.USB_Init)
    USB_Interrupts_Config                    0x08001b7d   Thumb Code    56  hw_config.o(i.USB_Interrupts_Config)
    USB_Istr                                 0x08001bbd   Thumb Code   422  usb_istr.o(i.USB_Istr)
    USB_LP_CAN1_RX0_IRQHandler               0x08001d89   Thumb Code     8  stm32_it.o(i.USB_LP_CAN1_RX0_IRQHandler)
    USB_SIL_Init                             0x08001d91   Thumb Code    28  usb_sil.o(i.USB_SIL_Init)
    USB_SIL_Write                            0x08001db5   Thumb Code    46  usb_sil.o(i.USB_SIL_Write)
    UsageFault_Handler                       0x08001de3   Thumb Code     4  stm32_it.o(i.UsageFault_Handler)
    UserToPMABufferCopy                      0x08001de9   Thumb Code    52  usb_mem.o(i.UserToPMABufferCopy)
    adc1_init                                0x08001e21   Thumb Code   154  adc.o(i.adc1_init)
    delay_ms                                 0x08001ec9   Thumb Code    62  delay_tim1.o(i.delay_ms)
    delay_tim1_init                          0x08001f11   Thumb Code    44  delay_tim1.o(i.delay_tim1_init)
    led_init                                 0x08001f51   Thumb Code    36  led.o(i.led_init)
    main                                     0x08001f7d   Thumb Code    90  main.o(i.main)
    rcc_init                                 0x08001fe5   Thumb Code   178  main.o(i.rcc_init)
    touchpad_init                            0x080020a1   Thumb Code   150  adc.o(i.touchpad_init)
    TouchPad_DeviceDescriptor                0x08002144   Data          18  usb_desc.o(.constdata)
    TouchPad_ConfigDescriptor                0x08002156   Data          34  usb_desc.o(.constdata)
    TouchPad_ReportDescriptor                0x08002178   Data          74  usb_desc.o(.constdata)
    TouchPad_StringLangID                    0x080021c2   Data           4  usb_desc.o(.constdata)
    TouchPad_StringVendor                    0x080021c6   Data          38  usb_desc.o(.constdata)
    TouchPad_StringProduct                   0x080021ec   Data          30  usb_desc.o(.constdata)
    Region$$Table$$Base                      0x0800220c   Number         0  anon$$obj.o(Region$$Table)
    Region$$Table$$Limit                     0x0800222c   Number         0  anon$$obj.o(Region$$Table)
    PrevXferComplete                         0x20000000   Data           1  main.o(.data)
    HSEStartUpStatus                         0x20000001   Data           1  hw_config.o(.data)
    TouchPad_StringSerial                    0x20000003   Data          26  usb_desc.o(.data)
    wIstr                                    0x20000020   Data           2  usb_istr.o(.data)
    bIntPackSOF                              0x20000022   Data           1  usb_istr.o(.data)
    esof_counter                             0x20000024   Data           4  usb_istr.o(.data)
    wCNTR                                    0x20000028   Data           4  usb_istr.o(.data)
    pEpInt_IN                                0x2000002c   Data          28  usb_istr.o(.data)
    pEpInt_OUT                               0x20000048   Data          28  usb_istr.o(.data)
    ProtocolValue                            0x20000064   Data           4  usb_prop.o(.data)
    Device_Table                             0x20000068   Data           2  usb_prop.o(.data)
    Device_Property                          0x2000006c   Data          48  usb_prop.o(.data)
    User_Standard_Requests                   0x2000009c   Data          36  usb_prop.o(.data)
    Device_Descriptor                        0x200000c0   Data           8  usb_prop.o(.data)
    Config_Descriptor                        0x200000c8   Data           8  usb_prop.o(.data)
    TouchPad_Report_Descriptor               0x200000d0   Data           8  usb_prop.o(.data)
    Mouse_Hid_Descriptor                     0x200000d8   Data           8  usb_prop.o(.data)
    String_Descriptor                        0x200000e0   Data          32  usb_prop.o(.data)
    bDeviceState                             0x20000100   Data           4  usb_pwr.o(.data)
    fSuspendEnabled                          0x20000104   Data           1  usb_pwr.o(.data)
    ResumeS                                  0x20000105   Data           2  usb_pwr.o(.data)
    remotewakeupon                           0x20000108   Data           4  usb_pwr.o(.data)
    prescaler_ms                             0x2000010c   Data           4  delay_tim1.o(.data)
    prescaler_us                             0x20000110   Data           4  delay_tim1.o(.data)
    SystemCoreClock                          0x20000114   Data           4  system_stm32f10x.o(.data)
    AHBPrescTable                            0x20000118   Data          16  system_stm32f10x.o(.data)
    StatusInfo                               0x20000128   Data           2  usb_core.o(.data)
    DevRemoteWakeup                          0x2000012c   Data           4  usb_core.o(.data)
    Data_Mul_MaxPacketSize                   0x20000130   Data           1  usb_core.o(.data)
    EPindex                                  0x20000134   Data           1  usb_init.o(.data)
    pInformation                             0x20000138   Data           4  usb_init.o(.data)
    pProperty                                0x2000013c   Data           4  usb_init.o(.data)
    SaveState                                0x20000140   Data           2  usb_init.o(.data)
    wInterrupt_Mask                          0x20000142   Data           2  usb_init.o(.data)
    pUser_Standard_Requests                  0x20000144   Data           4  usb_init.o(.data)
    SaveRState                               0x20000148   Data           2  usb_int.o(.data)
    SaveTState                               0x2000014a   Data           2  usb_int.o(.data)
    EP                                       0x2000014c   Data          32  usb_pwr.o(.bss)
    Device_Info                              0x2000016c   Data          28  usb_init.o(.bss)
    __libspace_start                         0x20000188   Data          96  libspace.o(.bss)
    __temporary_stack_top$libspace           0x200001e8   Data           0  libspace.o(.bss)



==============================================================================

Memory Map of the image

  Image Entry point : 0x080001c9

  Load Region LR_1 (Base: 0x08000000, Size: 0x00002378, Max: 0xffffffff, ABSOLUTE, COMPRESSED[0x000022b4])

    Execution Region ER_RO (Exec base: 0x08000000, Load base: 0x08000000, Size: 0x0000222c, Max: 0xffffffff, ABSOLUTE)

    Exec Addr    Load Addr    Size         Type   Attr      Idx    E Section Name        Object

    0x08000000   0x08000000   0x000000ec   Data   RO          556    RESET               startup_stm32f10x_md.o
    0x080000ec   0x080000ec   0x00000008   Code   RO         1139  * !!!main             c_w.l(__main.o)
    0x080000f4   0x080000f4   0x00000034   Code   RO         1298    !!!scatter          c_w.l(__scatter.o)
    0x08000128   0x08000128   0x0000005a   Code   RO         1296    !!dczerorl2         c_w.l(__dczerorl2.o)
    0x08000182   0x08000182   0x00000002   PAD
    0x08000184   0x08000184   0x0000001c   Code   RO         1300    !!handler_zi        c_w.l(__scatter_zi.o)
    0x080001a0   0x080001a0   0x00000002   Code   RO         1166    .ARM.Collect$$libinit$$00000000  c_w.l(libinit.o)
    0x080001a2   0x080001a2   0x00000000   Code   RO         1173    .ARM.Collect$$libinit$$00000002  c_w.l(libinit2.o)
    0x080001a2   0x080001a2   0x00000000   Code   RO         1175    .ARM.Collect$$libinit$$00000004  c_w.l(libinit2.o)
    0x080001a2   0x080001a2   0x00000000   Code   RO         1178    .ARM.Collect$$libinit$$0000000A  c_w.l(libinit2.o)
    0x080001a2   0x080001a2   0x00000000   Code   RO         1180    .ARM.Collect$$libinit$$0000000C  c_w.l(libinit2.o)
    0x080001a2   0x080001a2   0x00000000   Code   RO         1182    .ARM.Collect$$libinit$$0000000E  c_w.l(libinit2.o)
    0x080001a2   0x080001a2   0x00000000   Code   RO         1185    .ARM.Collect$$libinit$$00000011  c_w.l(libinit2.o)
    0x080001a2   0x080001a2   0x00000000   Code   RO         1187    .ARM.Collect$$libinit$$00000013  c_w.l(libinit2.o)
    0x080001a2   0x080001a2   0x00000000   Code   RO         1189    .ARM.Collect$$libinit$$00000015  c_w.l(libinit2.o)
    0x080001a2   0x080001a2   0x00000000   Code   RO         1191    .ARM.Collect$$libinit$$00000017  c_w.l(libinit2.o)
    0x080001a2   0x080001a2   0x00000000   Code   RO         1193    .ARM.Collect$$libinit$$00000019  c_w.l(libinit2.o)
    0x080001a2   0x080001a2   0x00000000   Code   RO         1195    .ARM.Collect$$libinit$$0000001B  c_w.l(libinit2.o)
    0x080001a2   0x080001a2   0x00000000   Code   RO         1197    .ARM.Collect$$libinit$$0000001D  c_w.l(libinit2.o)
    0x080001a2   0x080001a2   0x00000000   Code   RO         1199    .ARM.Collect$$libinit$$0000001F  c_w.l(libinit2.o)
    0x080001a2   0x080001a2   0x00000000   Code   RO         1201    .ARM.Collect$$libinit$$00000021  c_w.l(libinit2.o)
    0x080001a2   0x080001a2   0x00000000   Code   RO         1203    .ARM.Collect$$libinit$$00000023  c_w.l(libinit2.o)
    0x080001a2   0x080001a2   0x00000000   Code   RO         1205    .ARM.Collect$$libinit$$00000025  c_w.l(libinit2.o)
    0x080001a2   0x080001a2   0x00000000   Code   RO         1209    .ARM.Collect$$libinit$$0000002C  c_w.l(libinit2.o)
    0x080001a2   0x080001a2   0x00000000   Code   RO         1211    .ARM.Collect$$libinit$$0000002E  c_w.l(libinit2.o)
    0x080001a2   0x080001a2   0x00000000   Code   RO         1213    .ARM.Collect$$libinit$$00000030  c_w.l(libinit2.o)
    0x080001a2   0x080001a2   0x00000000   Code   RO         1215    .ARM.Collect$$libinit$$00000032  c_w.l(libinit2.o)
    0x080001a2   0x080001a2   0x00000002   Code   RO         1216    .ARM.Collect$$libinit$$00000033  c_w.l(libinit2.o)
    0x080001a4   0x080001a4   0x00000002   Code   RO         1236    .ARM.Collect$$libshutdown$$00000000  c_w.l(libshutdown.o)
    0x080001a6   0x080001a6   0x00000000   Code   RO         1249    .ARM.Collect$$libshutdown$$00000002  c_w.l(libshutdown2.o)
    0x080001a6   0x080001a6   0x00000000   Code   RO         1251    .ARM.Collect$$libshutdown$$00000004  c_w.l(libshutdown2.o)
    0x080001a6   0x080001a6   0x00000000   Code   RO         1254    .ARM.Collect$$libshutdown$$00000007  c_w.l(libshutdown2.o)
    0x080001a6   0x080001a6   0x00000000   Code   RO         1257    .ARM.Collect$$libshutdown$$0000000A  c_w.l(libshutdown2.o)
    0x080001a6   0x080001a6   0x00000000   Code   RO         1259    .ARM.Collect$$libshutdown$$0000000C  c_w.l(libshutdown2.o)
    0x080001a6   0x080001a6   0x00000000   Code   RO         1262    .ARM.Collect$$libshutdown$$0000000F  c_w.l(libshutdown2.o)
    0x080001a6   0x080001a6   0x00000002   Code   RO         1263    .ARM.Collect$$libshutdown$$00000010  c_w.l(libshutdown2.o)
    0x080001a8   0x080001a8   0x00000000   Code   RO         1141    .ARM.Collect$$rtentry$$00000000  c_w.l(__rtentry.o)
    0x080001a8   0x080001a8   0x00000000   Code   RO         1143    .ARM.Collect$$rtentry$$00000002  c_w.l(__rtentry2.o)
    0x080001a8   0x080001a8   0x00000006   Code   RO         1155    .ARM.Collect$$rtentry$$00000004  c_w.l(__rtentry4.o)
    0x080001ae   0x080001ae   0x00000000   Code   RO         1145    .ARM.Collect$$rtentry$$00000009  c_w.l(__rtentry2.o)
    0x080001ae   0x080001ae   0x00000004   Code   RO         1146    .ARM.Collect$$rtentry$$0000000A  c_w.l(__rtentry2.o)
    0x080001b2   0x080001b2   0x00000000   Code   RO         1148    .ARM.Collect$$rtentry$$0000000C  c_w.l(__rtentry2.o)
    0x080001b2   0x080001b2   0x00000008   Code   RO         1149    .ARM.Collect$$rtentry$$0000000D  c_w.l(__rtentry2.o)
    0x080001ba   0x080001ba   0x00000002   Code   RO         1170    .ARM.Collect$$rtexit$$00000000  c_w.l(rtexit.o)
    0x080001bc   0x080001bc   0x00000000   Code   RO         1218    .ARM.Collect$$rtexit$$00000002  c_w.l(rtexit2.o)
    0x080001bc   0x080001bc   0x00000004   Code   RO         1219    .ARM.Collect$$rtexit$$00000003  c_w.l(rtexit2.o)
    0x080001c0   0x080001c0   0x00000006   Code   RO         1220    .ARM.Collect$$rtexit$$00000004  c_w.l(rtexit2.o)
    0x080001c6   0x080001c6   0x00000002   PAD
    0x080001c8   0x080001c8   0x00000040   Code   RO          557  * .text               startup_stm32f10x_md.o
    0x08000208   0x08000208   0x00000006   Code   RO         1137    .text               c_w.l(heapauxi.o)
    0x0800020e   0x0800020e   0x0000004a   Code   RO         1157    .text               c_w.l(sys_stackheap_outer.o)
    0x08000258   0x08000258   0x00000012   Code   RO         1159    .text               c_w.l(exit.o)
    0x0800026a   0x0800026a   0x00000002   PAD
    0x0800026c   0x0800026c   0x00000008   Code   RO         1167    .text               c_w.l(libspace.o)
    0x08000274   0x08000274   0x0000000c   Code   RO         1228    .text               c_w.l(sys_exit.o)
    0x08000280   0x08000280   0x00000002   Code   RO         1239    .text               c_w.l(use_no_semi.o)
    0x08000282   0x08000282   0x00000000   Code   RO         1241    .text               c_w.l(indicate_semi.o)
    0x08000282   0x08000282   0x00000004   Code   RO          170    i.BusFault_Handler  stm32_it.o
    0x08000286   0x08000286   0x0000000c   Code   RO          751    i.ByteSwap          usb_regs.o
    0x08000292   0x08000292   0x00000002   PAD
    0x08000294   0x08000294   0x00000288   Code   RO          704    i.CTR_LP            usb_int.o
    0x0800051c   0x0800051c   0x00000034   Code   RO          752    i.ClearDTOG_RX      usb_regs.o
    0x08000550   0x08000550   0x00000034   Code   RO          753    i.ClearDTOG_TX      usb_regs.o
    0x08000584   0x08000584   0x00000028   Code   RO          758    i.Clear_Status_Out  usb_regs.o
    0x080005ac   0x080005ac   0x000000c0   Code   RO          561    i.DataStageIn       usb_core.o
    0x0800066c   0x0800066c   0x000000e0   Code   RO          562    i.DataStageOut      usb_core.o
    0x0800074c   0x0800074c   0x00000298   Code   RO          563    i.Data_Setup0       usb_core.o
    0x080009e4   0x080009e4   0x00000002   Code   RO          171    i.DebugMon_Handler  stm32_it.o
    0x080009e6   0x080009e6   0x00000002   PAD
    0x080009e8   0x080009e8   0x0000000c   Code   RO          259    i.EP1_IN_Callback   usb_endp.o
    0x080009f4   0x080009f4   0x00000020   Code   RO          770    i.GetEPRxAddr       usb_regs.o
    0x08000a14   0x08000a14   0x00000020   Code   RO          773    i.GetEPTxAddr       usb_regs.o
    0x08000a34   0x08000a34   0x00000034   Code   RO          103    i.Get_SerialNum     hw_config.o
    0x08000a68   0x08000a68   0x00000004   Code   RO          172    i.HardFault_Handler  stm32_it.o
    0x08000a6c   0x08000a6c   0x00000070   Code   RO          564    i.In0_Process       usb_core.o
    0x08000adc   0x08000adc   0x0000003e   Code   RO          104    i.IntToUnicode      hw_config.o
    0x08000b1a   0x08000b1a   0x00000004   Code   RO          173    i.MemManage_Handler  stm32_it.o
    0x08000b1e   0x08000b1e   0x00000002   Code   RO          174    i.NMI_Handler       stm32_it.o
    0x08000b20   0x08000b20   0x00000002   Code   RO          565    i.NOP_Process       usb_core.o
    0x08000b22   0x08000b22   0x00000002   PAD
    0x08000b24   0x08000b24   0x00000140   Code   RO          566    i.NoData_Setup0     usb_core.o
    0x08000c64   0x08000c64   0x00000050   Code   RO          567    i.Out0_Process      usb_core.o
    0x08000cb4   0x08000cb4   0x00000028   Code   RO          733    i.PMAToUserBufferCopy  usb_mem.o
    0x08000cdc   0x08000cdc   0x00000002   Code   RO          175    i.PendSV_Handler    stm32_it.o
    0x08000cde   0x08000cde   0x00000002   PAD
    0x08000ce0   0x08000ce0   0x00000048   Code   RO          568    i.Post0_Process     usb_core.o
    0x08000d28   0x08000d28   0x00000050   Code   RO          404    i.PowerOn           usb_pwr.o
    0x08000d78   0x08000d78   0x000000d0   Code   RO          405    i.Resume            usb_pwr.o
    0x08000e48   0x08000e48   0x0000001c   Code   RO          406    i.Resume_Init       usb_pwr.o
    0x08000e64   0x08000e64   0x00000002   Code   RO          176    i.SVC_Handler       stm32_it.o
    0x08000e66   0x08000e66   0x00000002   PAD
    0x08000e68   0x08000e68   0x00000010   Code   RO          781    i.SetBTABLE         usb_regs.o
    0x08000e78   0x08000e78   0x00000050   Code   RO          569    i.SetDeviceAddress  usb_core.o
    0x08000ec8   0x08000ec8   0x00000024   Code   RO          795    i.SetEPRxAddr       usb_regs.o
    0x08000eec   0x08000eec   0x0000004c   Code   RO          796    i.SetEPRxCount      usb_regs.o
    0x08000f38   0x08000f38   0x00000040   Code   RO          797    i.SetEPRxStatus     usb_regs.o
    0x08000f78   0x08000f78   0x00000034   Code   RO          798    i.SetEPRxValid      usb_regs.o
    0x08000fac   0x08000fac   0x00000020   Code   RO          799    i.SetEPTxAddr       usb_regs.o
    0x08000fcc   0x08000fcc   0x0000001c   Code   RO          800    i.SetEPTxCount      usb_regs.o
    0x08000fe8   0x08000fe8   0x00000040   Code   RO          801    i.SetEPTxStatus     usb_regs.o
    0x08001028   0x08001028   0x00000034   Code   RO          802    i.SetEPTxValid      usb_regs.o
    0x0800105c   0x0800105c   0x00000024   Code   RO          803    i.SetEPType         usb_regs.o
    0x08001080   0x08001080   0x0000000c   Code   RO          805    i.SetISTR           usb_regs.o
    0x0800108c   0x0800108c   0x00000008   Code   RO          520    i.SetSysClock       system_stm32f10x.o
    0x08001094   0x08001094   0x000000e4   Code   RO          521    i.SetSysClockTo72   system_stm32f10x.o
    0x08001178   0x08001178   0x0000005c   Code   RO          106    i.Set_System        hw_config.o
    0x080011d4   0x080011d4   0x0000001c   Code   RO          107    i.Set_USBClock      hw_config.o
    0x080011f0   0x080011f0   0x000000b8   Code   RO          570    i.Setup0_Process    usb_core.o
    0x080012a8   0x080012a8   0x0000016c   Code   RO          571    i.Standard_ClearFeature  usb_core.o
    0x08001414   0x08001414   0x0000002c   Code   RO          572    i.Standard_GetConfiguration  usb_core.o
    0x08001440   0x08001440   0x00000024   Code   RO          573    i.Standard_GetDescriptorData  usb_core.o
    0x08001464   0x08001464   0x0000002c   Code   RO          574    i.Standard_GetInterface  usb_core.o
    0x08001490   0x08001490   0x00000100   Code   RO          575    i.Standard_GetStatus  usb_core.o
    0x08001590   0x08001590   0x00000048   Code   RO          576    i.Standard_SetConfiguration  usb_core.o
    0x080015d8   0x080015d8   0x00000028   Code   RO          577    i.Standard_SetDeviceFeature  usb_core.o
    0x08001600   0x08001600   0x000000d0   Code   RO          578    i.Standard_SetEndPointFeature  usb_core.o
    0x080016d0   0x080016d0   0x0000006c   Code   RO          579    i.Standard_SetInterface  usb_core.o
    0x0800173c   0x0800173c   0x00000094   Code   RO          407    i.Suspend           usb_pwr.o
    0x080017d0   0x080017d0   0x00000002   Code   RO          177    i.SysTick_Handler   stm32_it.o
    0x080017d2   0x080017d2   0x00000002   PAD
    0x080017d4   0x080017d4   0x00000060   Code   RO          523    i.SystemInit        system_stm32f10x.o
    0x08001834   0x08001834   0x00000024   Code   RO          108    i.TouchPadState     hw_config.o
    0x08001858   0x08001858   0x0000007c   Code   RO          290    i.TouchPad_Data_Setup  usb_prop.o
    0x080018d4   0x080018d4   0x00000014   Code   RO          291    i.TouchPad_GetConfigDescriptor  usb_prop.o
    0x080018e8   0x080018e8   0x00000014   Code   RO          292    i.TouchPad_GetDeviceDescriptor  usb_prop.o
    0x080018fc   0x080018fc   0x00000014   Code   RO          293    i.TouchPad_GetHIDDescriptor  usb_prop.o
    0x08001910   0x08001910   0x0000001c   Code   RO          294    i.TouchPad_GetProtocolValue  usb_prop.o
    0x0800192c   0x0800192c   0x00000014   Code   RO          295    i.TouchPad_GetReportDescriptor  usb_prop.o
    0x08001940   0x08001940   0x00000028   Code   RO          296    i.TouchPad_GetStringDescriptor  usb_prop.o
    0x08001968   0x08001968   0x00000016   Code   RO          297    i.TouchPad_Get_Interface_Setting  usb_prop.o
    0x0800197e   0x0800197e   0x00000002   PAD
    0x08001980   0x08001980   0x00000024   Code   RO          298    i.TouchPad_NoData_Setup  usb_prop.o
    0x080019a4   0x080019a4   0x000000a4   Code   RO          299    i.TouchPad_Reset    usb_prop.o
    0x08001a48   0x08001a48   0x00000064   Code   RO          109    i.TouchPad_Send     hw_config.o
    0x08001aac   0x08001aac   0x00000018   Code   RO          300    i.TouchPad_SetConfiguration  usb_prop.o
    0x08001ac4   0x08001ac4   0x0000000c   Code   RO          301    i.TouchPad_SetDeviceAddress  usb_prop.o
    0x08001ad0   0x08001ad0   0x00000018   Code   RO          302    i.TouchPad_SetProtocol  usb_prop.o
    0x08001ae8   0x08001ae8   0x00000002   Code   RO          303    i.TouchPad_Status_In  usb_prop.o
    0x08001aea   0x08001aea   0x00000002   Code   RO          304    i.TouchPad_Status_Out  usb_prop.o
    0x08001aec   0x08001aec   0x00000028   Code   RO          305    i.TouchPad_init     usb_prop.o
    0x08001b14   0x08001b14   0x00000010   Code   RO          178    i.USBWakeUp_IRQHandler  stm32_it.o
    0x08001b24   0x08001b24   0x0000001c   Code   RO          110    i.USB_Cable_Config  hw_config.o
    0x08001b40   0x08001b40   0x0000003c   Code   RO          680    i.USB_Init          usb_init.o
    0x08001b7c   0x08001b7c   0x00000040   Code   RO          111    i.USB_Interrupts_Config  hw_config.o
    0x08001bbc   0x08001bbc   0x000001cc   Code   RO          272    i.USB_Istr          usb_istr.o
    0x08001d88   0x08001d88   0x00000008   Code   RO          179    i.USB_LP_CAN1_RX0_IRQHandler  stm32_it.o
    0x08001d90   0x08001d90   0x00000024   Code   RO         1111    i.USB_SIL_Init      usb_sil.o
    0x08001db4   0x08001db4   0x0000002e   Code   RO         1113    i.USB_SIL_Write     usb_sil.o
    0x08001de2   0x08001de2   0x00000004   Code   RO          180    i.UsageFault_Handler  stm32_it.o
    0x08001de6   0x08001de6   0x00000002   PAD
    0x08001de8   0x08001de8   0x00000038   Code   RO          734    i.UserToPMABufferCopy  usb_mem.o
    0x08001e20   0x08001e20   0x000000a8   Code   RO          446    i.adc1_init         adc.o
    0x08001ec8   0x08001ec8   0x00000048   Code   RO          470    i.delay_ms          delay_tim1.o
    0x08001f10   0x08001f10   0x00000040   Code   RO          471    i.delay_tim1_init   delay_tim1.o
    0x08001f50   0x08001f50   0x0000002c   Code   RO          497    i.led_init          led.o
    0x08001f7c   0x08001f7c   0x00000068   Code   RO            1    i.main              main.o
    0x08001fe4   0x08001fe4   0x000000bc   Code   RO            2    i.rcc_init          main.o
    0x080020a0   0x080020a0   0x000000a4   Code   RO          448    i.touchpad_init     adc.o
    0x08002144   0x08002144   0x000000c6   Data   RO          246    .constdata          usb_desc.o
    0x0800220a   0x0800220a   0x00000002   PAD
    0x0800220c   0x0800220c   0x00000020   Data   RO         1294    Region$$Table       anon$$obj.o


    Execution Region ER_RW (Exec base: 0x20000000, Load base: 0x0800222c, Size: 0x0000014c, Max: 0xffffffff, ABSOLUTE, COMPRESSED[0x00000088])

    Exec Addr    Load Addr    Size         Type   Attr      Idx    E Section Name        Object

    0x20000000   COMPRESSED   0x00000001   Data   RW            3    .data               main.o
    0x20000001   COMPRESSED   0x00000002   Data   RW          112    .data               hw_config.o
    0x20000003   COMPRESSED   0x0000001a   Data   RW          247    .data               usb_desc.o
    0x2000001d   COMPRESSED   0x00000003   PAD
    0x20000020   COMPRESSED   0x00000044   Data   RW          273    .data               usb_istr.o
    0x20000064   COMPRESSED   0x0000009c   Data   RW          306    .data               usb_prop.o
    0x20000100   COMPRESSED   0x0000000c   Data   RW          409    .data               usb_pwr.o
    0x2000010c   COMPRESSED   0x00000008   Data   RW          473    .data               delay_tim1.o
    0x20000114   COMPRESSED   0x00000014   Data   RW          524    .data               system_stm32f10x.o
    0x20000128   COMPRESSED   0x00000009   Data   RW          580    .data               usb_core.o
    0x20000131   COMPRESSED   0x00000003   PAD
    0x20000134   COMPRESSED   0x00000014   Data   RW          682    .data               usb_init.o
    0x20000148   COMPRESSED   0x00000004   Data   RW          705    .data               usb_int.o


    Execution Region ER_ZI (Exec base: 0x2000014c, Load base: 0x080022b4, Size: 0x0000069c, Max: 0xffffffff, ABSOLUTE)

    Exec Addr    Load Addr    Size         Type   Attr      Idx    E Section Name        Object

    0x2000014c        -       0x00000020   Zero   RW          408    .bss                usb_pwr.o
    0x2000016c        -       0x0000001c   Zero   RW          681    .bss                usb_init.o
    0x20000188        -       0x00000060   Zero   RW         1168    .bss                c_w.l(libspace.o)
    0x200001e8        -       0x00000200   Zero   RW          555    HEAP                startup_stm32f10x_md.o
    0x200003e8        -       0x00000400   Zero   RW          554    STACK               startup_stm32f10x_md.o


==============================================================================

Image component sizes


      Code (inc. data)   RO Data    RW Data    ZI Data      Debug   Object Name

       332         28          0          0          0        908   adc.o
         0          0          0          0          0         32   core_cm3.o
       136         30          0          8          0       1173   delay_tim1.o
       462         48          0          2          0      20104   hw_config.o
        44          8          0          0          0        403   led.o
       292         24          0          1          0     210857   main.o
        64         26        236          0       1536        800   startup_stm32f10x_md.o
        50          6          0          0          0       4634   stm32_it.o
       332         28          0         20          0       2269   system_stm32f10x.o
      3102        294          0          9          0      13727   usb_core.o
         0          0        198         26          0       1101   usb_desc.o
        12          4          0          0          0        418   usb_endp.o
        60         24          0         20         28       4058   usb_init.o
       648         32          0          4          0       1728   usb_int.o
       460         38          0         68          0       1607   usb_istr.o
        96         10          0          0          0       1748   usb_mem.o
       598        110          0        156          0      12160   usb_prop.o
       464         50          0         12         32       3612   usb_pwr.o
       688         96          0          0          0       9018   usb_regs.o
        82          8          0          0          0       1471   usb_sil.o

    ----------------------------------------------------------------------
      7938        864        468        332       1596     291828   Object Totals
         0          0         32          0          0          0   (incl. Generated)
        16          0          2          6          0          0   (incl. Padding)

    ----------------------------------------------------------------------

      Code (inc. data)   RO Data    RW Data    ZI Data      Debug   Library Member Name

        90          0          0          0          0          0   __dczerorl2.o
         8          0          0          0          0         68   __main.o
         0          0          0          0          0          0   __rtentry.o
        12          0          0          0          0          0   __rtentry2.o
         6          0          0          0          0          0   __rtentry4.o
        52          8          0          0          0          0   __scatter.o
        28          0          0          0          0          0   __scatter_zi.o
        18          0          0          0          0         80   exit.o
         6          0          0          0          0        152   heapauxi.o
         0          0          0          0          0          0   indicate_semi.o
         2          0          0          0          0          0   libinit.o
         2          0          0          0          0          0   libinit2.o
         2          0          0          0          0          0   libshutdown.o
         2          0          0          0          0          0   libshutdown2.o
         8          4          0          0         96         68   libspace.o
         2          0          0          0          0          0   rtexit.o
        10          0          0          0          0          0   rtexit2.o
        12          4          0          0          0         68   sys_exit.o
        74          0          0          0          0         80   sys_stackheap_outer.o
         2          0          0          0          0         68   use_no_semi.o

    ----------------------------------------------------------------------
       342         16          0          0         96        584   Library Totals
         6          0          0          0          0          0   (incl. Padding)

    ----------------------------------------------------------------------

      Code (inc. data)   RO Data    RW Data    ZI Data      Debug   Library Name

       336         16          0          0         96        584   c_w.l

    ----------------------------------------------------------------------
       342         16          0          0         96        584   Library Totals

    ----------------------------------------------------------------------

==============================================================================


      Code (inc. data)   RO Data    RW Data    ZI Data      Debug   

      8280        880        468        332       1692     287624   Grand Totals
      8280        880        468        136       1692     287624   ELF Image Totals (compressed)
      8280        880        468        136          0          0   ROM Totals

==============================================================================

    Total RO  Size (Code + RO Data)                 8748 (   8.54kB)
    Total RW  Size (RW Data + ZI Data)              2024 (   1.98kB)
    Total ROM Size (Code + RO Data + RW Data)       8884 (   8.68kB)

==============================================================================

