Component: ARM Compiler 5.06 update 6 (build 750) Tool: armlink [4d35ed]

==============================================================================

Section Cross References

    main.o(i.main) refers to main.o(i.rcc_init) for rcc_init
    main.o(i.main) refers to hw_config.o(i.Set_System) for Set_System
    main.o(i.main) refers to hw_config.o(i.USB_Interrupts_Config) for USB_Interrupts_Config
    main.o(i.main) refers to hw_config.o(i.Set_USBClock) for Set_USBClock
    main.o(i.main) refers to usb_init.o(i.USB_Init) for USB_Init
    main.o(i.main) refers to delay_tim1.o(i.delay_tim1_init) for delay_tim1_init
    main.o(i.main) refers to led.o(i.led_init) for led_init
    main.o(i.main) refers to usart.o(i.usart1_init) for usart1_init
    main.o(i.main) refers to adc.o(i.adc1_init_dma) for adc1_init_dma
    main.o(i.main) refers to adc.o(i.touchpad_init) for touchpad_init
    main.o(i.main) refers to timer.o(i.timer2_init) for timer2_init
    main.o(i.main) refers to hw_config.o(i.TouchPadState) for TouchPadState
    main.o(i.main) refers to usb_pwr.o(.data) for bDeviceState
    hw_config.o(i.Get_SerialNum) refers to hw_config.o(i.IntToUnicode) for IntToUnicode
    hw_config.o(i.Get_SerialNum) refers to usb_desc.o(.data) for TouchPad_StringSerial
    hw_config.o(i.Leave_LowPowerMode) refers to usb_init.o(.bss) for Device_Info
    hw_config.o(i.Leave_LowPowerMode) refers to usb_pwr.o(.data) for bDeviceState
    hw_config.o(i.TouchPadState) refers to adc.o(i.print_value_ADC) for print_value_ADC
    hw_config.o(i.TouchPadState) refers to fflt_clz.o(x$fpl$ffltu) for __aeabi_ui2f
    hw_config.o(i.TouchPadState) refers to fmul.o(x$fpl$fmul) for __aeabi_fmul
    hw_config.o(i.TouchPadState) refers to fdiv.o(x$fpl$fdiv) for __aeabi_fdiv
    hw_config.o(i.TouchPadState) refers to hw_config.o(i.convert) for convert
    hw_config.o(i.TouchPadState) refers to ffix.o(x$fpl$ffix) for __aeabi_f2iz
    hw_config.o(i.TouchPadState) refers to usb_sil.o(i.USB_SIL_Write) for USB_SIL_Write
    hw_config.o(i.TouchPadState) refers to usb_regs.o(i.SetEPTxValid) for SetEPTxValid
    hw_config.o(i.TouchPadState) refers to hw_config.o(.data) for update
    hw_config.o(i.TouchPadState) refers to main.o(.data) for PrevXferComplete
    hw_config.o(i.convert) refers to faddsub_clz.o(x$fpl$fsub) for __aeabi_fsub
    hw_config.o(i.convert) refers to fdiv.o(x$fpl$fdiv) for __aeabi_fdiv
    hw_config.o(i.convert) refers to fmul.o(x$fpl$fmul) for __aeabi_fmul
    hw_config.o(i.convert) refers to faddsub_clz.o(x$fpl$fadd) for __aeabi_fadd
    stm32_it.o(i.USB_LP_CAN1_RX0_IRQHandler) refers to usb_istr.o(i.USB_Istr) for USB_Istr
    usb_endp.o(i.EP1_IN_Callback) refers to main.o(.data) for PrevXferComplete
    usb_istr.o(i.USB_Istr) refers to usb_int.o(i.CTR_LP) for CTR_LP
    usb_istr.o(i.USB_Istr) refers to usb_pwr.o(i.Resume) for Resume
    usb_istr.o(i.USB_Istr) refers to usb_pwr.o(i.Suspend) for Suspend
    usb_istr.o(i.USB_Istr) refers to usb_istr.o(.data) for wIstr
    usb_istr.o(i.USB_Istr) refers to usb_init.o(.data) for wInterrupt_Mask
    usb_istr.o(i.USB_Istr) refers to usb_prop.o(.data) for Device_Property
    usb_istr.o(i.USB_Istr) refers to usb_pwr.o(.data) for fSuspendEnabled
    usb_istr.o(.data) refers to usb_endp.o(i.EP1_IN_Callback) for EP1_IN_Callback
    usb_istr.o(.data) refers to usb_core.o(i.NOP_Process) for NOP_Process
    usb_prop.o(i.TouchPad_Data_Setup) refers to usb_init.o(.data) for pInformation
    usb_prop.o(i.TouchPad_Data_Setup) refers to usb_prop.o(i.TouchPad_GetReportDescriptor) for TouchPad_GetReportDescriptor
    usb_prop.o(i.TouchPad_Data_Setup) refers to usb_prop.o(i.TouchPad_GetHIDDescriptor) for TouchPad_GetHIDDescriptor
    usb_prop.o(i.TouchPad_Data_Setup) refers to usb_prop.o(i.TouchPad_GetProtocolValue) for TouchPad_GetProtocolValue
    usb_prop.o(i.TouchPad_GetConfigDescriptor) refers to usb_core.o(i.Standard_GetDescriptorData) for Standard_GetDescriptorData
    usb_prop.o(i.TouchPad_GetConfigDescriptor) refers to usb_prop.o(.data) for Config_Descriptor
    usb_prop.o(i.TouchPad_GetDeviceDescriptor) refers to usb_core.o(i.Standard_GetDescriptorData) for Standard_GetDescriptorData
    usb_prop.o(i.TouchPad_GetDeviceDescriptor) refers to usb_prop.o(.data) for Device_Descriptor
    usb_prop.o(i.TouchPad_GetHIDDescriptor) refers to usb_core.o(i.Standard_GetDescriptorData) for Standard_GetDescriptorData
    usb_prop.o(i.TouchPad_GetHIDDescriptor) refers to usb_prop.o(.data) for Mouse_Hid_Descriptor
    usb_prop.o(i.TouchPad_GetProtocolValue) refers to usb_init.o(.data) for pInformation
    usb_prop.o(i.TouchPad_GetProtocolValue) refers to usb_prop.o(.data) for ProtocolValue
    usb_prop.o(i.TouchPad_GetReportDescriptor) refers to usb_core.o(i.Standard_GetDescriptorData) for Standard_GetDescriptorData
    usb_prop.o(i.TouchPad_GetReportDescriptor) refers to usb_prop.o(.data) for TouchPad_Report_Descriptor
[...]
    rtexit.o(.ARM.Collect$$rtexit$$00000000) refers (Special) to rtexit2.o(.ARM.Collect$$rtexit$$00000004) for __rt_exit_exit
    rtexit.o(.ARM.Collect$$rtexit$$00000000) refers (Special) to rtexit2.o(.ARM.Collect$$rtexit$$00000003) for __rt_exit_ls
    rtexit.o(.ARM.Collect$$rtexit$$00000000) refers (Special) to rtexit2.o(.ARM.Collect$$rtexit$$00000002) for __rt_exit_prels_1
    rtexit.o(.ARM.exidx) refers (Special) to rtexit2.o(.ARM.Collect$$rtexit$$00000004) for __rt_exit_exit
    rtexit.o(.ARM.exidx) refers (Special) to rtexit2.o(.ARM.Collect$$rtexit$$00000003) for __rt_exit_ls
    rtexit.o(.ARM.exidx) refers (Special) to rtexit2.o(.ARM.Collect$$rtexit$$00000002) for __rt_exit_prels_1
    rtexit.o(.ARM.exidx) refers to rtexit.o(.ARM.Collect$$rtexit$$00000000) for .ARM.Collect$$rtexit$$00000000
    libinit2.o(.ARM.Collect$$libinit$$00000010) refers to libinit2.o(.ARM.Collect$$libinit$$0000000F) for .ARM.Collect$$libinit$$0000000F
    libinit2.o(.ARM.Collect$$libinit$$00000012) refers to libinit2.o(.ARM.Collect$$libinit$$0000000F) for .ARM.Collect$$libinit$$0000000F
    libinit2.o(.ARM.Collect$$libinit$$00000014) refers to libinit2.o(.ARM.Collect$$libinit$$0000000F) for .ARM.Collect$$libinit$$0000000F
    libinit2.o(.ARM.Collect$$libinit$$00000016) refers to libinit2.o(.ARM.Collect$$libinit$$0000000F) for .ARM.Collect$$libinit$$0000000F
    libinit2.o(.ARM.Collect$$libinit$$00000018) refers to libinit2.o(.ARM.Collect$$libinit$$0000000F) for .ARM.Collect$$libinit$$0000000F
    libinit2.o(.ARM.Collect$$libinit$$00000026) refers to argv_veneer.o(.emb_text) for __ARM_argv_veneer
    libinit2.o(.ARM.Collect$$libinit$$00000027) refers to argv_veneer.o(.emb_text) for __ARM_argv_veneer
    rtexit2.o(.ARM.Collect$$rtexit$$00000003) refers to libshutdown.o(.ARM.Collect$$libshutdown$$00000000) for __rt_lib_shutdown
    rtexit2.o(.ARM.Collect$$rtexit$$00000004) refers to sys_exit.o(.text) for _sys_exit
    rtexit2.o(.ARM.exidx) refers to rtexit2.o(.ARM.Collect$$rtexit$$00000001) for .ARM.Collect$$rtexit$$00000001
    rtexit2.o(.ARM.exidx) refers to rtexit2.o(.ARM.Collect$$rtexit$$00000003) for .ARM.Collect$$rtexit$$00000003
    rtexit2.o(.ARM.exidx) refers to rtexit2.o(.ARM.Collect$$rtexit$$00000004) for .ARM.Collect$$rtexit$$00000004
    argv_veneer.o(.emb_text) refers to no_argv.o(.text) for __ARM_get_argv
    sys_exit.o(.text) refers (Special) to use_no_semi.o(.text) for __I$use$semihosting
    sys_exit.o(.text) refers (Special) to indicate_semi.o(.text) for __semihosting_library_function
    _get_argv_nomalloc.o(.text) refers (Special) to hrguard.o(.text) for __heap_region$guard
    _get_argv_nomalloc.o(.text) refers to defsig_rtmem_outer.o(.text) for __rt_SIGRTMEM
    _get_argv_nomalloc.o(.text) refers to sys_command.o(.text) for _sys_command_string
    libshutdown.o(.ARM.Collect$$libshutdown$$00000000) refers (Special) to libshutdown2.o(.ARM.Collect$$libshutdown$$00000002) for __rt_lib_shutdown_cpp_1
    libshutdown.o(.ARM.Collect$$libshutdown$$00000000) refers (Special) to libshutdown2.o(.ARM.Collect$$libshutdown$$00000007) for __rt_lib_shutdown_fp_trap_1
    libshutdown.o(.ARM.Collect$$libshutdown$$00000000) refers (Special) to libshutdown2.o(.ARM.Collect$$libshutdown$$0000000F) for __rt_lib_shutdown_heap_1
    libshutdown.o(.ARM.Collect$$libshutdown$$00000000) refers (Special) to libshutdown2.o(.ARM.Collect$$libshutdown$$00000010) for __rt_lib_shutdown_return
    libshutdown.o(.ARM.Collect$$libshutdown$$00000000) refers (Special) to libshutdown2.o(.ARM.Collect$$libshutdown$$0000000A) for __rt_lib_shutdown_signal_1
    libshutdown.o(.ARM.Collect$$libshutdown$$00000000) refers (Special) to libshutdown2.o(.ARM.Collect$$libshutdown$$00000004) for __rt_lib_shutdown_stdio_1
    libshutdown.o(.ARM.Collect$$libshutdown$$00000000) refers (Special) to libshutdown2.o(.ARM.Collect$$libshutdown$$0000000C) for __rt_lib_shutdown_user_alloc_1
    sys_command.o(.text) refers (Special) to use_no_semi.o(.text) for __I$use$semihosting
    sys_command.o(.text) refers (Special) to indicate_semi.o(.text) for __semihosting_library_function
    defsig_rtmem_outer.o(.text) refers to defsig_rtmem_inner.o(.text) for __rt_SIGRTMEM_inner
    defsig_rtmem_outer.o(.text) refers to defsig_exit.o(.text) for __sig_exit
    defsig_rtmem_formal.o(.text) refers to rt_raise.o(.text) for __rt_raise
    rt_raise.o(.text) refers to __raise.o(.text) for __raise
    rt_raise.o(.text) refers to sys_exit.o(.text) for _sys_exit
    defsig_exit.o(.text) refers to sys_exit.o(.text) for _sys_exit
    defsig_rtmem_inner.o(.text) refers to defsig_general.o(.text) for __default_signal_display
    __raise.o(.text) refers to defsig.o(CL$$defsig) for __default_signal_handler
    defsig_general.o(.text) refers to sys_wrch.o(.text) for _ttywrch
    sys_wrch.o(.text) refers (Special) to use_no_semi.o(.text) for __I$use$semihosting
    sys_wrch.o(.text) refers (Special) to indicate_semi.o(.text) for __semihosting_library_function
    defsig.o(CL$$defsig) refers to defsig_rtmem_inner.o(.text) for __rt_SIGRTMEM_inner
    defsig_abrt_inner.o(.text) refers to defsig_general.o(.text) for __default_signal_display
    defsig_fpe_inner.o(.text) refers to defsig_general.o(.text) for __default_signal_display
    defsig_rtred_inner.o(.text) refers to defsig_general.o(.text) for __default_signal_display
    defsig_stak_inner.o(.text) refers to defsig_general.o(.text) for __default_signal_display
    defsig_pvfn_inner.o(.text) refers to defsig_general.o(.text) for __default_signal_display
    defsig_cppl_inner.o(.text) refers to defsig_general.o(.text) for __default_signal_display
    defsig_segv_inner.o(.text) refers to defsig_general.o(.text) for __default_signal_display
    defsig_other.o(.text) refers to defsig_general.o(.text) for __default_signal_display


==============================================================================

Removing Unused input sections from the image.

    Removing hw_config.o(i.Leave_LowPowerMode), (32 bytes).
    Removing hw_config.o(i.TouchPad_Send), (2 bytes).
    Removing hw_config.o(.bss), (13 bytes).
    Removing usb_pwr.o(i.PowerOff), (32 bytes).
    Removing adc.o(i.adc1_init), (168 bytes).
    Removing adc.o(i.adc_read), (12 bytes).
    Removing delay_tim1.o(i.delay_ms), (72 bytes).
    Removing delay_tim1.o(i.delay_us), (68 bytes).
    Removing timer.o(i.timer3_init), (128 bytes).
    Removing timer.o(i.timer4_init), (88 bytes).
    Removing usart.o(i.usart2_init), (188 bytes).
    Removing usart.o(i.usart_send_data), (16 bytes).
    Removing usart.o(i.usart_send_string), (32 bytes).
    Removing core_cm3.o(.emb_text), (32 bytes).
    Removing system_stm32f10x.o(i.SystemCoreClockUpdate), (164 bytes).
    Removing system_stm32f10x.o(.data), (20 bytes).
    Removing usb_int.o(i.CTR_HP), (200 bytes).
    Removing usb_regs.o(i.ClearEPDoubleBuff), (40 bytes).
    Removing usb_regs.o(i.ClearEP_CTR_RX), (36 bytes).
    Removing usb_regs.o(i.ClearEP_CTR_TX), (32 bytes).
    Removing usb_regs.o(i.ClearEP_KIND), (40 bytes).
    Removing usb_regs.o(i.FreeUserBuffer), (84 bytes).
    Removing usb_regs.o(i.GetBTABLE), (12 bytes).
    Removing usb_regs.o(i.GetCNTR), (12 bytes).
    Removing usb_regs.o(i.GetDADDR), (12 bytes).
    Removing usb_regs.o(i.GetENDPOINT), (20 bytes).
    Removing usb_regs.o(i.GetEPAddress), (24 bytes).
    Removing usb_regs.o(i.GetEPDblBuf0Addr), (32 bytes).
    Removing usb_regs.o(i.GetEPDblBuf0Count), (36 bytes).
    Removing usb_regs.o(i.GetEPDblBuf1Addr), (32 bytes).
    Removing usb_regs.o(i.GetEPDblBuf1Count), (36 bytes).
    Removing usb_regs.o(i.GetEPDblBufDir), (72 bytes).
    Removing usb_regs.o(i.GetEPRxCount), (36 bytes).
    Removing usb_regs.o(i.GetEPRxStatus), (24 bytes).
    Removing usb_regs.o(i.GetEPTxCount), (36 bytes).
    Removing usb_regs.o(i.GetEPTxStatus), (24 bytes).
    Removing usb_regs.o(i.GetEPType), (24 bytes).
    Removing usb_regs.o(i.GetFNR), (12 bytes).
    Removing usb_regs.o(i.GetISTR), (12 bytes).
    Removing usb_regs.o(i.GetRxStallStatus), (36 bytes).
    Removing usb_regs.o(i.GetTxStallStatus), (32 bytes).
    Removing usb_regs.o(i.SetCNTR), (12 bytes).
    Removing usb_regs.o(i.SetDADDR), (12 bytes).
    Removing usb_regs.o(i.SetDouBleBuffEPStall), (60 bytes).
    Removing usb_regs.o(i.SetENDPOINT), (16 bytes).
    Removing usb_regs.o(i.SetEPAddress), (44 bytes).
    Removing usb_regs.o(i.SetEPCountRxReg), (48 bytes).
    Removing usb_regs.o(i.SetEPDblBuf0Addr), (32 bytes).
    Removing usb_regs.o(i.SetEPDblBuf0Count), (104 bytes).
    Removing usb_regs.o(i.SetEPDblBuf1Addr), (36 bytes).
    Removing usb_regs.o(i.SetEPDblBuf1Count), (104 bytes).
    Removing usb_regs.o(i.SetEPDblBuffAddr), (52 bytes).
    Removing usb_regs.o(i.SetEPDblBuffCount), (196 bytes).
    Removing usb_regs.o(i.SetEPDoubleBuff), (44 bytes).
    Removing usb_regs.o(i.SetEP_KIND), (44 bytes).
    Removing usb_regs.o(i.Set_Status_Out), (44 bytes).
    Removing usb_regs.o(i.ToWord), (8 bytes).
    Removing usb_regs.o(i.ToggleDTOG_RX), (40 bytes).
    Removing usb_regs.o(i.ToggleDTOG_TX), (40 bytes).
    Removing usb_sil.o(i.USB_SIL_Read), (46 bytes).

60 unused section(s) (total 3005 bytes) removed from the image.

==============================================================================

Image Symbol Table

    Local Symbols

    Symbol Name                              Value     Ov Type        Size  Object(Section)

    ../clib/angel/boardlib.s                 0x00000000   Number         0  boardshut.o ABSOLUTE
    ../clib/angel/boardlib.s                 0x00000000   Number         0  boardinit1.o ABSOLUTE
    ../clib/angel/boardlib.s                 0x00000000   Number         0  boardinit2.o ABSOLUTE
    ../clib/angel/boardlib.s                 0x00000000   Number         0  boardinit3.o ABSOLUTE
    ../clib/angel/dczerorl2.s                0x00000000   Number         0  __dczerorl2.o ABSOLUTE
    ../clib/angel/handlers.s                 0x00000000   Number         0  __scatter_zi.o ABSOLUTE
    ../clib/angel/kernel.s                   0x00000000   Number         0  rtexit.o ABSOLUTE
    ../clib/angel/kernel.s                   0x00000000   Number         0  rtexit2.o ABSOLUTE
    ../clib/angel/kernel.s                   0x00000000   Number         0  __rtentry2.o ABSOLUTE
    ../clib/angel/kernel.s                   0x00000000   Number         0  __rtentry4.o ABSOLUTE
    ../clib/angel/kernel.s                   0x00000000   Number         0  __rtentry.o ABSOLUTE
    ../clib/angel/rt.s                       0x00000000   Number         0  rt_raise.o ABSOLUTE
    ../clib/angel/scatter.s                  0x00000000   Number         0  __scatter.o ABSOLUTE
    ../clib/angel/startup.s                  0x00000000   Number         0  __main.o ABSOLUTE
    ../clib/angel/sys.s                      0x00000000   Number         0  indicate_semi.o ABSOLUTE
    ../clib/angel/sys.s                      0x00000000   Number         0  use_no_semi.o ABSOLUTE
    ../clib/angel/sys.s                      0x00000000   Number         0  sys_stackheap_outer.o ABSOLUTE
    ../clib/angel/sys.s                      0x00000000   Number         0  libspace.o ABSOLUTE
    ../clib/angel/sysapp.c                   0x00000000   Number         0  sys_wrch.o ABSOLUTE
    ../clib/angel/sysapp.c                   0x00000000   Number         0  sys_command.o ABSOLUTE
    ../clib/angel/sysapp.c                   0x00000000   Number         0  sys_exit.o ABSOLUTE
    ../clib/armsys.c                         0x00000000   Number         0  argv_veneer.o ABSOLUTE
    ../clib/armsys.c                         0x00000000   Number         0  argv_veneer.o ABSOLUTE
    ../clib/armsys.c                         0x00000000   Number         0  no_argv.o ABSOLUTE
    ../clib/armsys.c                         0x00000000   Number         0  _get_argv_nomalloc.o ABSOLUTE
    ../clib/heapalloc.c                      0x00000000   Number         0  hrguard.o ABSOLUTE
    ../clib/heapaux.c                        0x00000000   Number         0  heapauxi.o ABSOLUTE
    ../clib/libinit.s                        0x00000000   Number         0  libshutdown2.o ABSOLUTE
    ../clib/libinit.s                        0x00000000   Number         0  libshutdown.o ABSOLUTE
    ../clib/libinit.s                        0x00000000   Number         0  libinit2.o ABSOLUTE
    ../clib/libinit.s                        0x00000000   Number         0  libinit.o ABSOLUTE
    ../clib/signal.c                         0x00000000   Number         0  defsig_rtred_inner.o ABSOLUTE
    ../clib/signal.c                         0x00000000   Number         0  defsig_stak_inner.o ABSOLUTE
    ../clib/signal.c                         0x00000000   Number         0  defsig_cppl_inner.o ABSOLUTE
    ../clib/signal.c                         0x00000000   Number         0  defsig_abrt_inner.o ABSOLUTE
    ../clib/signal.c                         0x00000000   Number         0  defsig_general.o ABSOLUTE
    ../clib/signal.c                         0x00000000   Number         0  __raise.o ABSOLUTE
    ../clib/signal.c                         0x00000000   Number         0  defsig_exit.o ABSOLUTE
    ../clib/signal.c                         0x00000000   Number         0  defsig_rtmem_inner.o ABSOLUTE
    ../clib/signal.c                         0x00000000   Number         0  defsig_fpe_inner.o ABSOLUTE
    ../clib/signal.c                         0x00000000   Number         0  defsig_other.o ABSOLUTE
    ../clib/signal.c                         0x00000000   Number         0  defsig_rtmem_formal.o ABSOLUTE
    ../clib/signal.c                         0x00000000   Number         0  defsig_segv_inner.o ABSOLUTE
    ../clib/signal.c                         0x00000000   Number         0  defsig_rtmem_outer.o ABSOLUTE
    ../clib/signal.c                         0x00000000   Number         0  defsig_pvfn_inner.o ABSOLUTE
    ../clib/signal.s                         0x00000000   Number         0  defsig.o ABSOLUTE
    ../clib/stdlib.c                         0x00000000   Number         0  exit.o ABSOLUTE
    ../fplib/faddsub.s                       0x00000000   Number         0  faddsub_clz.o ABSOLUTE
    ../fplib/fdiv.s                          0x00000000   Number         0  fdiv.o ABSOLUTE
    ../fplib/ffix.s                          0x00000000   Number         0  ffix.o ABSOLUTE
    ../fplib/fflt.s                          0x00000000   Number         0  fflt_clz.o ABSOLUTE
    ../fplib/fmul.s                          0x00000000   Number         0  fmul.o ABSOLUTE
    ../fplib/fnaninf.s                       0x00000000   Number         0  fnaninf.o ABSOLUTE
    ../fplib/fpinit.s                        0x00000000   Number         0  fpinit.o ABSOLUTE
    ../fplib/fretinf.s                       0x00000000   Number         0  fretinf.o ABSOLUTE
    ../fplib/usenofp.s                       0x00000000   Number         0  usenofp.o ABSOLUTE
    CMSIS\\src\\core_cm3.c                   0x00000000   Number         0  core_cm3.o ABSOLUTE
    CMSIS\src\core_cm3.c                     0x00000000   Number         0  core_cm3.o ABSOLUTE
    CMSIS\src\system_stm32f10x.c             0x00000000   Number         0  system_stm32f10x.o ABSOLUTE
    Code\src\adc.c                           0x00000000   Number         0  adc.o ABSOLUTE
    Code\src\delay_tim1.c                    0x00000000   Number         0  delay_tim1.o ABSOLUTE
    Code\src\hw_config.c                     0x00000000   Number         0  hw_config.o ABSOLUTE
    Code\src\led.c                           0x00000000   Number         0  led.o ABSOLUTE
    Code\src\main.c                          0x00000000   Number         0  main.o ABSOLUTE
    Code\src\stm32_it.c                      0x00000000   Number         0  stm32_it.o ABSOLUTE
    Code\src\timer.c                         0x00000000   Number         0  timer.o ABSOLUTE
    Code\src\usart.c                         0x00000000   Number         0  usart.o ABSOLUTE
    Code\src\usb_desc.c                      0x00000000   Number         0  usb_desc.o ABSOLUTE
    Code\src\usb_endp.c                      0x00000000   Number         0  usb_endp.o ABSOLUTE
    Code\src\usb_istr.c                      0x00000000   Number         0  usb_istr.o ABSOLUTE
    Code\src\usb_prop.c                      0x00000000   Number         0  usb_prop.o ABSOLUTE
    Code\src\usb_pwr.c                       0x00000000   Number         0  usb_pwr.o ABSOLUTE
    Startup\startup_stm32f10x_md.s           0x00000000   Number         0  startup_stm32f10x_md.o ABSOLUTE
    USB\src\usb_core.c                       0x00000000   Number         0  usb_core.o ABSOLUTE
    USB\src\usb_init.c                       0x00000000   Number         0  usb_init.o ABSOLUTE
    USB\src\usb_int.c                        0x00000000   Number         0  usb_int.o ABSOLUTE
    USB\src\usb_mem.c                        0x00000000   Number         0  usb_mem.o ABSOLUTE
    USB\src\usb_regs.c                       0x00000000   Number         0  usb_regs.o ABSOLUTE
    USB\src\usb_sil.c                        0x00000000   Number         0  usb_sil.o ABSOLUTE
    dc.s                                     0x00000000   Number         0  dc.o ABSOLUTE
    RESET                                    0x08000000   Section      236  startup_stm32f10x_md.o(RESET)
    !!!main                                  0x080000ec   Section        8  __main.o(!!!main)
    !!!scatter                               0x080000f4   Section       52  __scatter.o(!!!scatter)
    !!dczerorl2                              0x08000128   Section       90  __dczerorl2.o(!!dczerorl2)
    !!handler_zi                             0x08000184   Section       28  __scatter_zi.o(!!handler_zi)
    .ARM.Collect$$libinit$$00000000          0x080001a0   Section        2  libinit.o(.ARM.Collect$$libinit$$00000000)
    .ARM.Collect$$libinit$$00000002          0x080001a2   Section        0  libinit2.o(.ARM.Collect$$libinit$$00000002)
    .ARM.Collect$$libinit$$00000004          0x080001a2   Section        0  libinit2.o(.ARM.Collect$$libinit$$00000004)
    .ARM.Collect$$libinit$$0000000A          0x080001a2   Section        0  libinit2.o(.ARM.Collect$$libinit$$0000000A)
    .ARM.Collect$$libinit$$0000000C          0x080001a2   Section        0  libinit2.o(.ARM.Collect$$libinit$$0000000C)
    .ARM.Collect$$libinit$$0000000E          0x080001a2   Section        0  libinit2.o(.ARM.Collect$$libinit$$0000000E)
    .ARM.Collect$$libinit$$00000011          0x080001a2   Section        0  libinit2.o(.ARM.Collect$$libinit$$00000011)
    .ARM.Collect$$libinit$$00000013          0x080001a2   Section        0  libinit2.o(.ARM.Collect$$libinit$$00000013)
    .ARM.Collect$$libinit$$00000015          0x080001a2   Section        0  libinit2.o(.ARM.Collect$$libinit$$00000015)
    .ARM.Collect$$libinit$$00000017          0x080001a2   Section        0  libinit2.o(.ARM.Collect$$libinit$$00000017)
    .ARM.Collect$$libinit$$00000019          0x080001a2   Section        0  libinit2.o(.ARM.Collect$$libinit$$00000019)
    .ARM.Collect$$libinit$$0000001B          0x080001a2   Section        0  libinit2.o(.ARM.Collect$$libinit$$0000001B)
    .ARM.Collect$$libinit$$0000001D          0x080001a2   Section        0  libinit2.o(.ARM.Collect$$libinit$$0000001D)
    .ARM.Collect$$libinit$$0000001F          0x080001a2   Section        0  libinit2.o(.ARM.Collect$$libinit$$0000001F)
    .ARM.Collect$$libinit$$00000021          0x080001a2   Section        0  libinit2.o(.ARM.Collect$$libinit$$00000021)
    .ARM.Collect$$libinit$$00000023          0x080001a2   Section        0  libinit2.o(.ARM.Collect$$libinit$$00000023)
    .ARM.Collect$$libinit$$00000025          0x080001a2   Section        0  libinit2.o(.ARM.Collect$$libinit$$00000025)
    .ARM.Collect$$libinit$$0000002C          0x080001a2   Section        0  libinit2.o(.ARM.Collect$$libinit$$0000002C)
    .ARM.Collect$$libinit$$0000002E          0x080001a2   Section        0  libinit2.o(.ARM.Collect$$libinit$$0000002E)
    .ARM.Collect$$libinit$$00000030          0x080001a2   Section        0  libinit2.o(.ARM.Collect$$libinit$$00000030)
    .ARM.Collect$$libinit$$00000032          0x080001a2   Section        0  libinit2.o(.ARM.Collect$$libinit$$00000032)
    .ARM.Collect$$libinit$$00000033          0x080001a2   Section        2  libinit2.o(.ARM.Collect$$libinit$$00000033)
    .ARM.Collect$$libshutdown$$00000000      0x080001a4   Section        2  libshutdown.o(.ARM.Collect$$libshutdown$$00000000)
    .ARM.Collect$$libshutdown$$00000002      0x080001a6   Section        0  libshutdown2.o(.ARM.Collect$$libshutdown$$00000002)
    .ARM.Collect$$libshutdown$$00000004      0x080001a6   Section        0  libshutdown2.o(.ARM.Collect$$libshutdown$$00000004)
    .ARM.Collect$$libshutdown$$00000007      0x080001a6   Section        0  libshutdown2.o(.ARM.Collect$$libshutdown$$00000007)
    .ARM.Collect$$libshutdown$$0000000A      0x080001a6   Section        0  libshutdown2.o(.ARM.Collect$$libshutdown$$0000000A)
    .ARM.Collect$$libshutdown$$0000000C      0x080001a6   Section        0  libshutdown2.o(.ARM.Collect$$libshutdown$$0000000C)
    .ARM.Collect$$libshutdown$$0000000F      0x080001a6   Section        0  libshutdown2.o(.ARM.Collect$$libshutdown$$0000000F)
    .ARM.Collect$$libshutdown$$00000010      0x080001a6   Section        2  libshutdown2.o(.ARM.Collect$$libshutdown$$00000010)
    .ARM.Collect$$rtentry$$00000000          0x080001a8   Section        0  __rtentry.o(.ARM.Collect$$rtentry$$00000000)
    .ARM.Collect$$rtentry$$00000002          0x080001a8   Section        0  __rtentry2.o(.ARM.Collect$$rtentry$$00000002)
    .ARM.Collect$$rtentry$$00000004          0x080001a8   Section        6  __rtentry4.o(.ARM.Collect$$rtentry$$00000004)
    .ARM.Collect$$rtentry$$00000009          0x080001ae   Section        0  __rtentry2.o(.ARM.Collect$$rtentry$$00000009)
    .ARM.Collect$$rtentry$$0000000A          0x080001ae   Section        4  __rtentry2.o(.ARM.Collect$$rtentry$$0000000A)
    .ARM.Collect$$rtentry$$0000000C          0x080001b2   Section        0  __rtentry2.o(.ARM.Collect$$rtentry$$0000000C)
    .ARM.Collect$$rtentry$$0000000D          0x080001b2   Section        8  __rtentry2.o(.ARM.Collect$$rtentry$$0000000D)
    .ARM.Collect$$rtexit$$00000000           0x080001ba   Section        2  rtexit.o(.ARM.Collect$$rtexit$$00000000)
    .ARM.Collect$$rtexit$$00000002           0x080001bc   Section        0  rtexit2.o(.ARM.Collect$$rtexit$$00000002)
    .ARM.Collect$$rtexit$$00000003           0x080001bc   Section        4  rtexit2.o(.ARM.Collect$$rtexit$$00000003)
    .ARM.Collect$$rtexit$$00000004           0x080001c0   Section        6  rtexit2.o(.ARM.Collect$$rtexit$$00000004)
    .text                                    0x080001c8   Section       64  startup_stm32f10x_md.o(.text)
    .text                                    0x08000208   Section        0  heapauxi.o(.text)
    .text                                    0x0800020e   Section       74  sys_stackheap_outer.o(.text)
    .text                                    0x08000258   Section        0  exit.o(.text)
    .text                                    0x0800026c   Section        8  libspace.o(.text)
    .text                                    0x08000274   Section        0  sys_exit.o(.text)
    .text                                    0x08000280   Section        2  use_no_semi.o(.text)
    .text                                    0x08000282   Section        0  indicate_semi.o(.text)
    i.BusFault_Handler                       0x08000282   Section        0  stm32_it.o(i.BusFault_Handler)
    i.ByteSwap                               0x08000286   Section        0  usb_regs.o(i.ByteSwap)
    i.CTR_LP                                 0x08000294   Section        0  usb_int.o(i.CTR_LP)
    i.ClearDTOG_RX                           0x0800051c   Section        0  usb_regs.o(i.ClearDTOG_RX)
    i.ClearDTOG_TX                           0x08000550   Section        0  usb_regs.o(i.ClearDTOG_TX)
    i.Clear_Status_Out                       0x08000584   Section        0  usb_regs.o(i.Clear_Status_Out)
    i.DataStageIn                            0x080005ac   Section        0  usb_core.o(i.DataStageIn)
    DataStageIn                              0x080005ad   Thumb Code   166  usb_core.o(i.DataStageIn)
    i.DataStageOut                           0x0800066c   Section        0  usb_core.o(i.DataStageOut)
    DataStageOut                             0x0800066d   Thumb Code   198  usb_core.o(i.DataStageOut)
    i.Data_Setup0                            0x0800074c   Section        0  usb_core.o(i.Data_Setup0)
    Data_Setup0                              0x0800074d   Thumb Code   628  usb_core.o(i.Data_Setup0)
    i.DebugMon_Handler                       0x080009e4   Section        0  stm32_it.o(i.DebugMon_Handler)
    i.EP1_IN_Callback                        0x080009e8   Section        0  usb_endp.o(i.EP1_IN_Callback)
    i.GetEPRxAddr                            0x080009f4   Section        0  usb_regs.o(i.GetEPRxAddr)
    i.GetEPTxAddr                            0x08000a14   Section        0  usb_regs.o(i.GetEPTxAddr)
    i.Get_SerialNum                          0x08000a34   Section        0  hw_config.o(i.Get_SerialNum)
    i.HardFault_Handler                      0x08000a68   Section        0  stm32_it.o(i.HardFault_Handler)
    i.In0_Process                            0x08000a6c   Section        0  usb_core.o(i.In0_Process)
    i.IntToUnicode                           0x08000adc   Section        0  hw_config.o(i.IntToUnicode)
    IntToUnicode                             0x08000add   Thumb Code    62  hw_config.o(i.IntToUnicode)
    i.MemManage_Handler                      0x08000b1a   Section        0  stm32_it.o(i.MemManage_Handler)
    i.NMI_Handler                            0x08000b1e   Section        0  stm32_it.o(i.NMI_Handler)
    i.NOP_Process                            0x08000b20   Section        0  usb_core.o(i.NOP_Process)
    i.NVIC_EnableIRQ                         0x08000b22   Section        0  timer.o(i.NVIC_EnableIRQ)
    NVIC_EnableIRQ                           0x08000b23   Thumb Code    22  timer.o(i.NVIC_EnableIRQ)
    i.NVIC_EnableIRQ                         0x08000b38   Section        0  usart.o(i.NVIC_EnableIRQ)
    NVIC_EnableIRQ                           0x08000b39   Thumb Code    22  usart.o(i.NVIC_EnableIRQ)
    i.NoData_Setup0                          0x08000b50   Section        0  usb_core.o(i.NoData_Setup0)
    NoData_Setup0                            0x08000b51   Thumb Code   296  usb_core.o(i.NoData_Setup0)
    i.Out0_Process                           0x08000c90   Section        0  usb_core.o(i.Out0_Process)
    i.PMAToUserBufferCopy                    0x08000ce0   Section        0  usb_mem.o(i.PMAToUserBufferCopy)
    i.PendSV_Handler                         0x08000d08   Section        0  stm32_it.o(i.PendSV_Handler)
    i.Post0_Process                          0x08000d0c   Section        0  usb_core.o(i.Post0_Process)
    i.PowerOn                                0x08000d54   Section        0  usb_pwr.o(i.PowerOn)
    i.Resume                                 0x08000da4   Section        0  usb_pwr.o(i.Resume)
    i.Resume_Init                            0x08000e74   Section        0  usb_pwr.o(i.Resume_Init)
    i.SVC_Handler                            0x08000e90   Section        0  stm32_it.o(i.SVC_Handler)
    i.SetBTABLE                              0x08000e94   Section        0  usb_regs.o(i.SetBTABLE)
    i.SetDeviceAddress                       0x08000ea4   Section        0  usb_core.o(i.SetDeviceAddress)
    i.SetEPRxAddr                            0x08000ef4   Section        0  usb_regs.o(i.SetEPRxAddr)
    i.SetEPRxCount                           0x08000f18   Section        0  usb_regs.o(i.SetEPRxCount)
    i.SetEPRxStatus                          0x08000f64   Section        0  usb_regs.o(i.SetEPRxStatus)
    i.SetEPRxValid                           0x08000fa4   Section        0  usb_regs.o(i.SetEPRxValid)
    i.SetEPTxAddr                            0x08000fd8   Section        0  usb_regs.o(i.SetEPTxAddr)
    i.SetEPTxCount                           0x08000ff8   Section        0  usb_regs.o(i.SetEPTxCount)
    i.SetEPTxStatus                          0x08001014   Section        0  usb_regs.o(i.SetEPTxStatus)
    i.SetEPTxValid                           0x08001054   Section        0  usb_regs.o(i.SetEPTxValid)
    i.SetEPType                              0x08001088   Section        0  usb_regs.o(i.SetEPType)
    i.SetISTR                                0x080010ac   Section        0  usb_regs.o(i.SetISTR)
    i.SetSysClock                            0x080010b8   Section        0  system_stm32f10x.o(i.SetSysClock)
    SetSysClock                              0x080010b9   Thumb Code     8  system_stm32f10x.o(i.SetSysClock)
    i.SetSysClockTo72                        0x080010c0   Section        0  system_stm32f10x.o(i.SetSysClockTo72)
    SetSysClockTo72                          0x080010c1   Thumb Code   218  system_stm32f10x.o(i.SetSysClockTo72)
    i.Set_System                             0x080011a4   Section        0  hw_config.o(i.Set_System)
    i.Set_USBClock                           0x08001200   Section        0  hw_config.o(i.Set_USBClock)
    i.Setup0_Process                         0x0800121c   Section        0  usb_core.o(i.Setup0_Process)
    i.Standard_ClearFeature                  0x080012d4   Section        0  usb_core.o(i.Standard_ClearFeature)
    i.Standard_GetConfiguration              0x08001440   Section        0  usb_core.o(i.Standard_GetConfiguration)
    i.Standard_GetDescriptorData             0x0800146c   Section        0  usb_core.o(i.Standard_GetDescriptorData)
    i.Standard_GetInterface                  0x08001490   Section        0  usb_core.o(i.Standard_GetInterface)
    i.Standard_GetStatus                     0x080014bc   Section        0  usb_core.o(i.Standard_GetStatus)
    i.Standard_SetConfiguration              0x080015bc   Section        0  usb_core.o(i.Standard_SetConfiguration)
    i.Standard_SetDeviceFeature              0x08001604   Section        0  usb_core.o(i.Standard_SetDeviceFeature)
    i.Standard_SetEndPointFeature            0x0800162c   Section        0  usb_core.o(i.Standard_SetEndPointFeature)
    i.Standard_SetInterface                  0x080016fc   Section        0  usb_core.o(i.Standard_SetInterface)
    i.Suspend                                0x08001768   Section        0  usb_pwr.o(i.Suspend)
    i.SysTick_Handler                        0x080017fc   Section        0  stm32_it.o(i.SysTick_Handler)
    i.SystemInit                             0x08001800   Section        0  system_stm32f10x.o(i.SystemInit)
    i.TIM2_IRQHandler                        0x08001860   Section        0  main.o(i.TIM2_IRQHandler)
    i.TouchPadState                          0x08001890   Section        0  hw_config.o(i.TouchPadState)
    i.TouchPad_Data_Setup                    0x080019d0   Section        0  usb_prop.o(i.TouchPad_Data_Setup)
    i.TouchPad_GetConfigDescriptor           0x08001a4c   Section        0  usb_prop.o(i.TouchPad_GetConfigDescriptor)
    i.TouchPad_GetDeviceDescriptor           0x08001a60   Section        0  usb_prop.o(i.TouchPad_GetDeviceDescriptor)
    i.TouchPad_GetHIDDescriptor              0x08001a74   Section        0  usb_prop.o(i.TouchPad_GetHIDDescriptor)
    i.TouchPad_GetProtocolValue              0x08001a88   Section        0  usb_prop.o(i.TouchPad_GetProtocolValue)
    i.TouchPad_GetReportDescriptor           0x08001aa4   Section        0  usb_prop.o(i.TouchPad_GetReportDescriptor)
    i.TouchPad_GetStringDescriptor           0x08001ab8   Section        0  usb_prop.o(i.TouchPad_GetStringDescriptor)
    i.TouchPad_Get_Interface_Setting         0x08001ae0   Section        0  usb_prop.o(i.TouchPad_Get_Interface_Setting)
    i.TouchPad_NoData_Setup                  0x08001af8   Section        0  usb_prop.o(i.TouchPad_NoData_Setup)
    i.TouchPad_Reset                         0x08001b1c   Section        0  usb_prop.o(i.TouchPad_Reset)
    i.TouchPad_SetConfiguration              0x08001bc0   Section        0  usb_prop.o(i.TouchPad_SetConfiguration)
    i.TouchPad_SetDeviceAddress              0x08001bd8   Section        0  usb_prop.o(i.TouchPad_SetDeviceAddress)
    i.TouchPad_SetProtocol                   0x08001be4   Section        0  usb_prop.o(i.TouchPad_SetProtocol)
    i.TouchPad_Status_In                     0x08001bfc   Section        0  usb_prop.o(i.TouchPad_Status_In)
    i.TouchPad_Status_Out                    0x08001bfe   Section        0  usb_prop.o(i.TouchPad_Status_Out)
    i.TouchPad_init                          0x08001c00   Section        0  usb_prop.o(i.TouchPad_init)
    i.USBWakeUp_IRQHandler                   0x08001c28   Section        0  stm32_it.o(i.USBWakeUp_IRQHandler)
    i.USB_Cable_Config                       0x08001c38   Section        0  hw_config.o(i.USB_Cable_Config)
    i.USB_Init                               0x08001c54   Section        0  usb_init.o(i.USB_Init)
    i.USB_Interrupts_Config                  0x08001c90   Section        0  hw_config.o(i.USB_Interrupts_Config)
    i.USB_Istr                               0x08001cd0   Section        0  usb_istr.o(i.USB_Istr)
    i.USB_LP_CAN1_RX0_IRQHandler             0x08001e9c   Section        0  stm32_it.o(i.USB_LP_CAN1_RX0_IRQHandler)
    i.USB_SIL_Init                           0x08001ea4   Section        0  usb_sil.o(i.USB_SIL_Init)
    i.USB_SIL_Write                          0x08001ec8   Section        0  usb_sil.o(i.USB_SIL_Write)
    i.UsageFault_Handler                     0x08001ef6   Section        0  stm32_it.o(i.UsageFault_Handler)
    i.UserToPMABufferCopy                    0x08001efc   Section        0  usb_mem.o(i.UserToPMABufferCopy)
    i.adc1_init_dma                          0x08001f34   Section        0  adc.o(i.adc1_init_dma)
    i.convert                                0x08002068   Section        0  hw_config.o(i.convert)
    i.delay_tim1_init                        0x080020b0   Section        0  delay_tim1.o(i.delay_tim1_init)
    i.led_init                               0x080020d8   Section        0  led.o(i.led_init)
    i.main                                   0x08002104   Section        0  main.o(i.main)
    i.print_value_ADC                        0x08002144   Section        0  adc.o(i.print_value_ADC)
    i.rcc_init                               0x08002150   Section        0  main.o(i.rcc_init)
    i.timer2_init                            0x0800220c   Section        0  timer.o(i.timer2_init)
    i.touchpad_init                          0x0800224c   Section        0  adc.o(i.touchpad_init)
    i.usart1_init                            0x080022dc   Section        0  usart.o(i.usart1_init)
    x$fpl$fadd                               0x08002398   Section      196  faddsub_clz.o(x$fpl$fadd)
    _fadd1                                   0x080023a7   Thumb Code     0  faddsub_clz.o(x$fpl$fadd)
    x$fpl$fdiv                               0x0800245c   Section      388  fdiv.o(x$fpl$fdiv)
    _fdiv1                                   0x0800245d   Thumb Code     0  fdiv.o(x$fpl$fdiv)
    x$fpl$ffix                               0x080025e0   Section       54  ffix.o(x$fpl$ffix)
    x$fpl$ffltu                              0x08002618   Section       38  fflt_clz.o(x$fpl$ffltu)
    x$fpl$fmul                               0x08002640   Section      258  fmul.o(x$fpl$fmul)
    x$fpl$fnaninf                            0x08002742   Section      140  fnaninf.o(x$fpl$fnaninf)
    x$fpl$fretinf                            0x080027ce   Section       10  fretinf.o(x$fpl$fretinf)
    x$fpl$fsub                               0x080027d8   Section      234  faddsub_clz.o(x$fpl$fsub)
    _fsub1                                   0x080027e7   Thumb Code     0  faddsub_clz.o(x$fpl$fsub)
    .constdata                               0x080028c2   Section      198  usb_desc.o(.constdata)
    x$fpl$usenofp                            0x080028c2   Section        0  usenofp.o(x$fpl$usenofp)
    .data                                    0x20000000   Section        1  main.o(.data)
    .data                                    0x20000004   Section       10  hw_config.o(.data)
    .data                                    0x2000000e   Section       26  usb_desc.o(.data)
    .data                                    0x20000028   Section       68  usb_istr.o(.data)
    .data                                    0x2000006c   Section      156  usb_prop.o(.data)
    .data                                    0x20000108   Section       12  usb_pwr.o(.data)
    .data                                    0x20000114   Section        2  adc.o(.data)
    .data                                    0x20000118   Section        8  delay_tim1.o(.data)
    .data                                    0x20000120   Section        9  usb_core.o(.data)
    .data                                    0x2000012c   Section       20  usb_init.o(.data)
    .data                                    0x20000140   Section        4  usb_int.o(.data)
    .bss                                     0x20000144   Section       32  usb_pwr.o(.bss)
    .bss                                     0x20000164   Section       28  usb_init.o(.bss)
    .bss                                     0x20000180   Section       96  libspace.o(.bss)
    HEAP                                     0x200001e0   Section      512  startup_stm32f10x_md.o(HEAP)
    Heap_Mem                                 0x200001e0   Data         512  startup_stm32f10x_md.o(HEAP)
    STACK                                    0x200003e0   Section     1024  startup_stm32f10x_md.o(STACK)
    Stack_Mem                                0x200003e0   Data        1024  startup_stm32f10x_md.o(STACK)
    __initial_sp                             0x200007e0   Data           0  startup_stm32f10x_md.o(STACK)

    Global Symbols

    Symbol Name                              Value     Ov Type        Size  Object(Section)

    BuildAttributes$$THM_ISAv4$P$D$K$B$S$PE$A:L22UL41UL21$X:L11$S22US41US21$IEEE1$IW$USESV6$~STKCKD$USESV7$~SHL$OSPACE$ROPI$EBA8$UX$STANDARDLIB$REQ8$PRES8$EABIv2 0x00000000   Number         0  anon$$obj.o ABSOLUTE
    __ARM_use_no_argv                        0x00000000   Number         0  main.o ABSOLUTE
    __ARM_exceptions_init                     - Undefined Weak Reference
    __alloca_initialize                       - Undefined Weak Reference
    __arm_preinit_                            - Undefined Weak Reference
    __cpp_initialize__aeabi_                  - Undefined Weak Reference
    __cxa_finalize                            - Undefined Weak Reference
    __rt_locale                               - Undefined Weak Reference
    __sigvec_lookup                           - Undefined Weak Reference
    _atexit_init                              - Undefined Weak Reference
    _call_atexit_fns                          - Undefined Weak Reference
    _clock_init                               - Undefined Weak Reference
    _fp_trap_init                             - Undefined Weak Reference
    _fp_trap_shutdown                         - Undefined Weak Reference
    _get_lc_collate                           - Undefined Weak Reference
    _get_lc_ctype                             - Undefined Weak Reference
    _get_lc_monetary                          - Undefined Weak Reference
    _get_lc_numeric                           - Undefined Weak Reference
    _get_lc_time                              - Undefined Weak Reference
    _getenv_init                              - Undefined Weak Reference
    _handle_redirection                       - Undefined Weak Reference
    _init_alloc                               - Undefined Weak Reference
    _init_user_alloc                          - Undefined Weak Reference
    _initio                                   - Undefined Weak Reference
    _rand_init                                - Undefined Weak Reference
    _signal_finish                            - Undefined Weak Reference
    _signal_init                              - Undefined Weak Reference
    _terminate_alloc                          - Undefined Weak Reference
    _terminate_user_alloc                     - Undefined Weak Reference
    _terminateio                              - Undefined Weak Reference
    __Vectors_Size                           0x000000ec   Number         0  startup_stm32f10x_md.o ABSOLUTE
    __Vectors                                0x08000000   Data           4  startup_stm32f10x_md.o(RESET)
    __Vectors_End                            0x080000ec   Data           0  startup_stm32f10x_md.o(RESET)
    __main                                   0x080000ed   Thumb Code     8  __main.o(!!!main)
    __scatterload                            0x080000f5   Thumb Code     0  __scatter.o(!!!scatter)
    __scatterload_rt2                        0x080000f5   Thumb Code    44  __scatter.o(!!!scatter)
    __scatterload_rt2_thumb_only             0x080000f5   Thumb Code     0  __scatter.o(!!!scatter)
    __scatterload_null                       0x08000103   Thumb Code     0  __scatter.o(!!!scatter)
    __decompress                             0x08000129   Thumb Code    90  __dczerorl2.o(!!dczerorl2)
    __decompress1                            0x08000129   Thumb Code     0  __dczerorl2.o(!!dczerorl2)
    __scatterload_zeroinit                   0x08000185   Thumb Code    28  __scatter_zi.o(!!handler_zi)
    __rt_lib_init                            0x080001a1   Thumb Code     0  libinit.o(.ARM.Collect$$libinit$$00000000)
    __rt_lib_init_alloca_1                   0x080001a3   Thumb Code     0  libinit2.o(.ARM.Collect$$libinit$$0000002E)
    __rt_lib_init_argv_1                     0x080001a3   Thumb Code     0  libinit2.o(.ARM.Collect$$libinit$$0000002C)
    __rt_lib_init_atexit_1                   0x080001a3   Thumb Code     0  libinit2.o(.ARM.Collect$$libinit$$0000001B)
    __rt_lib_init_clock_1                    0x080001a3   Thumb Code     0  libinit2.o(.ARM.Collect$$libinit$$00000021)
    __rt_lib_init_cpp_1                      0x080001a3   Thumb Code     0  libinit2.o(.ARM.Collect$$libinit$$00000032)
    __rt_lib_init_exceptions_1               0x080001a3   Thumb Code     0  libinit2.o(.ARM.Collect$$libinit$$00000030)
    __rt_lib_init_fp_1                       0x080001a3   Thumb Code     0  libinit2.o(.ARM.Collect$$libinit$$00000002)
    __rt_lib_init_fp_trap_1                  0x080001a3   Thumb Code     0  libinit2.o(.ARM.Collect$$libinit$$0000001F)
    __rt_lib_init_getenv_1                   0x080001a3   Thumb Code     0  libinit2.o(.ARM.Collect$$libinit$$00000023)
    __rt_lib_init_heap_1                     0x080001a3   Thumb Code     0  libinit2.o(.ARM.Collect$$libinit$$0000000A)
    __rt_lib_init_lc_collate_1               0x080001a3   Thumb Code     0  libinit2.o(.ARM.Collect$$libinit$$00000011)
    __rt_lib_init_lc_ctype_1                 0x080001a3   Thumb Code     0  libinit2.o(.ARM.Collect$$libinit$$00000013)
    __rt_lib_init_lc_monetary_1              0x080001a3   Thumb Code     0  libinit2.o(.ARM.Collect$$libinit$$00000015)
    __rt_lib_init_lc_numeric_1               0x080001a3   Thumb Code     0  libinit2.o(.ARM.Collect$$libinit$$00000017)
    __rt_lib_init_lc_time_1                  0x080001a3   Thumb Code     0  libinit2.o(.ARM.Collect$$libinit$$00000019)
    __rt_lib_init_preinit_1                  0x080001a3   Thumb Code     0  libinit2.o(.ARM.Collect$$libinit$$00000004)
    __rt_lib_init_rand_1                     0x080001a3   Thumb Code     0  libinit2.o(.ARM.Collect$$libinit$$0000000E)
    __rt_lib_init_return                     0x080001a3   Thumb Code     0  libinit2.o(.ARM.Collect$$libinit$$00000033)
    __rt_lib_init_signal_1                   0x080001a3   Thumb Code     0  libinit2.o(.ARM.Collect$$libinit$$0000001D)
    __rt_lib_init_stdio_1                    0x080001a3   Thumb Code     0  libinit2.o(.ARM.Collect$$libinit$$00000025)
    __rt_lib_init_user_alloc_1               0x080001a3   Thumb Code     0  libinit2.o(.ARM.Collect$$libinit$$0000000C)
    __rt_lib_shutdown                        0x080001a5   Thumb Code     0  libshutdown.o(.ARM.Collect$$libshutdown$$00000000)
    __rt_lib_shutdown_cpp_1                  0x080001a7   Thumb Code     0  libshutdown2.o(.ARM.Collect$$libshutdown$$00000002)
    __rt_lib_shutdown_fp_trap_1              0x080001a7   Thumb Code     0  libshutdown2.o(.ARM.Collect$$libshutdown$$00000007)
    __rt_lib_shutdown_heap_1                 0x080001a7   Thumb Code     0  libshutdown2.o(.ARM.Collect$$libshutdown$$0000000F)
    __rt_lib_shutdown_return                 0x080001a7   Thumb Code     0  libshutdown2.o(.ARM.Collect$$libshutdown$$00000010)
    __rt_lib_shutdown_signal_1               0x080001a7   Thumb Code     0  libshutdown2.o(.ARM.Collect$$libshutdown$$0000000A)
    __rt_lib_shutdown_stdio_1                0x080001a7   Thumb Code     0  libshutdown2.o(.ARM.Collect$$libshutdown$$00000004)
    __rt_lib_shutdown_user_alloc_1           0x080001a7   Thumb Code     0  libshutdown2.o(.ARM.Collect$$libshutdown$$0000000C)
    __rt_entry                               0x080001a9   Thumb Code     0  __rtentry.o(.ARM.Collect$$rtentry$$00000000)
    __rt_entry_presh_1                       0x080001a9   Thumb Code     0  __rtentry2.o(.ARM.Collect$$rtentry$$00000002)
    __rt_entry_sh                            0x080001a9   Thumb Code     0  __rtentry4.o(.ARM.Collect$$rtentry$$00000004)
    __rt_entry_li                            0x080001af   Thumb Code     0  __rtentry2.o(.ARM.Collect$$rtentry$$0000000A)
    __rt_entry_postsh_1                      0x080001af   Thumb Code     0  __rtentry2.o(.ARM.Collect$$rtentry$$00000009)
    __rt_entry_main                          0x080001b3   Thumb Code     0  __rtentry2.o(.ARM.Collect$$rtentry$$0000000D)
    __rt_entry_postli_1                      0x080001b3   Thumb Code     0  __rtentry2.o(.ARM.Collect$$rtentry$$0000000C)
    __rt_exit                                0x080001bb   Thumb Code     0  rtexit.o(.ARM.Collect$$rtexit$$00000000)
    __rt_exit_ls                             0x080001bd   Thumb Code     0  rtexit2.o(.ARM.Collect$$rtexit$$00000003)
    __rt_exit_prels_1                        0x080001bd   Thumb Code     0  rtexit2.o(.ARM.Collect$$rtexit$$00000002)
    __rt_exit_exit                           0x080001c1   Thumb Code     0  rtexit2.o(.ARM.Collect$$rtexit$$00000004)
    Reset_Handler                            0x080001c9   Thumb Code     8  startup_stm32f10x_md.o(.text)
    ADC1_2_IRQHandler                        0x080001e3   Thumb Code     0  startup_stm32f10x_md.o(.text)
    CAN1_RX1_IRQHandler                      0x080001e3   Thumb Code     0  startup_stm32f10x_md.o(.text)
    CAN1_SCE_IRQHandler                      0x080001e3   Thumb Code     0  startup_stm32f10x_md.o(.text)
    DMA1_Channel1_IRQHandler                 0x080001e3   Thumb Code     0  startup_stm32f10x_md.o(.text)
    DMA1_Channel2_IRQHandler                 0x080001e3   Thumb Code     0  startup_stm32f10x_md.o(.text)
    DMA1_Channel3_IRQHandler                 0x080001e3   Thumb Code     0  startup_stm32f10x_md.o(.text)
    DMA1_Channel4_IRQHandler                 0x080001e3   Thumb Code     0  startup_stm32f10x_md.o(.text)
    DMA1_Channel5_IRQHandler                 0x080001e3   Thumb Code     0  startup_stm32f10x_md.o(.text)
    DMA1_Channel6_IRQHandler                 0x080001e3   Thumb Code     0  startup_stm32f10x_md.o(.text)
    DMA1_Channel7_IRQHandler                 0x080001e3   Thumb Code     0  startup_stm32f10x_md.o(.text)
    EXTI0_IRQHandler                         0x080001e3   Thumb Code     0  startup_stm32f10x_md.o(.text)
    EXTI15_10_IRQHandler                     0x080001e3   Thumb Code     0  startup_stm32f10x_md.o(.text)
    EXTI1_IRQHandler                         0x080001e3   Thumb Code     0  startup_stm32f10x_md.o(.text)
    EXTI2_IRQHandler                         0x080001e3   Thumb Code     0  startup_stm32f10x_md.o(.text)
    EXTI3_IRQHandler                         0x080001e3   Thumb Code     0  startup_stm32f10x_md.o(.text)
    EXTI4_IRQHandler                         0x080001e3   Thumb Code     0  startup_stm32f10x_md.o(.text)
    EXTI9_5_IRQHandler                       0x080001e3   Thumb Code     0  startup_stm32f10x_md.o(.text)
    FLASH_IRQHandler                         0x080001e3   Thumb Code     0  startup_stm32f10x_md.o(.text)
    I2C1_ER_IRQHandler                       0x080001e3   Thumb Code     0  startup_stm32f10x_md.o(.text)
    I2C1_EV_IRQHandler                       0x080001e3   Thumb Code     0  startup_stm32f10x_md.o(.text)
    I2C2_ER_IRQHandler                       0x080001e3   Thumb Code     0  startup_stm32f10x_md.o(.text)
    I2C2_EV_IRQHandler                       0x080001e3   Thumb Code     0  startup_stm32f10x_md.o(.text)
    PVD_IRQHandler                           0x080001e3   Thumb Code     0  startup_stm32f10x_md.o(.text)
    RCC_IRQHandler                           0x080001e3   Thumb Code     0  startup_stm32f10x_md.o(.text)
    RTCAlarm_IRQHandler                      0x080001e3   Thumb Code     0  startup_stm32f10x_md.o(.text)
    RTC_IRQHandler                           0x080001e3   Thumb Code     0  startup_stm32f10x_md.o(.text)
    SPI1_IRQHandler                          0x080001e3   Thumb Code     0  startup_stm32f10x_md.o(.text)
    SPI2_IRQHandler                          0x080001e3   Thumb Code     0  startup_stm32f10x_md.o(.text)
    TAMPER_IRQHandler                        0x080001e3   Thumb Code     0  startup_stm32f10x_md.o(.text)
    TIM1_BRK_IRQHandler                      0x080001e3   Thumb Code     0  startup_stm32f10x_md.o(.text)
    TIM1_CC_IRQHandler                       0x080001e3   Thumb Code     0  startup_stm32f10x_md.o(.text)
    TIM1_TRG_COM_IRQHandler                  0x080001e3   Thumb Code     0  startup_stm32f10x_md.o(.text)
    TIM1_UP_IRQHandler                       0x080001e3   Thumb Code     0  startup_stm32f10x_md.o(.text)
    TIM3_IRQHandler                          0x080001e3   Thumb Code     0  startup_stm32f10x_md.o(.text)
    TIM4_IRQHandler                          0x080001e3   Thumb Code     0  startup_stm32f10x_md.o(.text)
    USART1_IRQHandler                        0x080001e3   Thumb Code     0  startup_stm32f10x_md.o(.text)
    USART2_IRQHandler                        0x080001e3   Thumb Code     0  startup_stm32f10x_md.o(.text)
    USART3_IRQHandler                        0x080001e3   Thumb Code     0  startup_stm32f10x_md.o(.text)
    USB_HP_CAN1_TX_IRQHandler                0x080001e3   Thumb Code     0  startup_stm32f10x_md.o(.text)
    WWDG_IRQHandler                          0x080001e3   Thumb Code     0  startup_stm32f10x_md.o(.text)
    __user_initial_stackheap                 0x080001e5   Thumb Code     0  startup_stm32f10x_md.o(.text)
    __use_two_region_memory                  0x08000209   Thumb Code     2  heapauxi.o(.text)
    __rt_heap_escrow$2region                 0x0800020b   Thumb Code     2  heapauxi.o(.text)
    __rt_heap_expand$2region                 0x0800020d   Thumb Code     2  heapauxi.o(.text)
    __user_setup_stackheap                   0x0800020f   Thumb Code    74  sys_stackheap_outer.o(.text)
    exit                                     0x08000259   Thumb Code    18  exit.o(.text)
    __user_libspace                          0x0800026d   Thumb Code     8  libspace.o(.text)
    __user_perproc_libspace                  0x0800026d   Thumb Code     0  libspace.o(.text)
    __user_perthread_libspace                0x0800026d   Thumb Code     0  libspace.o(.text)
    _sys_exit                                0x08000275   Thumb Code     8  sys_exit.o(.text)
    __I$use$semihosting                      0x08000281   Thumb Code     0  use_no_semi.o(.text)
    __use_no_semihosting_swi                 0x08000281   Thumb Code     2  use_no_semi.o(.text)
    BusFault_Handler                         0x08000283   Thumb Code     4  stm32_it.o(i.BusFault_Handler)
    __semihosting_library_function           0x08000283   Thumb Code     0  indicate_semi.o(.text)
    ByteSwap                                 0x08000287   Thumb Code    12  usb_regs.o(i.ByteSwap)
    CTR_LP                                   0x08000295   Thumb Code   616  usb_int.o(i.CTR_LP)
    ClearDTOG_RX                             0x0800051d   Thumb Code    48  usb_regs.o(i.ClearDTOG_RX)
    ClearDTOG_TX                             0x08000551   Thumb Code    48  usb_regs.o(i.ClearDTOG_TX)
    Clear_Status_Out                         0x08000585   Thumb Code    34  usb_regs.o(i.Clear_Status_Out)
    DebugMon_Handler                         0x080009e5   Thumb Code     2  stm32_it.o(i.DebugMon_Handler)
    EP1_IN_Callback                          0x080009e9   Thumb Code     8  usb_endp.o(i.EP1_IN_Callback)
    GetEPRxAddr                              0x080009f5   Thumb Code    24  usb_regs.o(i.GetEPRxAddr)
    GetEPTxAddr                              0x08000a15   Thumb Code    22  usb_regs.o(i.GetEPTxAddr)
    Get_SerialNum                            0x08000a35   Thumb Code    42  hw_config.o(i.Get_SerialNum)
    HardFault_Handler                        0x08000a69   Thumb Code     4  stm32_it.o(i.HardFault_Handler)
    In0_Process                              0x08000a6d   Thumb Code    98  usb_core.o(i.In0_Process)
    MemManage_Handler                        0x08000b1b   Thumb Code     4  stm32_it.o(i.MemManage_Handler)
    NMI_Handler                              0x08000b1f   Thumb Code     2  stm32_it.o(i.NMI_Handler)
    NOP_Process                              0x08000b21   Thumb Code     2  usb_core.o(i.NOP_Process)
    Out0_Process                             0x08000c91   Thumb Code    70  usb_core.o(i.Out0_Process)
    PMAToUserBufferCopy                      0x08000ce1   Thumb Code    34  usb_mem.o(i.PMAToUserBufferCopy)
    PendSV_Handler                           0x08000d09   Thumb Code     2  stm32_it.o(i.PendSV_Handler)
    Post0_Process                            0x08000d0d   Thumb Code    54  usb_core.o(i.Post0_Process)
    PowerOn                                  0x08000d55   Thumb Code    70  usb_pwr.o(i.PowerOn)
    Resume                                   0x08000da5   Thumb Code   194  usb_pwr.o(i.Resume)
    Resume_Init                              0x08000e75   Thumb Code    24  usb_pwr.o(i.Resume_Init)
    SVC_Handler                              0x08000e91   Thumb Code     2  stm32_it.o(i.SVC_Handler)
    SetBTABLE                                0x08000e95   Thumb Code    12  usb_regs.o(i.SetBTABLE)
    SetDeviceAddress                         0x08000ea5   Thumb Code    68  usb_core.o(i.SetDeviceAddress)
    SetEPRxAddr                              0x08000ef5   Thumb Code    26  usb_regs.o(i.SetEPRxAddr)
    SetEPRxCount                             0x08000f19   Thumb Code    68  usb_regs.o(i.SetEPRxCount)
    SetEPRxStatus                            0x08000f65   Thumb Code    60  usb_regs.o(i.SetEPRxStatus)
    SetEPRxValid                             0x08000fa5   Thumb Code    48  usb_regs.o(i.SetEPRxValid)
    SetEPTxAddr                              0x08000fd9   Thumb Code    24  usb_regs.o(i.SetEPTxAddr)
    SetEPTxCount                             0x08000ff9   Thumb Code    20  usb_regs.o(i.SetEPTxCount)
    SetEPTxStatus                            0x08001015   Thumb Code    60  usb_regs.o(i.SetEPTxStatus)
    SetEPTxValid                             0x08001055   Thumb Code    48  usb_regs.o(i.SetEPTxValid)
    SetEPType                                0x08001089   Thumb Code    32  usb_regs.o(i.SetEPType)
    SetISTR                                  0x080010ad   Thumb Code     6  usb_regs.o(i.SetISTR)
    Set_System                               0x080011a5   Thumb Code    80  hw_config.o(i.Set_System)
    Set_USBClock                             0x08001201   Thumb Code    24  hw_config.o(i.Set_USBClock)
    Setup0_Process                           0x0800121d   Thumb Code   170  usb_core.o(i.Setup0_Process)
    Standard_ClearFeature                    0x080012d5   Thumb Code   342  usb_core.o(i.Standard_ClearFeature)
    Standard_GetConfiguration                0x08001441   Thumb Code    34  usb_core.o(i.Standard_GetConfiguration)
    Standard_GetDescriptorData               0x0800146d   Thumb Code    32  usb_core.o(i.Standard_GetDescriptorData)
    Standard_GetInterface                    0x08001491   Thumb Code    34  usb_core.o(i.Standard_GetInterface)
    Standard_GetStatus                       0x080014bd   Thumb Code   238  usb_core.o(i.Standard_GetStatus)
    Standard_SetConfiguration                0x080015bd   Thumb Code    60  usb_core.o(i.Standard_SetConfiguration)
    Standard_SetDeviceFeature                0x08001605   Thumb Code    30  usb_core.o(i.Standard_SetDeviceFeature)
    Standard_SetEndPointFeature              0x0800162d   Thumb Code   192  usb_core.o(i.Standard_SetEndPointFeature)
    Standard_SetInterface                    0x080016fd   Thumb Code    96  usb_core.o(i.Standard_SetInterface)
    Suspend                                  0x08001769   Thumb Code   134  usb_pwr.o(i.Suspend)
    SysTick_Handler                          0x080017fd   Thumb Code     2  stm32_it.o(i.SysTick_Handler)
    SystemInit                               0x08001801   Thumb Code    78  system_stm32f10x.o(i.SystemInit)
    TIM2_IRQHandler                          0x08001861   Thumb Code    42  main.o(i.TIM2_IRQHandler)
    TouchPadState                            0x08001891   Thumb Code   278  hw_config.o(i.TouchPadState)
    TouchPad_Data_Setup                      0x080019d1   Thumb Code   108  usb_prop.o(i.TouchPad_Data_Setup)
    TouchPad_GetConfigDescriptor             0x08001a4d   Thumb Code    14  usb_prop.o(i.TouchPad_GetConfigDescriptor)
    TouchPad_GetDeviceDescriptor             0x08001a61   Thumb Code    14  usb_prop.o(i.TouchPad_GetDeviceDescriptor)
    TouchPad_GetHIDDescriptor                0x08001a75   Thumb Code    14  usb_prop.o(i.TouchPad_GetHIDDescriptor)
    TouchPad_GetProtocolValue                0x08001a89   Thumb Code    20  usb_prop.o(i.TouchPad_GetProtocolValue)
    TouchPad_GetReportDescriptor             0x08001aa5   Thumb Code    14  usb_prop.o(i.TouchPad_GetReportDescriptor)
    TouchPad_GetStringDescriptor             0x08001ab9   Thumb Code    32  usb_prop.o(i.TouchPad_GetStringDescriptor)
    TouchPad_Get_Interface_Setting           0x08001ae1   Thumb Code    22  usb_prop.o(i.TouchPad_Get_Interface_Setting)
    TouchPad_NoData_Setup                    0x08001af9   Thumb Code    32  usb_prop.o(i.TouchPad_NoData_Setup)
    TouchPad_Reset                           0x08001b1d   Thumb Code   148  usb_prop.o(i.TouchPad_Reset)
    TouchPad_SetConfiguration                0x08001bc1   Thumb Code    14  usb_prop.o(i.TouchPad_SetConfiguration)
    TouchPad_SetDeviceAddress                0x08001bd9   Thumb Code     8  usb_prop.o(i.TouchPad_SetDeviceAddress)
    TouchPad_SetProtocol                     0x08001be5   Thumb Code    14  usb_prop.o(i.TouchPad_SetProtocol)
    TouchPad_Status_In                       0x08001bfd   Thumb Code     2  usb_prop.o(i.TouchPad_Status_In)
    TouchPad_Status_Out                      0x08001bff   Thumb Code     2  usb_prop.o(i.TouchPad_Status_Out)
    TouchPad_init                            0x08001c01   Thumb Code    30  usb_prop.o(i.TouchPad_init)
    USBWakeUp_IRQHandler                     0x08001c29   Thumb Code    10  stm32_it.o(i.USBWakeUp_IRQHandler)
    USB_Cable_Config                         0x08001c39   Thumb Code    22  hw_config.o(i.USB_Cable_Config)
    USB_Init                                 0x08001c55   Thumb Code    36  usb_init.o(i.USB_Init)
    USB_Interrupts_Config                    0x08001c91   Thumb Code    56  hw_config.o(i.USB_Interrupts_Config)
    USB_Istr                                 0x08001cd1   Thumb Code   422  usb_istr.o(i.USB_Istr)
    USB_LP_CAN1_RX0_IRQHandler               0x08001e9d   Thumb Code     8  stm32_it.o(i.USB_LP_CAN1_RX0_IRQHandler)
    USB_SIL_Init                             0x08001ea5   Thumb Code    28  usb_sil.o(i.USB_SIL_Init)
    USB_SIL_Write                            0x08001ec9   Thumb Code    46  usb_sil.o(i.USB_SIL_Write)
    UsageFault_Handler                       0x08001ef7   Thumb Code     4  stm32_it.o(i.UsageFault_Handler)
    UserToPMABufferCopy                      0x08001efd   Thumb Code    52  usb_mem.o(i.UserToPMABufferCopy)
    adc1_init_dma                            0x08001f35   Thumb Code   288  adc.o(i.adc1_init_dma)
    convert                                  0x08002069   Thumb Code    72  hw_config.o(i.convert)
    delay_tim1_init                          0x080020b1   Thumb Code    28  delay_tim1.o(i.delay_tim1_init)
    led_init                                 0x080020d9   Thumb Code    36  led.o(i.led_init)
    main                                     0x08002105   Thumb Code    60  main.o(i.main)
    print_value_ADC                          0x08002145   Thumb Code     6  adc.o(i.print_value_ADC)
    rcc_init                                 0x08002151   Thumb Code   178  main.o(i.rcc_init)
    timer2_init                              0x0800220d   Thumb Code    58  timer.o(i.timer2_init)
    touchpad_init                            0x0800224d   Thumb Code   136  adc.o(i.touchpad_init)
    usart1_init                              0x080022dd   Thumb Code   174  usart.o(i.usart1_init)
    __aeabi_fadd                             0x08002399   Thumb Code     0  faddsub_clz.o(x$fpl$fadd)
    _fadd                                    0x08002399   Thumb Code   196  faddsub_clz.o(x$fpl$fadd)
    __aeabi_fdiv                             0x0800245d   Thumb Code     0  fdiv.o(x$fpl$fdiv)
    _fdiv                                    0x0800245d   Thumb Code   384  fdiv.o(x$fpl$fdiv)
    __aeabi_f2iz                             0x080025e1   Thumb Code     0  ffix.o(x$fpl$ffix)
    _ffix                                    0x080025e1   Thumb Code    54  ffix.o(x$fpl$ffix)
    __aeabi_ui2f                             0x08002619   Thumb Code     0  fflt_clz.o(x$fpl$ffltu)
    _ffltu                                   0x08002619   Thumb Code    38  fflt_clz.o(x$fpl$ffltu)
    __aeabi_fmul                             0x08002641   Thumb Code     0  fmul.o(x$fpl$fmul)
    _fmul                                    0x08002641   Thumb Code   258  fmul.o(x$fpl$fmul)
    __fpl_fnaninf                            0x08002743   Thumb Code   140  fnaninf.o(x$fpl$fnaninf)
    __fpl_fretinf                            0x080027cf   Thumb Code    10  fretinf.o(x$fpl$fretinf)
    __aeabi_fsub                             0x080027d9   Thumb Code     0  faddsub_clz.o(x$fpl$fsub)
    _fsub                                    0x080027d9   Thumb Code   234  faddsub_clz.o(x$fpl$fsub)
    TouchPad_DeviceDescriptor                0x080028c2   Data          18  usb_desc.o(.constdata)
    __I$use$fp                               0x080028c2   Number         0  usenofp.o(x$fpl$usenofp)
    TouchPad_ConfigDescriptor                0x080028d4   Data          34  usb_desc.o(.constdata)
    TouchPad_ReportDescriptor                0x080028f6   Data          74  usb_desc.o(.constdata)
    TouchPad_StringLangID                    0x08002940   Data           4  usb_desc.o(.constdata)
    TouchPad_StringVendor                    0x08002944   Data          38  usb_desc.o(.constdata)
    TouchPad_StringProduct                   0x0800296a   Data          30  usb_desc.o(.constdata)
    Region$$Table$$Base                      0x08002988   Number         0  anon$$obj.o(Region$$Table)
    Region$$Table$$Limit                     0x080029a8   Number         0  anon$$obj.o(Region$$Table)
    PrevXferComplete                         0x20000000   Data           1  main.o(.data)
    value_x                                  0x20000004   Data           4  hw_config.o(.data)
    value_y                                  0x20000008   Data           4  hw_config.o(.data)
    update                                   0x2000000c   Data           1  hw_config.o(.data)
    HSEStartUpStatus                         0x2000000d   Data           1  hw_config.o(.data)
    TouchPad_StringSerial                    0x2000000e   Data          26  usb_desc.o(.data)
    wIstr                                    0x20000028   Data           2  usb_istr.o(.data)
    bIntPackSOF                              0x2000002a   Data           1  usb_istr.o(.data)
    esof_counter                             0x2000002c   Data           4  usb_istr.o(.data)
    wCNTR                                    0x20000030   Data           4  usb_istr.o(.data)
    pEpInt_IN                                0x20000034   Data          28  usb_istr.o(.data)
    pEpInt_OUT                               0x20000050   Data          28  usb_istr.o(.data)
    ProtocolValue                            0x2000006c   Data           4  usb_prop.o(.data)
    Device_Table                             0x20000070   Data           2  usb_prop.o(.data)
    Device_Property                          0x20000074   Data          48  usb_prop.o(.data)
    User_Standard_Requests                   0x200000a4   Data          36  usb_prop.o(.data)
    Device_Descriptor                        0x200000c8   Data           8  usb_prop.o(.data)
    Config_Descriptor                        0x200000d0   Data           8  usb_prop.o(.data)
    TouchPad_Report_Descriptor               0x200000d8   Data           8  usb_prop.o(.data)
    Mouse_Hid_Descriptor                     0x200000e0   Data           8  usb_prop.o(.data)
    String_Descriptor                        0x200000e8   Data          32  usb_prop.o(.data)
    bDeviceState                             0x20000108   Data           4  usb_pwr.o(.data)
    fSuspendEnabled                          0x2000010c   Data           1  usb_pwr.o(.data)
    ResumeS                                  0x2000010d   Data           2  usb_pwr.o(.data)
    remotewakeupon                           0x20000110   Data           4  usb_pwr.o(.data)
    DataADC_DMA                              0x20000114   Data           2  adc.o(.data)
    prescaler_ms                             0x20000118   Data           4  delay_tim1.o(.data)
    prescaler_us                             0x2000011c   Data           4  delay_tim1.o(.data)
    StatusInfo                               0x20000120   Data           2  usb_core.o(.data)
    DevRemoteWakeup                          0x20000124   Data           4  usb_core.o(.data)
    Data_Mul_MaxPacketSize                   0x20000128   Data           1  usb_core.o(.data)
    EPindex                                  0x2000012c   Data           1  usb_init.o(.data)
    pInformation                             0x20000130   Data           4  usb_init.o(.data)
    pProperty                                0x20000134   Data           4  usb_init.o(.data)
    SaveState                                0x20000138   Data           2  usb_init.o(.data)
    wInterrupt_Mask                          0x2000013a   Data           2  usb_init.o(.data)
    pUser_Standard_Requests                  0x2000013c   Data           4  usb_init.o(.data)
    SaveRState                               0x20000140   Data           2  usb_int.o(.data)
    SaveTState                               0x20000142   Data           2  usb_int.o(.data)
    EP                                       0x20000144   Data          32  usb_pwr.o(.bss)
    Device_Info                              0x20000164   Data          28  usb_init.o(.bss)
    __libspace_start                         0x20000180   Data          96  libspace.o(.bss)
    __temporary_stack_top$libspace           0x200001e0   Data           0  libspace.o(.bss)



==============================================================================

Memory Map of the image

  Image Entry point : 0x080001c9

  Load Region LR_1 (Base: 0x08000000, Size: 0x00002aec, Max: 0xffffffff, ABSOLUTE, COMPRESSED[0x00002a24])

    Execution Region ER_RO (Exec base: 0x08000000, Load base: 0x08000000, Size: 0x000029a8, Max: 0xffffffff, ABSOLUTE)

    Exec Addr    Load Addr    Size         Type   Attr      Idx    E Section Name        Object

    0x08000000   0x08000000   0x000000ec   Data   RO          670    RESET               startup_stm32f10x_md.o
    0x080000ec   0x080000ec   0x00000008   Code   RO         1253  * !!!main             c_w.l(__main.o)
    0x080000f4   0x080000f4   0x00000034   Code   RO         1439    !!!scatter          c_w.l(__scatter.o)
    0x08000128   0x08000128   0x0000005a   Code   RO         1437    !!dczerorl2         c_w.l(__dczerorl2.o)
    0x08000182   0x08000182   0x00000002   PAD
    0x08000184   0x08000184   0x0000001c   Code   RO         1441    !!handler_zi        c_w.l(__scatter_zi.o)
    0x080001a0   0x080001a0   0x00000002   Code   RO         1307    .ARM.Collect$$libinit$$00000000  c_w.l(libinit.o)
    0x080001a2   0x080001a2   0x00000000   Code   RO         1314    .ARM.Collect$$libinit$$00000002  c_w.l(libinit2.o)
    0x080001a2   0x080001a2   0x00000000   Code   RO         1316    .ARM.Collect$$libinit$$00000004  c_w.l(libinit2.o)
    0x080001a2   0x080001a2   0x00000000   Code   RO         1319    .ARM.Collect$$libinit$$0000000A  c_w.l(libinit2.o)
    0x080001a2   0x080001a2   0x00000000   Code   RO         1321    .ARM.Collect$$libinit$$0000000C  c_w.l(libinit2.o)
    0x080001a2   0x080001a2   0x00000000   Code   RO         1323    .ARM.Collect$$libinit$$0000000E  c_w.l(libinit2.o)
    0x080001a2   0x080001a2   0x00000000   Code   RO         1326    .ARM.Collect$$libinit$$00000011  c_w.l(libinit2.o)
    0x080001a2   0x080001a2   0x00000000   Code   RO         1328    .ARM.Collect$$libinit$$00000013  c_w.l(libinit2.o)
    0x080001a2   0x080001a2   0x00000000   Code   RO         1330    .ARM.Collect$$libinit$$00000015  c_w.l(libinit2.o)
    0x080001a2   0x080001a2   0x00000000   Code   RO         1332    .ARM.Collect$$libinit$$00000017  c_w.l(libinit2.o)
    0x080001a2   0x080001a2   0x00000000   Code   RO         1334    .ARM.Collect$$libinit$$00000019  c_w.l(libinit2.o)
    0x080001a2   0x080001a2   0x00000000   Code   RO         1336    .ARM.Collect$$libinit$$0000001B  c_w.l(libinit2.o)
    0x080001a2   0x080001a2   0x00000000   Code   RO         1338    .ARM.Collect$$libinit$$0000001D  c_w.l(libinit2.o)
    0x080001a2   0x080001a2   0x00000000   Code   RO         1340    .ARM.Collect$$libinit$$0000001F  c_w.l(libinit2.o)
    0x080001a2   0x080001a2   0x00000000   Code   RO         1342    .ARM.Collect$$libinit$$00000021  c_w.l(libinit2.o)
    0x080001a2   0x080001a2   0x00000000   Code   RO         1344    .ARM.Collect$$libinit$$00000023  c_w.l(libinit2.o)
    0x080001a2   0x080001a2   0x00000000   Code   RO         1346    .ARM.Collect$$libinit$$00000025  c_w.l(libinit2.o)
    0x080001a2   0x080001a2   0x00000000   Code   RO         1350    .ARM.Collect$$libinit$$0000002C  c_w.l(libinit2.o)
    0x080001a2   0x080001a2   0x00000000   Code   RO         1352    .ARM.Collect$$libinit$$0000002E  c_w.l(libinit2.o)
    0x080001a2   0x080001a2   0x00000000   Code   RO         1354    .ARM.Collect$$libinit$$00000030  c_w.l(libinit2.o)
    0x080001a2   0x080001a2   0x00000000   Code   RO         1356    .ARM.Collect$$libinit$$00000032  c_w.l(libinit2.o)
    0x080001a2   0x080001a2   0x00000002   Code   RO         1357    .ARM.Collect$$libinit$$00000033  c_w.l(libinit2.o)
    0x080001a4   0x080001a4   0x00000002   Code   RO         1377    .ARM.Collect$$libshutdown$$00000000  c_w.l(libshutdown.o)
    0x080001a6   0x080001a6   0x00000000   Code   RO         1390    .ARM.Collect$$libshutdown$$00000002  c_w.l(libshutdown2.o)
    0x080001a6   0x080001a6   0x00000000   Code   RO         1392    .ARM.Collect$$libshutdown$$00000004  c_w.l(libshutdown2.o)
    0x080001a6   0x080001a6   0x00000000   Code   RO         1395    .ARM.Collect$$libshutdown$$00000007  c_w.l(libshutdown2.o)
    0x080001a6   0x080001a6   0x00000000   Code   RO         1398    .ARM.Collect$$libshutdown$$0000000A  c_w.l(libshutdown2.o)
    0x080001a6   0x080001a6   0x00000000   Code   RO         1400    .ARM.Collect$$libshutdown$$0000000C  c_w.l(libshutdown2.o)
    0x080001a6   0x080001a6   0x00000000   Code   RO         1403    .ARM.Collect$$libshutdown$$0000000F  c_w.l(libshutdown2.o)
    0x080001a6   0x080001a6   0x00000002   Code   RO         1404    .ARM.Collect$$libshutdown$$00000010  c_w.l(libshutdown2.o)
    0x080001a8   0x080001a8   0x00000000   Code   RO         1277    .ARM.Collect$$rtentry$$00000000  c_w.l(__rtentry.o)
    0x080001a8   0x080001a8   0x00000000   Code   RO         1284    .ARM.Collect$$rtentry$$00000002  c_w.l(__rtentry2.o)
    0x080001a8   0x080001a8   0x00000006   Code   RO         1296    .ARM.Collect$$rtentry$$00000004  c_w.l(__rtentry4.o)
    0x080001ae   0x080001ae   0x00000000   Code   RO         1286    .ARM.Collect$$rtentry$$00000009  c_w.l(__rtentry2.o)
    0x080001ae   0x080001ae   0x00000004   Code   RO         1287    .ARM.Collect$$rtentry$$0000000A  c_w.l(__rtentry2.o)
    0x080001b2   0x080001b2   0x00000000   Code   RO         1289    .ARM.Collect$$rtentry$$0000000C  c_w.l(__rtentry2.o)
    0x080001b2   0x080001b2   0x00000008   Code   RO         1290    .ARM.Collect$$rtentry$$0000000D  c_w.l(__rtentry2.o)
    0x080001ba   0x080001ba   0x00000002   Code   RO         1311    .ARM.Collect$$rtexit$$00000000  c_w.l(rtexit.o)
    0x080001bc   0x080001bc   0x00000000   Code   RO         1359    .ARM.Collect$$rtexit$$00000002  c_w.l(rtexit2.o)
    0x080001bc   0x080001bc   0x00000004   Code   RO         1360    .ARM.Collect$$rtexit$$00000003  c_w.l(rtexit2.o)
    0x080001c0   0x080001c0   0x00000006   Code   RO         1361    .ARM.Collect$$rtexit$$00000004  c_w.l(rtexit2.o)
    0x080001c6   0x080001c6   0x00000002   PAD
    0x080001c8   0x080001c8   0x00000040   Code   RO          671  * .text               startup_stm32f10x_md.o
    0x08000208   0x08000208   0x00000006   Code   RO         1251    .text               c_w.l(heapauxi.o)
    0x0800020e   0x0800020e   0x0000004a   Code   RO         1298    .text               c_w.l(sys_stackheap_outer.o)
    0x08000258   0x08000258   0x00000012   Code   RO         1300    .text               c_w.l(exit.o)
    0x0800026a   0x0800026a   0x00000002   PAD
    0x0800026c   0x0800026c   0x00000008   Code   RO         1308    .text               c_w.l(libspace.o)
    0x08000274   0x08000274   0x0000000c   Code   RO         1369    .text               c_w.l(sys_exit.o)
    0x08000280   0x08000280   0x00000002   Code   RO         1380    .text               c_w.l(use_no_semi.o)
    0x08000282   0x08000282   0x00000000   Code   RO         1382    .text               c_w.l(indicate_semi.o)
    0x08000282   0x08000282   0x00000004   Code   RO          197    i.BusFault_Handler  stm32_it.o
    0x08000286   0x08000286   0x0000000c   Code   RO          865    i.ByteSwap          usb_regs.o
    0x08000292   0x08000292   0x00000002   PAD
    0x08000294   0x08000294   0x00000288   Code   RO          818    i.CTR_LP            usb_int.o
    0x0800051c   0x0800051c   0x00000034   Code   RO          866    i.ClearDTOG_RX      usb_regs.o
    0x08000550   0x08000550   0x00000034   Code   RO          867    i.ClearDTOG_TX      usb_regs.o
    0x08000584   0x08000584   0x00000028   Code   RO          872    i.Clear_Status_Out  usb_regs.o
    0x080005ac   0x080005ac   0x000000c0   Code   RO          675    i.DataStageIn       usb_core.o
    0x0800066c   0x0800066c   0x000000e0   Code   RO          676    i.DataStageOut      usb_core.o
    0x0800074c   0x0800074c   0x00000298   Code   RO          677    i.Data_Setup0       usb_core.o
    0x080009e4   0x080009e4   0x00000002   Code   RO          198    i.DebugMon_Handler  stm32_it.o
    0x080009e6   0x080009e6   0x00000002   PAD
    0x080009e8   0x080009e8   0x0000000c   Code   RO          286    i.EP1_IN_Callback   usb_endp.o
    0x080009f4   0x080009f4   0x00000020   Code   RO          884    i.GetEPRxAddr       usb_regs.o
    0x08000a14   0x08000a14   0x00000020   Code   RO          887    i.GetEPTxAddr       usb_regs.o
    0x08000a34   0x08000a34   0x00000034   Code   RO          119    i.Get_SerialNum     hw_config.o
    0x08000a68   0x08000a68   0x00000004   Code   RO          199    i.HardFault_Handler  stm32_it.o
    0x08000a6c   0x08000a6c   0x00000070   Code   RO          678    i.In0_Process       usb_core.o
    0x08000adc   0x08000adc   0x0000003e   Code   RO          120    i.IntToUnicode      hw_config.o
    0x08000b1a   0x08000b1a   0x00000004   Code   RO          200    i.MemManage_Handler  stm32_it.o
    0x08000b1e   0x08000b1e   0x00000002   Code   RO          201    i.NMI_Handler       stm32_it.o
    0x08000b20   0x08000b20   0x00000002   Code   RO          679    i.NOP_Process       usb_core.o
    0x08000b22   0x08000b22   0x00000016   Code   RO          555    i.NVIC_EnableIRQ    timer.o
    0x08000b38   0x08000b38   0x00000016   Code   RO          584    i.NVIC_EnableIRQ    usart.o
    0x08000b4e   0x08000b4e   0x00000002   PAD
    0x08000b50   0x08000b50   0x00000140   Code   RO          680    i.NoData_Setup0     usb_core.o
    0x08000c90   0x08000c90   0x00000050   Code   RO          681    i.Out0_Process      usb_core.o
    0x08000ce0   0x08000ce0   0x00000028   Code   RO          847    i.PMAToUserBufferCopy  usb_mem.o
    0x08000d08   0x08000d08   0x00000002   Code   RO          202    i.PendSV_Handler    stm32_it.o
    0x08000d0a   0x08000d0a   0x00000002   PAD
    0x08000d0c   0x08000d0c   0x00000048   Code   RO          682    i.Post0_Process     usb_core.o
    0x08000d54   0x08000d54   0x00000050   Code   RO          431    i.PowerOn           usb_pwr.o
    0x08000da4   0x08000da4   0x000000d0   Code   RO          432    i.Resume            usb_pwr.o
    0x08000e74   0x08000e74   0x0000001c   Code   RO          433    i.Resume_Init       usb_pwr.o
    0x08000e90   0x08000e90   0x00000002   Code   RO          203    i.SVC_Handler       stm32_it.o
    0x08000e92   0x08000e92   0x00000002   PAD
    0x08000e94   0x08000e94   0x00000010   Code   RO          895    i.SetBTABLE         usb_regs.o
    0x08000ea4   0x08000ea4   0x00000050   Code   RO          683    i.SetDeviceAddress  usb_core.o
    0x08000ef4   0x08000ef4   0x00000024   Code   RO          909    i.SetEPRxAddr       usb_regs.o
    0x08000f18   0x08000f18   0x0000004c   Code   RO          910    i.SetEPRxCount      usb_regs.o
    0x08000f64   0x08000f64   0x00000040   Code   RO          911    i.SetEPRxStatus     usb_regs.o
    0x08000fa4   0x08000fa4   0x00000034   Code   RO          912    i.SetEPRxValid      usb_regs.o
    0x08000fd8   0x08000fd8   0x00000020   Code   RO          913    i.SetEPTxAddr       usb_regs.o
    0x08000ff8   0x08000ff8   0x0000001c   Code   RO          914    i.SetEPTxCount      usb_regs.o
    0x08001014   0x08001014   0x00000040   Code   RO          915    i.SetEPTxStatus     usb_regs.o
    0x08001054   0x08001054   0x00000034   Code   RO          916    i.SetEPTxValid      usb_regs.o
    0x08001088   0x08001088   0x00000024   Code   RO          917    i.SetEPType         usb_regs.o
    0x080010ac   0x080010ac   0x0000000c   Code   RO          919    i.SetISTR           usb_regs.o
    0x080010b8   0x080010b8   0x00000008   Code   RO          634    i.SetSysClock       system_stm32f10x.o
    0x080010c0   0x080010c0   0x000000e4   Code   RO          635    i.SetSysClockTo72   system_stm32f10x.o
    0x080011a4   0x080011a4   0x0000005c   Code   RO          122    i.Set_System        hw_config.o
    0x08001200   0x08001200   0x0000001c   Code   RO          123    i.Set_USBClock      hw_config.o
    0x0800121c   0x0800121c   0x000000b8   Code   RO          684    i.Setup0_Process    usb_core.o
    0x080012d4   0x080012d4   0x0000016c   Code   RO          685    i.Standard_ClearFeature  usb_core.o
    0x08001440   0x08001440   0x0000002c   Code   RO          686    i.Standard_GetConfiguration  usb_core.o
    0x0800146c   0x0800146c   0x00000024   Code   RO          687    i.Standard_GetDescriptorData  usb_core.o
    0x08001490   0x08001490   0x0000002c   Code   RO          688    i.Standard_GetInterface  usb_core.o
    0x080014bc   0x080014bc   0x00000100   Code   RO          689    i.Standard_GetStatus  usb_core.o
    0x080015bc   0x080015bc   0x00000048   Code   RO          690    i.Standard_SetConfiguration  usb_core.o
    0x08001604   0x08001604   0x00000028   Code   RO          691    i.Standard_SetDeviceFeature  usb_core.o
    0x0800162c   0x0800162c   0x000000d0   Code   RO          692    i.Standard_SetEndPointFeature  usb_core.o
    0x080016fc   0x080016fc   0x0000006c   Code   RO          693    i.Standard_SetInterface  usb_core.o
    0x08001768   0x08001768   0x00000094   Code   RO          434    i.Suspend           usb_pwr.o
    0x080017fc   0x080017fc   0x00000002   Code   RO          204    i.SysTick_Handler   stm32_it.o
    0x080017fe   0x080017fe   0x00000002   PAD
    0x08001800   0x08001800   0x00000060   Code   RO          637    i.SystemInit        system_stm32f10x.o
    0x08001860   0x08001860   0x00000030   Code   RO            1    i.TIM2_IRQHandler   main.o
    0x08001890   0x08001890   0x00000140   Code   RO          124    i.TouchPadState     hw_config.o
    0x080019d0   0x080019d0   0x0000007c   Code   RO          317    i.TouchPad_Data_Setup  usb_prop.o
    0x08001a4c   0x08001a4c   0x00000014   Code   RO          318    i.TouchPad_GetConfigDescriptor  usb_prop.o
    0x08001a60   0x08001a60   0x00000014   Code   RO          319    i.TouchPad_GetDeviceDescriptor  usb_prop.o
    0x08001a74   0x08001a74   0x00000014   Code   RO          320    i.TouchPad_GetHIDDescriptor  usb_prop.o
    0x08001a88   0x08001a88   0x0000001c   Code   RO          321    i.TouchPad_GetProtocolValue  usb_prop.o
    0x08001aa4   0x08001aa4   0x00000014   Code   RO          322    i.TouchPad_GetReportDescriptor  usb_prop.o
    0x08001ab8   0x08001ab8   0x00000028   Code   RO          323    i.TouchPad_GetStringDescriptor  usb_prop.o
    0x08001ae0   0x08001ae0   0x00000016   Code   RO          324    i.TouchPad_Get_Interface_Setting  usb_prop.o
    0x08001af6   0x08001af6   0x00000002   PAD
    0x08001af8   0x08001af8   0x00000024   Code   RO          325    i.TouchPad_NoData_Setup  usb_prop.o
    0x08001b1c   0x08001b1c   0x000000a4   Code   RO          326    i.TouchPad_Reset    usb_prop.o
    0x08001bc0   0x08001bc0   0x00000018   Code   RO          327    i.TouchPad_SetConfiguration  usb_prop.o
    0x08001bd8   0x08001bd8   0x0000000c   Code   RO          328    i.TouchPad_SetDeviceAddress  usb_prop.o
    0x08001be4   0x08001be4   0x00000018   Code   RO          329    i.TouchPad_SetProtocol  usb_prop.o
    0x08001bfc   0x08001bfc   0x00000002   Code   RO          330    i.TouchPad_Status_In  usb_prop.o
    0x08001bfe   0x08001bfe   0x00000002   Code   RO          331    i.TouchPad_Status_Out  usb_prop.o
    0x08001c00   0x08001c00   0x00000028   Code   RO          332    i.TouchPad_init     usb_prop.o
    0x08001c28   0x08001c28   0x00000010   Code   RO          205    i.USBWakeUp_IRQHandler  stm32_it.o
    0x08001c38   0x08001c38   0x0000001c   Code   RO          126    i.USB_Cable_Config  hw_config.o
    0x08001c54   0x08001c54   0x0000003c   Code   RO          794    i.USB_Init          usb_init.o
    0x08001c90   0x08001c90   0x00000040   Code   RO          127    i.USB_Interrupts_Config  hw_config.o
    0x08001cd0   0x08001cd0   0x000001cc   Code   RO          299    i.USB_Istr          usb_istr.o
    0x08001e9c   0x08001e9c   0x00000008   Code   RO          206    i.USB_LP_CAN1_RX0_IRQHandler  stm32_it.o
    0x08001ea4   0x08001ea4   0x00000024   Code   RO         1225    i.USB_SIL_Init      usb_sil.o
    0x08001ec8   0x08001ec8   0x0000002e   Code   RO         1227    i.USB_SIL_Write     usb_sil.o
    0x08001ef6   0x08001ef6   0x00000004   Code   RO          207    i.UsageFault_Handler  stm32_it.o
    0x08001efa   0x08001efa   0x00000002   PAD
    0x08001efc   0x08001efc   0x00000038   Code   RO          848    i.UserToPMABufferCopy  usb_mem.o
    0x08001f34   0x08001f34   0x00000134   Code   RO          474    i.adc1_init_dma     adc.o
    0x08002068   0x08002068   0x00000048   Code   RO          128    i.convert           hw_config.o
    0x080020b0   0x080020b0   0x00000028   Code   RO          517    i.delay_tim1_init   delay_tim1.o
    0x080020d8   0x080020d8   0x0000002c   Code   RO          543    i.led_init          led.o
    0x08002104   0x08002104   0x00000040   Code   RO            2    i.main              main.o
    0x08002144   0x08002144   0x0000000c   Code   RO          476    i.print_value_ADC   adc.o
    0x08002150   0x08002150   0x000000bc   Code   RO            3    i.rcc_init          main.o
    0x0800220c   0x0800220c   0x00000040   Code   RO          556    i.timer2_init       timer.o
    0x0800224c   0x0800224c   0x00000090   Code   RO          477    i.touchpad_init     adc.o
    0x080022dc   0x080022dc   0x000000bc   Code   RO          585    i.usart1_init       usart.o
    0x08002398   0x08002398   0x000000c4   Code   RO         1255    x$fpl$fadd          fz_ws.l(faddsub_clz.o)
    0x0800245c   0x0800245c   0x00000184   Code   RO         1262    x$fpl$fdiv          fz_ws.l(fdiv.o)
    0x080025e0   0x080025e0   0x00000036   Code   RO         1265    x$fpl$ffix          fz_ws.l(ffix.o)
    0x08002616   0x08002616   0x00000002   PAD
    0x08002618   0x08002618   0x00000026   Code   RO         1269    x$fpl$ffltu         fz_ws.l(fflt_clz.o)
    0x0800263e   0x0800263e   0x00000002   PAD
    0x08002640   0x08002640   0x00000102   Code   RO         1275    x$fpl$fmul          fz_ws.l(fmul.o)
    0x08002742   0x08002742   0x0000008c   Code   RO         1278    x$fpl$fnaninf       fz_ws.l(fnaninf.o)
    0x080027ce   0x080027ce   0x0000000a   Code   RO         1280    x$fpl$fretinf       fz_ws.l(fretinf.o)
    0x080027d8   0x080027d8   0x000000ea   Code   RO         1257    x$fpl$fsub          fz_ws.l(faddsub_clz.o)
    0x080028c2   0x080028c2   0x00000000   Code   RO         1282    x$fpl$usenofp       fz_ws.l(usenofp.o)
    0x080028c2   0x080028c2   0x000000c6   Data   RO          273    .constdata          usb_desc.o
    0x08002988   0x08002988   0x00000020   Data   RO         1435    Region$$Table       anon$$obj.o


    Execution Region ER_RW (Exec base: 0x20000000, Load base: 0x080029a8, Size: 0x00000144, Max: 0xffffffff, ABSOLUTE, COMPRESSED[0x0000007c])

    Exec Addr    Load Addr    Size         Type   Attr      Idx    E Section Name        Object

    0x20000000   COMPRESSED   0x00000001   Data   RW            4    .data               main.o
    0x20000001   COMPRESSED   0x00000003   PAD
    0x20000004   COMPRESSED   0x0000000a   Data   RW          130    .data               hw_config.o
    0x2000000e   COMPRESSED   0x0000001a   Data   RW          274    .data               usb_desc.o
    0x20000028   COMPRESSED   0x00000044   Data   RW          300    .data               usb_istr.o
    0x2000006c   COMPRESSED   0x0000009c   Data   RW          333    .data               usb_prop.o
    0x20000108   COMPRESSED   0x0000000c   Data   RW          436    .data               usb_pwr.o
    0x20000114   COMPRESSED   0x00000002   Data   RW          478    .data               adc.o
    0x20000116   COMPRESSED   0x00000002   PAD
    0x20000118   COMPRESSED   0x00000008   Data   RW          519    .data               delay_tim1.o
    0x20000120   COMPRESSED   0x00000009   Data   RW          694    .data               usb_core.o
    0x20000129   COMPRESSED   0x00000003   PAD
    0x2000012c   COMPRESSED   0x00000014   Data   RW          796    .data               usb_init.o
    0x20000140   COMPRESSED   0x00000004   Data   RW          819    .data               usb_int.o


    Execution Region ER_ZI (Exec base: 0x20000144, Load base: 0x08002a24, Size: 0x0000069c, Max: 0xffffffff, ABSOLUTE)

    Exec Addr    Load Addr    Size         Type   Attr      Idx    E Section Name        Object

    0x20000144        -       0x00000020   Zero   RW          435    .bss                usb_pwr.o
    0x20000164        -       0x0000001c   Zero   RW          795    .bss                usb_init.o
    0x20000180        -       0x00000060   Zero   RW         1309    .bss                c_w.l(libspace.o)
    0x200001e0        -       0x00000200   Zero   RW          669    HEAP                startup_stm32f10x_md.o
    0x200003e0        -       0x00000400   Zero   RW          668    STACK               startup_stm32f10x_md.o


==============================================================================

Image component sizes


      Code (inc. data)   RO Data    RW Data    ZI Data      Debug   Object Name

       464         34          0          2          0       1624   adc.o
         0          0          0          0          0         32   core_cm3.o
        40         12          0          8          0        702   delay_tim1.o
       718         82          0         10          0      20394   hw_config.o
        44          8          0          0          0        403   led.o
       300         20          0          1          0     211267   main.o
        64         26        236          0       1536        800   startup_stm32f10x_md.o
        50          6          0          0          0       4634   stm32_it.o
       332         28          0          0          0       1981   system_stm32f10x.o
        86          6          0          0          0        850   timer.o
       210         14          0          0          0      15945   usart.o
      3102        294          0          9          0      13727   usb_core.o
         0          0        198         26          0       1101   usb_desc.o
        12          4          0          0          0        418   usb_endp.o
        60         24          0         20         28       4058   usb_init.o
       648         32          0          4          0       1728   usb_int.o
       460         38          0         68          0       1607   usb_istr.o
        96         10          0          0          0       1740   usb_mem.o
       598        110          0        156          0      12160   usb_prop.o
       464         50          0         12         32       3612   usb_pwr.o
       688         96          0          0          0       9018   usb_regs.o
        82          8          0          0          0       1471   usb_sil.o

    ----------------------------------------------------------------------
      8534        902        466        324       1596     309272   Object Totals
         0          0         32          0          0          0   (incl. Generated)
        16          0          0          8          0          0   (incl. Padding)

    ----------------------------------------------------------------------

      Code (inc. data)   RO Data    RW Data    ZI Data      Debug   Library Member Name

        90          0          0          0          0          0   __dczerorl2.o
         8          0          0          0          0         68   __main.o
         0          0          0          0          0          0   __rtentry.o
        12          0          0          0          0          0   __rtentry2.o
         6          0          0          0          0          0   __rtentry4.o
        52          8          0          0          0          0   __scatter.o
        28          0          0          0          0          0   __scatter_zi.o
        18          0          0          0          0         80   exit.o
         6          0          0          0          0        152   heapauxi.o
         0          0          0          0          0          0   indicate_semi.o
         2          0          0          0          0          0   libinit.o
         2          0          0          0          0          0   libinit2.o
         2          0          0          0          0          0   libshutdown.o
         2          0          0          0          0          0   libshutdown2.o
         8          4          0          0         96         68   libspace.o
         2          0          0          0          0          0   rtexit.o
        10          0          0          0          0          0   rtexit2.o
        12          4          0          0          0         68   sys_exit.o
        74          0          0          0          0         80   sys_stackheap_outer.o
         2          0          0          0          0         68   use_no_semi.o
       430          8          0          0          0        168   faddsub_clz.o
       388         76          0          0          0         96   fdiv.o
        54          4          0          0          0         84   ffix.o
        38          0          0          0          0         68   fflt_clz.o
       258          4          0          0          0         84   fmul.o
       140          4          0          0          0         84   fnaninf.o
        10          0          0          0          0         68   fretinf.o
         0          0          0          0          0          0   usenofp.o

    ----------------------------------------------------------------------
      1664        112          0          0         96       1236   Library Totals
        10          0          0          0          0          0   (incl. Padding)

    ----------------------------------------------------------------------

      Code (inc. data)   RO Data    RW Data    ZI Data      Debug   Library Name

       336         16          0          0         96        584   c_w.l
      1318         96          0          0          0        652   fz_ws.l

    ----------------------------------------------------------------------
      1664        112          0          0         96       1236   Library Totals

    ----------------------------------------------------------------------

==============================================================================


      Code (inc. data)   RO Data    RW Data    ZI Data      Debug   

     10198       1014        466        324       1692     305096   Grand Totals
     10198       1014        466        124       1692     305096   ELF Image Totals (compressed)
     10198       1014        466        124          0          0   ROM Totals

==============================================================================

    Total RO  Size (Code + RO Data)                10664 (  10.41kB)
    Total RW  Size (RW Data + ZI Data)              2016 (   1.97kB)
    Total ROM Size (Code + RO Data + RW Data)      10788 (  10.54kB)

==============================================================================

